74.207.222.74 - - [27/Jan/2011:16:36:38 +0100] "GET /images/menubg.jpg HTTP/1.1" 200 557 "http://www.revision-zero.org/kernel_dot_spawn" "Mozilla/5.0 (Macintosh; U; Intel Mac OS X 10_6_6; en-US) AppleWebKit/534.13 (KHTML, like Gecko) Chrome/9.0.597.83 Safari/534.13"
74.207.222.74 - - [27/Jan/2011:16:36:38 +0100] "GET /images/valid-css.gif HTTP/1.1" 200 1547 "http://www.revision-zero.org/kernel_dot_spawn" "Mozilla/5.0 (Macintosh; U; Intel Mac OS X 10_6_6; en-US) AppleWebKit/534.13 (KHTML, like Gecko) Chrome/9.0.597.83 Safari/534.13"
74.207.222.74 - - [27/Jan/2011:16:36:38 +0100] "GET /images/valid-xhtml.png HTTP/1.1" 200 1882 "http://www.revision-zero.org/kernel_dot_spawn" "Mozilla/5.0 (Macintosh; U; Intel Mac OS X 10_6_6; en-US) AppleWebKit/534.13 (KHTML, like Gecko) Chrome/9.0.597.83 Safari/534.13"
74.207.222.74 - - [27/Jan/2011:16:36:38 +0100] "GET /favicon.ico HTTP/1.1" 404 36 "-" "Mozilla/5.0 (Macintosh; U; Intel Mac OS X 10_6_6; en-US) AppleWebKit/534.13 (KHTML, like Gecko) Chrome/9.0.597.83 Safari/534.13"
72.14.199.76 - - [27/Jan/2011:16:49:58 +0100] "GET /rss HTTP/1.1" 304 - "-" "Feedfetcher-Google; (+http://www.google.com/feedfetcher.html; 6 subscribers; feed-id=9468211748000248502)"
66.249.66.82 - - [27/Jan/2011:16:56:14 +0100] "GET /robots.txt HTTP/1.1" 404 36 "-" "Mozilla/5.0 (compatible; Googlebot/2.1; +http://www.google.com/bot.html)"
66.249.66.82 - - [27/Jan/2011:16:56:14 +0100] "GET /kernel_dot_spawn HTTP/1.1" 200 3644 "-" "Mozilla/5.0 (compatible; Googlebot/2.1; +http://www.google.com/bot.html)"
91.212.226.170 - - [27/Jan/2011:17:39:10 +0100] "GET / HTTP/1.0" 200 24227 "http://www.revision-zero.org/" "Mozilla/4.0 (compatible; MSIE 5.5; Windows NT 5.0; .NET CLR 1.1.4322)"
72.14.199.76 - - [27/Jan/2011:17:58:38 +0100] "GET /rss HTTP/1.1" 304 - "-" "Feedfetcher-Google; (+http://www.google.com/feedfetcher.html; 6 subscribers; feed-id=9468211748000248502)"
207.46.13.48 - - [27/Jan/2011:18:18:41 +0100] "GET /robots.txt HTTP/1.1" 404 18 "-" "Mozilla/5.0 (compatible; bingbot/2.0; +http://www.bing.com/bingbot.htm)"
207.46.13.48 - - [27/Jan/2011:18:19:27 +0100] "GET / HTTP/1.1" 200 6976 "-" "Mozilla/5.0 (compatible; bingbot/2.0; +http://www.bing.com/bingbot.htm)"
174.129.203.176 - - [27/Jan/2011:18:26:41 +0100] "GET / HTTP/1.1" 200 24227 "-" "Mozilla/5.0 (compatible; redditbot/1.0; +http://www.reddit.com/feedback)"
174.129.203.176 - - [27/Jan/2011:18:26:45 +0100] "GET /images/mail.png HTTP/1.1" 200 1321 "http://revision-zero.org/" "Mozilla/5.0 (compatible; redditbot/1.0; +http://www.reddit.com/feedback)"
174.129.203.176 - - [27/Jan/2011:18:26:45 +0100] "GET /images/twitter.png HTTP/1.1" 200 2072 "http://revision-zero.org/" "Mozilla/5.0 (compatible; redditbot/1.0; +http://www.reddit.com/feedback)"
174.129.203.176 - - [27/Jan/2011:18:26:46 +0100] "GET /images/github.png HTTP/1.1" 200 1655 "http://revision-zero.org/" "Mozilla/5.0 (compatible; redditbot/1.0; +http://www.reddit.com/feedback)"
174.129.203.176 - - [27/Jan/2011:18:26:46 +0100] "GET /images/rss.png HTTP/1.1" 200 2050 "http://revision-zero.org/" "Mozilla/5.0 (compatible; redditbot/1.0; +http://www.reddit.com/feedback)"
174.129.203.176 - - [27/Jan/2011:18:26:46 +0100] "GET /images/valid-css.gif HTTP/1.1" 200 1547 "http://revision-zero.org/" "Mozilla/5.0 (compatible; redditbot/1.0; +http://www.reddit.com/feedback)"
174.129.203.176 - - [27/Jan/2011:18:26:46 +0100] "GET /images/valid-xhtml.png HTTP/1.1" 200 1882 "http://revision-zero.org/" "Mozilla/5.0 (compatible; redditbot/1.0; +http://www.reddit.com/feedback)"
14.96.46.11 - - [27/Jan/2011:18:32:56 +0100] "GET /logical_data_independence HTTP/1.1" 200 6116 "http://www.google.co.in/url?sa=t&source=web&cd=6&ved=0CEEQFjAF&url=http%3A%2F%2Fwww.revision-zero.org%2Flogical_data_independence&rct=j&q=logical%20data%20independence%20and%20physical%20data%20independence%20examples&ei=6KtBTamZOomIrAeY4txA&usg=AFQjCNHsaPFwFv2X-TSF09Xj6L8MP4ly8A&cad=rja" "Mozilla/5.0 (Windows; U; Windows NT 6.1; en-US; rv:1.9.2.13) Gecko/20101203 Firefox/3.6.13"
14.96.46.11 - - [27/Jan/2011:18:32:57 +0100] "GET /css/style.css HTTP/1.1" 200 10516 "http://www.revision-zero.org/logical_data_independence" "Mozilla/5.0 (Windows; U; Windows NT 6.1; en-US; rv:1.9.2.13) Gecko/20101203 Firefox/3.6.13"
14.96.46.11 - - [27/Jan/2011:18:32:57 +0100] "GET /js/revzero.js HTTP/1.1" 200 752 "http://www.revision-zero.org/logical_data_independence" "Mozilla/5.0 (Windows; U; Windows NT 6.1; en-US; rv:1.9.2.13) Gecko/20101203 Firefox/3.6.13"
14.96.46.11 - - [27/Jan/2011:18:32:57 +0100] "GET /images/twitter.png HTTP/1.1" 200 2072 "http://www.revision-zero.org/logical_data_independence" "Mozilla/5.0 (Windows; U; Windows NT 6.1; en-US; rv:1.9.2.13) Gecko/20101203 Firefox/3.6.13"
14.96.46.11 - - [27/Jan/2011:18:32:57 +0100] "GET /images/mail.png HTTP/1.1" 200 1321 "http://www.revision-zero.org/logical_data_independence" "Mozilla/5.0 (Windows; U; Windows NT 6.1; en-US; rv:1.9.2.13) Gecko/20101203 Firefox/3.6.13"
14.96.46.11 - - [27/Jan/2011:18:32:57 +0100] "GET /images/github.png HTTP/1.1" 200 1655 "http://www.revision-zero.org/logical_data_independence" "Mozilla/5.0 (Windows; U; Windows NT 6.1; en-US; rv:1.9.2.13) Gecko/20101203 Firefox/3.6.13"
14.96.46.11 - - [27/Jan/2011:18:32:57 +0100] "GET /images/rss.png HTTP/1.1" 200 2050 "http://www.revision-zero.org/logical_data_independence" "Mozilla/5.0 (Windows; U; Windows NT 6.1; en-US; rv:1.9.2.13) Gecko/20101203 Firefox/3.6.13"
14.96.46.11 - - [27/Jan/2011:18:32:57 +0100] "GET /images/valid-css.gif HTTP/1.1" 200 1547 "http://www.revision-zero.org/logical_data_independence" "Mozilla/5.0 (Windows; U; Windows NT 6.1; en-US; rv:1.9.2.13) Gecko/20101203 Firefox/3.6.13"
14.96.46.11 - - [27/Jan/2011:18:32:57 +0100] "GET /images/valid-xhtml.png HTTP/1.1" 200 1882 "http://www.revision-zero.org/logical_data_independence" "Mozilla/5.0 (Windows; U; Windows NT 6.1; en-US; rv:1.9.2.13) Gecko/20101203 Firefox/3.6.13"
14.96.46.11 - - [27/Jan/2011:18:32:57 +0100] "GET /js/jquery-1.4.1.min.js HTTP/1.1" 200 70843 "http://www.revision-zero.org/logical_data_independence" "Mozilla/5.0 (Windows; U; Windows NT 6.1; en-US; rv:1.9.2.13) Gecko/20101203 Firefox/3.6.13"
14.96.46.11 - - [27/Jan/2011:18:32:59 +0100] "GET /images/top.jpg HTTP/1.1" 200 3529 "http://www.revision-zero.org/css/style.css" "Mozilla/5.0 (Windows; U; Windows NT 6.1; en-US; rv:1.9.2.13) Gecko/20101203 Firefox/3.6.13"
14.96.46.11 - - [27/Jan/2011:18:32:59 +0100] "GET /images/content.jpg HTTP/1.1" 200 466 "http://www.revision-zero.org/css/style.css" "Mozilla/5.0 (Windows; U; Windows NT 6.1; en-US; rv:1.9.2.13) Gecko/20101203 Firefox/3.6.13"
14.96.46.11 - - [27/Jan/2011:18:32:59 +0100] "GET /images/menubg.jpg HTTP/1.1" 200 557 "http://www.revision-zero.org/css/style.css" "Mozilla/5.0 (Windows; U; Windows NT 6.1; en-US; rv:1.9.2.13) Gecko/20101203 Firefox/3.6.13"
14.96.46.11 - - [27/Jan/2011:18:32:59 +0100] "GET /images/contenth2.jpg HTTP/1.1" 200 346 "http://www.revision-zero.org/css/style.css" "Mozilla/5.0 (Windows; U; Windows NT 6.1; en-US; rv:1.9.2.13) Gecko/20101203 Firefox/3.6.13"
14.96.46.11 - - [27/Jan/2011:18:33:00 +0100] "GET /images/bottom.jpg HTTP/1.1" 200 2521 "http://www.revision-zero.org/css/style.css" "Mozilla/5.0 (Windows; U; Windows NT 6.1; en-US; rv:1.9.2.13) Gecko/20101203 Firefox/3.6.13"
14.96.46.11 - - [27/Jan/2011:18:33:00 +0100] "GET /favicon.ico HTTP/1.1" 404 36 "-" "Mozilla/5.0 (Windows; U; Windows NT 6.1; en-US; rv:1.9.2.13) Gecko/20101203 Firefox/3.6.13"
14.96.46.11 - - [27/Jan/2011:18:33:05 +0100] "GET /favicon.ico HTTP/1.1" 404 36 "-" "Mozilla/5.0 (Windows; U; Windows NT 6.1; en-US; rv:1.9.2.13) Gecko/20101203 Firefox/3.6.13"
79.142.66.56 - - [27/Jan/2011:18:35:41 +0100] "GET /8 HTTP/1.1" 200 11962 "-" "Mozilla/4.0 (compatible; MSIE 6.0; Windows NT 5.1; SV1)"
72.14.199.76 - - [27/Jan/2011:19:04:02 +0100] "GET /rss HTTP/1.1" 304 - "-" "Feedfetcher-Google; (+http://www.google.com/feedfetcher.html; 6 subscribers; feed-id=9468211748000248502)"
123.125.71.106 - - [27/Jan/2011:19:29:58 +0100] "GET / HTTP/1.1" 200 24227 "-" "Baiduspider+(+http://www.baidu.com/search/spider.htm)"
220.181.108.175 - - [27/Jan/2011:19:30:27 +0100] "GET / HTTP/1.1" 200 24227 "-" "Baiduspider+(+http://www.baidu.com/search/spider.htm)"
66.249.66.82 - - [27/Jan/2011:19:47:07 +0100] "GET /robots.txt HTTP/1.1" 404 36 "-" "Mozilla/5.0 (compatible; Googlebot/2.1; +http://www.google.com/bot.html)"
72.14.199.76 - - [27/Jan/2011:20:03:22 +0100] "GET /rss HTTP/1.1" 304 - "-" "Feedfetcher-Google; (+http://www.google.com/feedfetcher.html; 6 subscribers; feed-id=9468211748000248502)"
222.131.188.184 - - [27/Jan/2011:20:23:16 +0100] "GET / HTTP/1.1" 200 24227 "-" "-"
123.125.71.95 - - [27/Jan/2011:20:29:36 +0100] "GET / HTTP/1.1" 200 24227 "-" "Baiduspider+(+http://www.baidu.com/search/spider.htm)"
220.181.108.175 - - [27/Jan/2011:20:30:04 +0100] "GET / HTTP/1.1" 200 24227 "-" "Baiduspider+(+http://www.baidu.com/search/spider.htm)"
173.26.230.68 - - [27/Jan/2011:20:39:33 +0100] "GET /logical_data_independence HTTP/1.1" 200 6116 "http://www.google.com/search?hl=en&source=hp&biw=1726&bih=922&q=logical+independence&aq=f&aqi=g3g-m2&aql=&oq=" "Mozilla/5.0 (Windows; U; Windows NT 6.1; en-US; rv:1.9.2.13) Gecko/20101203 Firefox/3.6.13"
173.26.230.68 - - [27/Jan/2011:20:39:33 +0100] "GET /images/github.png HTTP/1.1" 200 1655 "http://www.revision-zero.org/logical_data_independence" "Mozilla/5.0 (Windows; U; Windows NT 6.1; en-US; rv:1.9.2.13) Gecko/20101203 Firefox/3.6.13"
173.26.230.68 - - [27/Jan/2011:20:39:33 +0100] "GET /js/revzero.js HTTP/1.1" 200 752 "http://www.revision-zero.org/logical_data_independence" "Mozilla/5.0 (Windows; U; Windows NT 6.1; en-US; rv:1.9.2.13) Gecko/20101203 Firefox/3.6.13"
173.26.230.68 - - [27/Jan/2011:20:39:33 +0100] "GET /css/style.css HTTP/1.1" 200 10516 "http://www.revision-zero.org/logical_data_independence" "Mozilla/5.0 (Windows; U; Windows NT 6.1; en-US; rv:1.9.2.13) Gecko/20101203 Firefox/3.6.13"
173.26.230.68 - - [27/Jan/2011:20:39:33 +0100] "GET /images/mail.png HTTP/1.1" 200 1321 "http://www.revision-zero.org/logical_data_independence" "Mozilla/5.0 (Windows; U; Windows NT 6.1; en-US; rv:1.9.2.13) Gecko/20101203 Firefox/3.6.13"
173.26.230.68 - - [27/Jan/2011:20:39:33 +0100] "GET /images/twitter.png HTTP/1.1" 200 2072 "http://www.revision-zero.org/logical_data_independence" "Mozilla/5.0 (Windows; U; Windows NT 6.1; en-US; rv:1.9.2.13) Gecko/20101203 Firefox/3.6.13"
173.26.230.68 - - [27/Jan/2011:20:39:33 +0100] "GET /images/rss.png HTTP/1.1" 200 2050 "http://www.revision-zero.org/logical_data_independence" "Mozilla/5.0 (Windows; U; Windows NT 6.1; en-US; rv:1.9.2.13) Gecko/20101203 Firefox/3.6.13"
173.26.230.68 - - [27/Jan/2011:20:39:33 +0100] "GET /js/jquery-1.4.1.min.js HTTP/1.1" 200 70843 "http://www.revision-zero.org/logical_data_independence" "Mozilla/5.0 (Windows; U; Windows NT 6.1; en-US; rv:1.9.2.13) Gecko/20101203 Firefox/3.6.13"
173.26.230.68 - - [27/Jan/2011:20:39:35 +0100] "GET /images/valid-css.gif HTTP/1.1" 200 1547 "http://www.revision-zero.org/logical_data_independence" "Mozilla/5.0 (Windows; U; Windows NT 6.1; en-US; rv:1.9.2.13) Gecko/20101203 Firefox/3.6.13"
173.26.230.68 - - [27/Jan/2011:20:39:35 +0100] "GET /images/valid-xhtml.png HTTP/1.1" 200 1882 "http://www.revision-zero.org/logical_data_independence" "Mozilla/5.0 (Windows; U; Windows NT 6.1; en-US; rv:1.9.2.13) Gecko/20101203 Firefox/3.6.13"
173.26.230.68 - - [27/Jan/2011:20:39:35 +0100] "GET /images/content.jpg HTTP/1.1" 200 466 "http://www.revision-zero.org/css/style.css" "Mozilla/5.0 (Windows; U; Windows NT 6.1; en-US; rv:1.9.2.13) Gecko/20101203 Firefox/3.6.13"
173.26.230.68 - - [27/Jan/2011:20:39:35 +0100] "GET /images/top.jpg HTTP/1.1" 200 3529 "http://www.revision-zero.org/css/style.css" "Mozilla/5.0 (Windows; U; Windows NT 6.1; en-US; rv:1.9.2.13) Gecko/20101203 Firefox/3.6.13"
173.26.230.68 - - [27/Jan/2011:20:39:35 +0100] "GET /images/menubg.jpg HTTP/1.1" 200 557 "http://www.revision-zero.org/css/style.css" "Mozilla/5.0 (Windows; U; Windows NT 6.1; en-US; rv:1.9.2.13) Gecko/20101203 Firefox/3.6.13"
173.26.230.68 - - [27/Jan/2011:20:39:35 +0100] "GET /images/contenth2.jpg HTTP/1.1" 200 346 "http://www.revision-zero.org/css/style.css" "Mozilla/5.0 (Windows; U; Windows NT 6.1; en-US; rv:1.9.2.13) Gecko/20101203 Firefox/3.6.13"
173.26.230.68 - - [27/Jan/2011:20:39:35 +0100] "GET /images/bottom.jpg HTTP/1.1" 200 2521 "http://www.revision-zero.org/css/style.css" "Mozilla/5.0 (Windows; U; Windows NT 6.1; en-US; rv:1.9.2.13) Gecko/20101203 Firefox/3.6.13"
173.26.230.68 - - [27/Jan/2011:20:39:35 +0100] "GET /favicon.ico HTTP/1.1" 404 36 "-" "Mozilla/5.0 (Windows; U; Windows NT 6.1; en-US; rv:1.9.2.13) Gecko/20101203 Firefox/3.6.13"
173.26.230.68 - - [27/Jan/2011:20:39:38 +0100] "GET /favicon.ico HTTP/1.1" 404 36 "-" "Mozilla/5.0 (Windows; U; Windows NT 6.1; en-US; rv:1.9.2.13) Gecko/20101203 Firefox/3.6.13"
72.14.199.76 - - [27/Jan/2011:21:01:33 +0100] "GET /rss HTTP/1.1" 200 82648 "-" "Feedfetcher-Google; (+http://www.google.com/feedfetcher.html; 6 subscribers; feed-id=9468211748000248502)"
65.52.108.58 - - [27/Jan/2011:21:48:14 +0100] "GET /robots.txt HTTP/1.1" 404 18 "-" "Mozilla/5.0 (compatible; bingbot/2.0; +http://www.bing.com/bingbot.htm)"
65.52.108.58 - - [27/Jan/2011:21:48:58 +0100] "GET /0 HTTP/1.1" 200 3895 "-" "Mozilla/5.0 (compatible; bingbot/2.0; +http://www.bing.com/bingbot.htm)"
66.249.72.82 - - [27/Jan/2011:21:50:36 +0100] "GET /reuse HTTP/1.1" 200 7869 "-" "Mozilla/5.0 (compatible; Googlebot/2.1; +http://www.google.com/bot.html)"
72.14.199.76 - - [27/Jan/2011:22:00:23 +0100] "GET /rss HTTP/1.1" 304 - "-" "Feedfetcher-Google; (+http://www.google.com/feedfetcher.html; 6 subscribers; feed-id=9468211748000248502)"
67.195.112.27 - - [27/Jan/2011:22:05:25 +0100] "GET /wlang HTTP/1.0" 200 6696 "-" "Mozilla/5.0 (compatible; Yahoo! Slurp; http://help.yahoo.com/help/us/ysearch/slurp)"
67.195.112.27 - - [27/Jan/2011:22:05:25 +0100] "GET /css/style.css HTTP/1.0" 304 - "http://www.revision-zero.org/wlang" "Mozilla/5.0 (compatible; Yahoo! Slurp; http://help.yahoo.com/help/us/ysearch/slurp)"
72.14.199.76 - - [27/Jan/2011:23:00:43 +0100] "GET /rss HTTP/1.1" 304 - "-" "Feedfetcher-Google; (+http://www.google.com/feedfetcher.html; 6 subscribers; feed-id=9468211748000248502)"
72.14.199.76 - - [27/Jan/2011:23:54:13 +0100] "GET /rss HTTP/1.1" 304 - "-" "Feedfetcher-Google; (+http://www.google.com/feedfetcher.html; 6 subscribers; feed-id=9468211748000248502)"
123.125.71.98 - - [28/Jan/2011:01:29:03 +0100] "GET / HTTP/1.1" 200 24227 "-" "Baiduspider+(+http://www.baidu.com/search/spider.htm)"
72.14.199.76 - - [28/Jan/2011:01:40:01 +0100] "GET /rss HTTP/1.1" 304 - "-" "Feedfetcher-Google; (+http://www.google.com/feedfetcher.html; 6 subscribers; feed-id=9468211748000248502)"
119.63.196.116 - - [28/Jan/2011:01:53:57 +0100] "GET /robots.txt HTTP/1.1" 404 36 "-" "Baiduspider+(+http://www.baidu.com/search/spider.htm)"
207.46.13.98 - - [28/Jan/2011:02:17:06 +0100] "GET /robots.txt HTTP/1.1" 404 18 "-" "Mozilla/5.0 (compatible; bingbot/2.0; +http://www.bing.com/bingbot.htm)"
207.46.13.98 - - [28/Jan/2011:02:17:57 +0100] "GET /-1 HTTP/1.1" 200 6976 "-" "Mozilla/5.0 (compatible; bingbot/2.0; +http://www.bing.com/bingbot.htm)"
207.46.13.91 - - [28/Jan/2011:02:27:06 +0100] "GET /1 HTTP/1.1" 200 5951 "-" "Mozilla/5.0 (compatible; bingbot/2.0; +http://www.bing.com/bingbot.htm)"
72.14.199.76 - - [28/Jan/2011:02:46:03 +0100] "GET /rss HTTP/1.1" 304 - "-" "Feedfetcher-Google; (+http://www.google.com/feedfetcher.html; 6 subscribers; feed-id=9468211748000248502)"
193.47.80.49 - - [28/Jan/2011:02:54:13 +0100] "GET /robots.txt HTTP/1.1" 404 36 "-" "Mozilla/5.0 (compatible; Exabot/3.0; +http://www.exabot.com/go/robot)"
193.47.80.49 - - [28/Jan/2011:02:54:13 +0100] "GET / HTTP/1.1" 200 6976 "-" "Mozilla/5.0 (compatible; Exabot/3.0; +http://www.exabot.com/go/robot)"
193.47.80.49 - - [28/Jan/2011:03:00:00 +0100] "GET /12 HTTP/1.1" 200 7869 "-" "Mozilla/5.0 (compatible; Exabot/3.0; +http://www.exabot.com/go/robot)"
193.47.80.49 - - [28/Jan/2011:02:59:58 +0100] "GET /reuse HTTP/1.1" 200 7869 "-" "Mozilla/5.0 (compatible; Exabot/3.0; +http://www.exabot.com/go/robot)"
207.46.13.91 - - [28/Jan/2011:03:13:26 +0100] "GET /robots.txt HTTP/1.1" 404 18 "-" "Mozilla/5.0 (compatible; bingbot/2.0; +http://www.bing.com/bingbot.htm)"
207.46.13.91 - - [28/Jan/2011:03:14:35 +0100] "GET /1 HTTP/1.1" 200 5951 "-" "Mozilla/5.0 (compatible; bingbot/2.0; +http://www.bing.com/bingbot.htm)"
72.14.199.76 - - [28/Jan/2011:03:44:11 +0100] "GET /rss HTTP/1.1" 304 - "-" "Feedfetcher-Google; (+http://www.google.com/feedfetcher.html; 6 subscribers; feed-id=9468211748000248502)"
193.47.80.49 - - [28/Jan/2011:03:48:25 +0100] "GET /new_look HTTP/1.1" 200 3235 "-" "Mozilla/5.0 (compatible; Exabot/3.0; +http://www.exabot.com/go/robot)"
193.47.80.49 - - [28/Jan/2011:03:53:00 +0100] "GET /13 HTTP/1.1" 200 6976 "-" "Mozilla/5.0 (compatible; Exabot/3.0; +http://www.exabot.com/go/robot)"
193.47.80.49 - - [28/Jan/2011:03:53:02 +0100] "GET /benchmarking HTTP/1.1" 200 6976 "-" "Mozilla/5.0 (compatible; Exabot/3.0; +http://www.exabot.com/go/robot)"
193.47.80.49 - - [28/Jan/2011:03:53:05 +0100] "GET /kernel_dot_spawn HTTP/1.1" 200 3644 "-" "Mozilla/5.0 (compatible; Exabot/3.0; +http://www.exabot.com/go/robot)"
193.47.80.49 - - [28/Jan/2011:03:53:07 +0100] "GET /noe HTTP/1.1" 200 5376 "-" "Mozilla/5.0 (compatible; Exabot/3.0; +http://www.exabot.com/go/robot)"
193.47.80.49 - - [28/Jan/2011:03:53:12 +0100] "GET /robots.txt HTTP/1.1" 404 36 "-" "Mozilla/5.0 (compatible; Exabot/3.0; +http://www.exabot.com/go/robot)"
193.47.80.49 - - [28/Jan/2011:03:53:12 +0100] "GET /rss HTTP/1.1" 200 82648 "-" "Mozilla/5.0 (compatible; Exabot/3.0; +http://www.exabot.com/go/robot)"
91.214.45.117 - - [28/Jan/2011:03:57:26 +0100] "GET /topics0 HTTP/1.0" 200 12701 "http://www.revision-zero.org/topics0" "Mozilla/4.0 (compatible; MSIE 6.0; Windows NT 5.2; Win64; x64; SV1; .NET CLR 2.0.50727)"
184.154.7.186 - - [28/Jan/2011:04:35:46 +0100] "GET /robots.txt HTTP/1.0" 404 18 "-" "Mozilla/5.0 (compatible; MJ12bot/v1.3.3; http://www.majestic12.co.uk/bot.php?+)"
184.154.7.186 - - [28/Jan/2011:04:35:47 +0100] "GET / HTTP/1.0" 200 6976 "-" "Mozilla/5.0 (compatible; MJ12bot/v1.3.3; http://www.majestic12.co.uk/bot.php?+)"
184.154.7.186 - - [28/Jan/2011:04:35:48 +0100] "GET /robots.txt HTTP/1.0" 404 18 "-" "Mozilla/5.0 (compatible; MJ12bot/v1.3.3; http://www.majestic12.co.uk/bot.php?+)"
184.154.7.186 - - [28/Jan/2011:04:35:50 +0100] "GET / HTTP/1.0" 200 6976 "-" "Mozilla/5.0 (compatible; MJ12bot/v1.3.3; http://www.majestic12.co.uk/bot.php?+)"
72.14.199.76 - - [28/Jan/2011:04:42:01 +0100] "GET /rss HTTP/1.1" 200 82648 "-" "Feedfetcher-Google; (+http://www.google.com/feedfetcher.html; 6 subscribers; feed-id=9468211748000248502)"
79.142.66.56 - - [28/Jan/2011:05:07:24 +0100] "POST /8 HTTP/1.1" 200 11962 "http://www.revision-zero.org/8" "Mozilla/4.0 (compatible; MSIE 6.0; Windows NT 5.1; SV1)"
79.142.66.56 - - [28/Jan/2011:05:07:24 +0100] "GET /8 HTTP/1.1" 200 11962 "-" "Mozilla/4.0 (compatible; MSIE 6.0; Windows NT 5.1; SV1)"
79.142.66.56 - - [28/Jan/2011:05:07:25 +0100] "GET / HTTP/1.1" 200 24227 "-" "Mozilla/4.0 (compatible; MSIE 6.0; Windows NT 5.1; SV1)"
79.142.66.56 - - [28/Jan/2011:05:07:25 +0100] "GET /rss HTTP/1.1" 200 82648 "-" "Mozilla/4.0 (compatible; MSIE 6.0; Windows NT 5.1; SV1)"
79.142.66.56 - - [28/Jan/2011:05:07:25 +0100] "GET /-1 HTTP/1.1" 200 24227 "-" "Mozilla/4.0 (compatible; MSIE 6.0; Windows NT 5.1; SV1)"
79.142.66.56 - - [28/Jan/2011:05:07:26 +0100] "GET /about HTTP/1.1" 200 11374 "-" "Mozilla/4.0 (compatible; MSIE 6.0; Windows NT 5.1; SV1)"
79.142.66.56 - - [28/Jan/2011:05:07:26 +0100] "GET /0 HTTP/1.1" 200 10310 "-" "Mozilla/4.0 (compatible; MSIE 6.0; Windows NT 5.1; SV1)"
79.142.66.56 - - [28/Jan/2011:05:07:28 +0100] "GET /9 HTTP/1.1" 200 19180 "-" "Mozilla/4.0 (compatible; MSIE 6.0; Windows NT 5.1; SV1)"
79.142.66.56 - - [28/Jan/2011:05:07:29 +0100] "GET /7 HTTP/1.1" 200 8818 "-" "Mozilla/4.0 (compatible; MSIE 6.0; Windows NT 5.1; SV1)"
79.142.66.56 - - [28/Jan/2011:05:07:30 +0100] "GET /benchmarking HTTP/1.1" 200 24227 "-" "Mozilla/4.0 (compatible; MSIE 6.0; Windows NT 5.1; SV1)"
79.142.66.56 - - [28/Jan/2011:05:07:30 +0100] "GET /reuse HTTP/1.1" 200 22715 "-" "Mozilla/4.0 (compatible; MSIE 6.0; Windows NT 5.1; SV1)"
79.142.66.56 - - [28/Jan/2011:05:07:30 +0100] "GET /kernel_dot_spawn HTTP/1.1" 200 11364 "-" "Mozilla/4.0 (compatible; MSIE 6.0; Windows NT 5.1; SV1)"
79.142.66.56 - - [28/Jan/2011:05:07:31 +0100] "GET /noe HTTP/1.1" 200 14802 "-" "Mozilla/4.0 (compatible; MSIE 6.0; Windows NT 5.1; SV1)"
79.142.66.56 - - [28/Jan/2011:05:07:31 +0100] "GET /independence HTTP/1.1" 200 19180 "-" "Mozilla/4.0 (compatible; MSIE 6.0; Windows NT 5.1; SV1)"
79.142.66.56 - - [28/Jan/2011:05:07:31 +0100] "GET /book HTTP/1.1" 200 11962 "-" "Mozilla/4.0 (compatible; MSIE 6.0; Windows NT 5.1; SV1)"
79.142.66.56 - - [28/Jan/2011:05:07:32 +0100] "GET /new_look HTTP/1.1" 200 8818 "-" "Mozilla/4.0 (compatible; MSIE 6.0; Windows NT 5.1; SV1)"
79.142.66.56 - - [28/Jan/2011:05:07:33 +0100] "GET /logical_data_independence HTTP/1.1" 200 16843 "-" "Mozilla/4.0 (compatible; MSIE 6.0; Windows NT 5.1; SV1)"
79.142.66.56 - - [28/Jan/2011:05:07:37 +0100] "GET /release_time HTTP/1.1" 200 12052 "-" "Mozilla/4.0 (compatible; MSIE 6.0; Windows NT 5.1; SV1)"
79.142.66.56 - - [28/Jan/2011:05:07:37 +0100] "GET /wlang HTTP/1.1" 200 21783 "-" "Mozilla/4.0 (compatible; MSIE 6.0; Windows NT 5.1; SV1)"
79.142.66.56 - - [28/Jan/2011:05:07:38 +0100] "GET /topics0 HTTP/1.1" 200 12701 "-" "Mozilla/4.0 (compatible; MSIE 6.0; Windows NT 5.1; SV1)"
79.142.66.56 - - [28/Jan/2011:05:07:38 +0100] "GET /web_duck_typing HTTP/1.1" 200 18940 "-" "Mozilla/4.0 (compatible; MSIE 6.0; Windows NT 5.1; SV1)"
79.142.66.56 - - [28/Jan/2011:05:07:41 +0100] "GET /born HTTP/1.1" 200 10310 "-" "Mozilla/4.0 (compatible; MSIE 6.0; Windows NT 5.1; SV1)"
79.142.66.56 - - [28/Jan/2011:05:07:41 +0100] "GET /downloads/revision-zero.html HTTP/1.1" 200 375037 "-" "Mozilla/4.0 (compatible; MSIE 6.0; Windows NT 5.1; SV1)"
95.108.128.242 - - [28/Jan/2011:05:41:12 +0100] "GET /robots.txt HTTP/1.1" 404 18 "-" "Mozilla/5.0 (compatible; YandexBot/3.0; +http://yandex.com/bots)"
72.14.199.76 - - [28/Jan/2011:05:48:20 +0100] "GET /rss HTTP/1.1" 304 - "-" "Feedfetcher-Google; (+http://www.google.com/feedfetcher.html; 6 subscribers; feed-id=9468211748000248502)"
67.195.112.27 - - [28/Jan/2011:05:52:20 +0100] "GET /robots.txt HTTP/1.0" 404 36 "-" "Mozilla/5.0 (compatible; Yahoo! Slurp; http://help.yahoo.com/help/us/ysearch/slurp)"
67.195.112.27 - - [28/Jan/2011:05:52:21 +0100] "GET /d HTTP/1.0" 404 36 "-" "Mozilla/5.0 (compatible; Yahoo! Slurp; http://help.yahoo.com/help/us/ysearch/slurp)"
207.46.199.43 - - [28/Jan/2011:06:33:36 +0100] "GET /robots.txt HTTP/1.1" 404 18 "-" "Mozilla/5.0 (compatible; bingbot/2.0; +http://www.bing.com/bingbot.htm)"
207.46.199.43 - - [28/Jan/2011:06:34:59 +0100] "GET /topics0 HTTP/1.1" 200 4937 "-" "Mozilla/5.0 (compatible; bingbot/2.0; +http://www.bing.com/bingbot.htm)"
72.14.199.76 - - [28/Jan/2011:06:43:29 +0100] "GET /rss HTTP/1.1" 304 - "-" "Feedfetcher-Google; (+http://www.google.com/feedfetcher.html; 6 subscribers; feed-id=9468211748000248502)"
220.181.7.13 - - [28/Jan/2011:06:50:07 +0100] "GET /robots.txt HTTP/1.1" 404 36 "-" "Baiduspider+(+http://www.baidu.com/search/spider.htm)"
207.46.12.240 - - [28/Jan/2011:07:10:53 +0100] "GET / HTTP/1.1" 200 6976 "-" "Mozilla/5.0 (compatible; bingbot/2.0; +http://www.bing.com/bingbot.htm)"
173.242.113.140 - - [28/Jan/2011:07:11:54 +0100] "GET /topics0/ HTTP/1.0" 404 18 "http://www.revision-zero.org/topics0/" "Mozilla/4.0 (compatible; MSIE 7.0b; Windows NT 6.0)"
173.242.113.140 - - [28/Jan/2011:07:11:56 +0100] "GET / HTTP/1.0" 200 24227 "http://www.revision-zero.org/" "Mozilla/4.0 (compatible; MSIE 7.0b; Windows NT 6.0)"
173.242.113.140 - - [28/Jan/2011:07:12:09 +0100] "POST / HTTP/1.0" 200 24227 "http://www.revision-zero.org/" "Mozilla/4.0 (compatible; MSIE 7.0b; Windows NT 6.0)"
123.125.71.101 - - [28/Jan/2011:07:29:12 +0100] "GET / HTTP/1.1" 200 24227 "-" "Baiduspider+(+http://www.baidu.com/search/spider.htm)"
220.181.108.178 - - [28/Jan/2011:07:29:40 +0100] "GET / HTTP/1.1" 200 24227 "-" "Baiduspider+(+http://www.baidu.com/search/spider.htm)"
72.14.199.76 - - [28/Jan/2011:07:39:40 +0100] "GET /rss HTTP/1.1" 304 - "-" "Feedfetcher-Google; (+http://www.google.com/feedfetcher.html; 6 subscribers; feed-id=9468211748000248502)"
123.125.71.95 - - [28/Jan/2011:08:29:33 +0100] "GET / HTTP/1.1" 200 24227 "-" "Baiduspider+(+http://www.baidu.com/search/spider.htm)"
220.181.108.186 - - [28/Jan/2011:08:30:01 +0100] "GET / HTTP/1.1" 200 24227 "-" "Baiduspider+(+http://www.baidu.com/search/spider.htm)"
72.14.199.76 - - [28/Jan/2011:08:37:19 +0100] "GET /rss HTTP/1.1" 304 - "-" "Feedfetcher-Google; (+http://www.google.com/feedfetcher.html; 6 subscribers; feed-id=9468211748000248502)"
220.181.108.174 - - [28/Jan/2011:09:09:14 +0100] "GET / HTTP/1.1" 200 6976 "-" "Baiduspider+(+http://www.baidu.com/search/spider.htm)"
212.95.32.69 - - [28/Jan/2011:09:11:52 +0100] "GET /topics0/ HTTP/1.0" 404 18 "http://www.revision-zero.org/topics0/" "Mozilla/4.0 (compatible; MSIE 6.0; Windows NT 5.1; FREE; .NET CLR 1.1.4322)"
212.95.32.69 - - [28/Jan/2011:09:11:52 +0100] "GET / HTTP/1.0" 200 24227 "http://www.revision-zero.org/" "Mozilla/4.0 (compatible; MSIE 6.0; Windows NT 5.1; FREE; .NET CLR 1.1.4322)"
212.95.32.69 - - [28/Jan/2011:09:11:52 +0100] "POST / HTTP/1.0" 200 24227 "http://www.revision-zero.org/" "Mozilla/4.0 (compatible; MSIE 6.0; Windows NT 5.1; FREE; .NET CLR 1.1.4322)"
