130.104.228.27 - - [24/Jan/2011:08:48:09 +0100] "GET /images/content.jpg HTTP/1.1" 200 466 "http://www.revision-zero.org/logical_data_independence" "Mozilla/5.0 (Macintosh; U; Intel Mac OS X 10_5_8; en-US) AppleWebKit/534.10 (KHTML, like Gecko) Chrome/8.0.552.237 Safari/534.10"
130.104.228.27 - - [24/Jan/2011:08:48:09 +0100] "GET /images/contenth2.jpg HTTP/1.1" 200 346 "http://www.revision-zero.org/logical_data_independence" "Mozilla/5.0 (Macintosh; U; Intel Mac OS X 10_5_8; en-US) AppleWebKit/534.10 (KHTML, like Gecko) Chrome/8.0.552.237 Safari/534.10"
130.104.228.27 - - [24/Jan/2011:08:48:09 +0100] "GET /images/bottom.jpg HTTP/1.1" 200 2521 "http://www.revision-zero.org/logical_data_independence" "Mozilla/5.0 (Macintosh; U; Intel Mac OS X 10_5_8; en-US) AppleWebKit/534.10 (KHTML, like Gecko) Chrome/8.0.552.237 Safari/534.10"
130.104.228.27 - - [24/Jan/2011:08:48:09 +0100] "GET /images/menubg.jpg HTTP/1.1" 200 557 "http://www.revision-zero.org/logical_data_independence" "Mozilla/5.0 (Macintosh; U; Intel Mac OS X 10_5_8; en-US) AppleWebKit/534.10 (KHTML, like Gecko) Chrome/8.0.552.237 Safari/534.10"
130.104.228.27 - - [24/Jan/2011:08:48:09 +0100] "GET /images/valid-xhtml.png HTTP/1.1" 200 1882 "http://www.revision-zero.org/logical_data_independence" "Mozilla/5.0 (Macintosh; U; Intel Mac OS X 10_5_8; en-US) AppleWebKit/534.10 (KHTML, like Gecko) Chrome/8.0.552.237 Safari/534.10"
130.104.228.27 - - [24/Jan/2011:08:48:09 +0100] "GET /images/valid-css.gif HTTP/1.1" 200 1547 "http://www.revision-zero.org/logical_data_independence" "Mozilla/5.0 (Macintosh; U; Intel Mac OS X 10_5_8; en-US) AppleWebKit/534.10 (KHTML, like Gecko) Chrome/8.0.552.237 Safari/534.10"
130.104.228.27 - - [24/Jan/2011:08:48:09 +0100] "GET /favicon.ico HTTP/1.1" 404 36 "-" "Mozilla/5.0 (Macintosh; U; Intel Mac OS X 10_5_8; en-US) AppleWebKit/534.10 (KHTML, like Gecko) Chrome/8.0.552.237 Safari/534.10"
72.14.199.76 - - [24/Jan/2011:09:00:08 +0100] "GET /rss HTTP/1.1" 304 - "-" "Feedfetcher-Google; (+http://www.google.com/feedfetcher.html; 6 subscribers; feed-id=9468211748000248502)"
72.14.199.76 - - [24/Jan/2011:09:00:08 +0100] "GET /rss HTTP/1.1" 200 66166 "-" "Feedfetcher-Google; (+http://www.google.com/feedfetcher.html; 6 subscribers; feed-id=9468211748000248502)"
188.60.96.182 - - [24/Jan/2011:09:37:31 +0100] "GET /reuse HTTP/1.1" 200 7846 "http://www.google.com/url?sa=t&source=web&cd=1&ved=0CC8QFjAA&url=http%3A%2F%2Fwww.revision-zero.org%2Freuse&rct=j&q=pypeg&ei=SDo9TdqVC9HCswarpMjzBg&usg=AFQjCNE67hU8P-g6GQTbdOfHjS17SLfQqQ" "Mozilla/5.0 (Macintosh; Intel Mac OS X 10.6; rv:2.0b9) Gecko/20100101 Firefox/4.0b9"
188.60.96.182 - - [24/Jan/2011:09:37:31 +0100] "GET /images/github.png HTTP/1.1" 304 - "http://www.revision-zero.org/reuse" "Mozilla/5.0 (Macintosh; Intel Mac OS X 10.6; rv:2.0b9) Gecko/20100101 Firefox/4.0b9"
188.60.96.182 - - [24/Jan/2011:09:37:31 +0100] "GET /css/style.css HTTP/1.1" 304 - "http://www.revision-zero.org/reuse" "Mozilla/5.0 (Macintosh; Intel Mac OS X 10.6; rv:2.0b9) Gecko/20100101 Firefox/4.0b9"
188.60.96.182 - - [24/Jan/2011:09:37:31 +0100] "GET /js/jquery-1.4.1.min.js HTTP/1.1" 304 - "http://www.revision-zero.org/reuse" "Mozilla/5.0 (Macintosh; Intel Mac OS X 10.6; rv:2.0b9) Gecko/20100101 Firefox/4.0b9"
188.60.96.182 - - [24/Jan/2011:09:37:31 +0100] "GET /js/revzero.js HTTP/1.1" 304 - "http://www.revision-zero.org/reuse" "Mozilla/5.0 (Macintosh; Intel Mac OS X 10.6; rv:2.0b9) Gecko/20100101 Firefox/4.0b9"
188.60.96.182 - - [24/Jan/2011:09:37:31 +0100] "GET /images/mail.png HTTP/1.1" 304 - "http://www.revision-zero.org/reuse" "Mozilla/5.0 (Macintosh; Intel Mac OS X 10.6; rv:2.0b9) Gecko/20100101 Firefox/4.0b9"
188.60.96.182 - - [24/Jan/2011:09:37:31 +0100] "GET /images/twitter.png HTTP/1.1" 304 - "http://www.revision-zero.org/reuse" "Mozilla/5.0 (Macintosh; Intel Mac OS X 10.6; rv:2.0b9) Gecko/20100101 Firefox/4.0b9"
188.60.96.182 - - [24/Jan/2011:09:37:31 +0100] "GET /images/rss.png HTTP/1.1" 304 - "http://www.revision-zero.org/reuse" "Mozilla/5.0 (Macintosh; Intel Mac OS X 10.6; rv:2.0b9) Gecko/20100101 Firefox/4.0b9"
188.60.96.182 - - [24/Jan/2011:09:37:31 +0100] "GET /images/valid-css.gif HTTP/1.1" 304 - "http://www.revision-zero.org/reuse" "Mozilla/5.0 (Macintosh; Intel Mac OS X 10.6; rv:2.0b9) Gecko/20100101 Firefox/4.0b9"
188.60.96.182 - - [24/Jan/2011:09:37:31 +0100] "GET /images/valid-xhtml.png HTTP/1.1" 304 - "http://www.revision-zero.org/reuse" "Mozilla/5.0 (Macintosh; Intel Mac OS X 10.6; rv:2.0b9) Gecko/20100101 Firefox/4.0b9"
188.60.96.182 - - [24/Jan/2011:09:37:31 +0100] "GET /images/top.jpg HTTP/1.1" 304 - "http://www.revision-zero.org/css/style.css" "Mozilla/5.0 (Macintosh; Intel Mac OS X 10.6; rv:2.0b9) Gecko/20100101 Firefox/4.0b9"
188.60.96.182 - - [24/Jan/2011:09:37:31 +0100] "GET /images/content.jpg HTTP/1.1" 304 - "http://www.revision-zero.org/css/style.css" "Mozilla/5.0 (Macintosh; Intel Mac OS X 10.6; rv:2.0b9) Gecko/20100101 Firefox/4.0b9"
188.60.96.182 - - [24/Jan/2011:09:37:31 +0100] "GET /images/menubg.jpg HTTP/1.1" 304 - "http://www.revision-zero.org/css/style.css" "Mozilla/5.0 (Macintosh; Intel Mac OS X 10.6; rv:2.0b9) Gecko/20100101 Firefox/4.0b9"
188.60.96.182 - - [24/Jan/2011:09:37:31 +0100] "GET /images/contenth2.jpg HTTP/1.1" 304 - "http://www.revision-zero.org/css/style.css" "Mozilla/5.0 (Macintosh; Intel Mac OS X 10.6; rv:2.0b9) Gecko/20100101 Firefox/4.0b9"
188.60.96.182 - - [24/Jan/2011:09:37:31 +0100] "GET /images/bottom.jpg HTTP/1.1" 304 - "http://www.revision-zero.org/css/style.css" "Mozilla/5.0 (Macintosh; Intel Mac OS X 10.6; rv:2.0b9) Gecko/20100101 Firefox/4.0b9"
72.14.199.76 - - [24/Jan/2011:09:51:39 +0100] "GET /rss HTTP/1.1" 200 66166 "-" "Feedfetcher-Google; (+http://www.google.com/feedfetcher.html; 6 subscribers; feed-id=9468211748000248502)"
165.93.3.21 - - [24/Jan/2011:10:17:53 +0100] "GET / HTTP/1.1" 200 22603 "-" "Mozilla/4.0 (compatible)"
72.14.199.76 - - [24/Jan/2011:10:54:09 +0100] "GET /rss HTTP/1.1" 304 - "-" "Feedfetcher-Google; (+http://www.google.com/feedfetcher.html; 6 subscribers; feed-id=9468211748000248502)"
123.125.71.110 - - [24/Jan/2011:11:29:48 +0100] "GET / HTTP/1.1" 200 22603 "-" "Baiduspider+(+http://www.baidu.com/search/spider.htm)"
220.181.108.186 - - [24/Jan/2011:11:30:15 +0100] "GET / HTTP/1.1" 200 22603 "-" "Baiduspider+(+http://www.baidu.com/search/spider.htm)"
188.104.113.146 - - [24/Jan/2011:11:50:28 +0100] "GET /reuse HTTP/1.1" 200 22603 "-" "Mozilla/5.0 (Windows; U; Windows NT 5.1; en-US; rv:1.9.0.10) Gecko/2009042316 Firefox/3.0.10 (.NET CLR 3.5.30729)"
72.14.199.76 - - [24/Jan/2011:11:53:49 +0100] "GET /rss HTTP/1.1" 200 66166 "-" "Feedfetcher-Google; (+http://www.google.com/feedfetcher.html; 6 subscribers; feed-id=9468211748000248502)"
66.249.66.82 - - [24/Jan/2011:12:32:53 +0100] "GET /topics0 HTTP/1.1" 200 4918 "-" "Mozilla/5.0 (compatible; Googlebot/2.1; +http://www.google.com/bot.html)"
72.14.199.76 - - [24/Jan/2011:13:02:29 +0100] "GET /rss HTTP/1.1" 200 66166 "-" "Feedfetcher-Google; (+http://www.google.com/feedfetcher.html; 6 subscribers; feed-id=9468211748000248502)"
123.125.66.38 - - [24/Jan/2011:13:20:14 +0100] "GET /robots.txt HTTP/1.1" 404 36 "-" "Baiduspider+(+http://www.baidu.com/search/spider.htm)"
66.235.124.6 - - [24/Jan/2011:13:46:27 +0100] "GET /robots.txt HTTP/1.1" 404 18 "-" "Mozilla/5.0 (compatible; Ask Jeeves/Teoma; +http://about.ask.com/en/docs/about/webmasters.shtml)"
66.235.124.6 - - [24/Jan/2011:13:46:27 +0100] "GET / HTTP/1.1" 200 7846 "-" "Mozilla/5.0 (compatible; Ask Jeeves/Teoma; +http://about.ask.com/en/docs/about/webmasters.shtml)"
85.17.26.68 - - [24/Jan/2011:13:49:50 +0100] "GET /topics0/ HTTP/1.1" 404 18 "-" "Mozilla/4.0 (compatible; MSIE 6.0; Windows NT 5.1; SV1)"
85.17.26.68 - - [24/Jan/2011:13:49:50 +0100] "GET / HTTP/1.1" 200 22603 "-" "Mozilla/4.0 (compatible; MSIE 6.0; Windows NT 5.1; SV1)"
85.17.26.68 - - [24/Jan/2011:13:49:51 +0100] "GET /about/ HTTP/1.1" 404 18 "-" "Mozilla/4.0 (compatible; MSIE 6.0; Windows NT 5.1; SV1)"
72.14.199.76 - - [24/Jan/2011:13:56:09 +0100] "GET /rss HTTP/1.1" 304 - "-" "Feedfetcher-Google; (+http://www.google.com/feedfetcher.html; 6 subscribers; feed-id=9468211748000248502)"
72.14.199.76 - - [24/Jan/2011:14:46:19 +0100] "GET /rss HTTP/1.1" 200 66166 "-" "Feedfetcher-Google; (+http://www.google.com/feedfetcher.html; 6 subscribers; feed-id=9468211748000248502)"
72.14.199.76 - - [24/Jan/2011:15:39:10 +0100] "GET /rss HTTP/1.1" 200 66166 "-" "Feedfetcher-Google; (+http://www.google.com/feedfetcher.html; 6 subscribers; feed-id=9468211748000248502)"
77.37.235.78 - - [24/Jan/2011:15:46:58 +0100] "GET /topics0/ HTTP/1.0" 404 18 "http://revision-zero.org/topics0/" "Mozilla/4.0 (compatible; Powermarks/3.5; Windows 95/98/2000/NT)"
77.37.235.78 - - [24/Jan/2011:15:46:58 +0100] "GET / HTTP/1.0" 200 22603 "http://revision-zero.org/" "Mozilla/4.0 (compatible; Powermarks/3.5; Windows 95/98/2000/NT)"
204.236.143.245 - - [24/Jan/2011:15:51:56 +0100] "GET / HTTP/1.1" 200 22603 "-" "-"
50.18.2.139 - - [24/Jan/2011:15:52:04 +0100] "GET / HTTP/1.1" 200 22603 "-" "-"
66.249.66.82 - - [24/Jan/2011:16:02:07 +0100] "GET /robots.txt HTTP/1.1" 404 36 "-" "Mozilla/5.0 (compatible; Googlebot/2.1; +http://www.google.com/bot.html)"
66.249.66.82 - - [24/Jan/2011:16:02:07 +0100] "GET /10 HTTP/1.1" 304 - "-" "Mozilla/5.0 (compatible; Googlebot/2.1; +http://www.google.com/bot.html)"
72.14.199.76 - - [24/Jan/2011:16:42:10 +0100] "GET /rss HTTP/1.1" 304 - "-" "Feedfetcher-Google; (+http://www.google.com/feedfetcher.html; 6 subscribers; feed-id=9468211748000248502)"
72.14.199.76 - - [24/Jan/2011:17:39:20 +0100] "GET /rss HTTP/1.1" 304 - "-" "Feedfetcher-Google; (+http://www.google.com/feedfetcher.html; 6 subscribers; feed-id=9468211748000248502)"
66.249.72.204 - - [24/Jan/2011:18:07:19 +0100] "GET /robots.txt HTTP/1.1" 404 36 "-" "Mozilla/5.0 (compatible; Googlebot/2.1; +http://www.google.com/bot.html)"
66.249.66.44 - - [24/Jan/2011:18:07:19 +0100] "GET /document_at_earliest_point_of_usage HTTP/1.1" 404 36 "-" "Mozilla/5.0 (compatible; Googlebot/2.1; +http://www.google.com/bot.html)"
72.14.199.76 - - [24/Jan/2011:18:37:10 +0100] "GET /rss HTTP/1.1" 304 - "-" "Feedfetcher-Google; (+http://www.google.com/feedfetcher.html; 6 subscribers; feed-id=9468211748000248502)"
115.248.45.11 - - [24/Jan/2011:18:46:55 +0100] "GET /logical_data_independence HTTP/1.0" 200 6095 "http://www.google.co.in/url?sa=t&source=web&cd=4&ved=0CDQQFjAD&url=http%3A%2F%2Fwww.revision-zero.org%2Flogical_data_independence&rct=j&q=differences%20b%2Fw%20physical%20and%20logical%20data%20independence%20atleast%2010%20differences&ei=Ars9TbzOIIjUrQeB08G-CA&usg=AFQjCNHsaPFwFv2X-TSF09Xj6L8MP4ly8A" "Mozilla/4.0 (compatible; MSIE 8.0; Windows NT 6.1; WOW64; Trident/4.0; GTB6.6; SLCC2; .NET CLR 2.0.50727; .NET CLR 3.5.30729; .NET CLR 3.0.30729; Media Center PC 6.0; InfoPath.2)"
115.248.45.11 - - [24/Jan/2011:18:46:58 +0100] "GET /css/style.css HTTP/1.0" 200 10411 "http://www.revision-zero.org/logical_data_independence" "Mozilla/4.0 (compatible; MSIE 8.0; Windows NT 6.1; WOW64; Trident/4.0; GTB6.6; SLCC2; .NET CLR 2.0.50727; .NET CLR 3.5.30729; .NET CLR 3.0.30729; Media Center PC 6.0; InfoPath.2)"
115.248.45.11 - - [24/Jan/2011:18:47:02 +0100] "GET /js/revzero.js HTTP/1.0" 200 752 "http://www.revision-zero.org/logical_data_independence" "Mozilla/4.0 (compatible; MSIE 8.0; Windows NT 6.1; WOW64; Trident/4.0; GTB6.6; SLCC2; .NET CLR 2.0.50727; .NET CLR 3.5.30729; .NET CLR 3.0.30729; Media Center PC 6.0; InfoPath.2)"
115.248.45.11 - - [24/Jan/2011:18:47:00 +0100] "GET /js/jquery-1.4.1.min.js HTTP/1.0" 200 70843 "http://www.revision-zero.org/logical_data_independence" "Mozilla/4.0 (compatible; MSIE 8.0; Windows NT 6.1; WOW64; Trident/4.0; GTB6.6; SLCC2; .NET CLR 2.0.50727; .NET CLR 3.5.30729; .NET CLR 3.0.30729; Media Center PC 6.0; InfoPath.2)"
115.248.45.11 - - [24/Jan/2011:18:47:06 +0100] "GET /images/github.png HTTP/1.0" 200 1655 "http://www.revision-zero.org/logical_data_independence" "Mozilla/4.0 (compatible; MSIE 8.0; Windows NT 6.1; WOW64; Trident/4.0; GTB6.6; SLCC2; .NET CLR 2.0.50727; .NET CLR 3.5.30729; .NET CLR 3.0.30729; Media Center PC 6.0; InfoPath.2)"
115.248.45.11 - - [24/Jan/2011:18:47:06 +0100] "GET /images/twitter.png HTTP/1.0" 200 2072 "http://www.revision-zero.org/logical_data_independence" "Mozilla/4.0 (compatible; MSIE 8.0; Windows NT 6.1; WOW64; Trident/4.0; GTB6.6; SLCC2; .NET CLR 2.0.50727; .NET CLR 3.5.30729; .NET CLR 3.0.30729; Media Center PC 6.0; InfoPath.2)"
115.248.45.11 - - [24/Jan/2011:18:47:06 +0100] "GET /images/mail.png HTTP/1.0" 200 1321 "http://www.revision-zero.org/logical_data_independence" "Mozilla/4.0 (compatible; MSIE 8.0; Windows NT 6.1; WOW64; Trident/4.0; GTB6.6; SLCC2; .NET CLR 2.0.50727; .NET CLR 3.5.30729; .NET CLR 3.0.30729; Media Center PC 6.0; InfoPath.2)"
115.248.45.11 - - [24/Jan/2011:18:47:06 +0100] "GET /images/rss.png HTTP/1.0" 200 2050 "http://www.revision-zero.org/logical_data_independence" "Mozilla/4.0 (compatible; MSIE 8.0; Windows NT 6.1; WOW64; Trident/4.0; GTB6.6; SLCC2; .NET CLR 2.0.50727; .NET CLR 3.5.30729; .NET CLR 3.0.30729; Media Center PC 6.0; InfoPath.2)"
115.248.45.11 - - [24/Jan/2011:18:47:06 +0100] "GET /images/menubg.jpg HTTP/1.0" 200 557 "http://www.revision-zero.org/logical_data_independence" "Mozilla/4.0 (compatible; MSIE 8.0; Windows NT 6.1; WOW64; Trident/4.0; GTB6.6; SLCC2; .NET CLR 2.0.50727; .NET CLR 3.5.30729; .NET CLR 3.0.30729; Media Center PC 6.0; InfoPath.2)"
115.248.45.11 - - [24/Jan/2011:18:47:06 +0100] "GET /images/valid-css.gif HTTP/1.0" 200 1547 "http://www.revision-zero.org/logical_data_independence" "Mozilla/4.0 (compatible; MSIE 8.0; Windows NT 6.1; WOW64; Trident/4.0; GTB6.6; SLCC2; .NET CLR 2.0.50727; .NET CLR 3.5.30729; .NET CLR 3.0.30729; Media Center PC 6.0; InfoPath.2)"
115.248.45.11 - - [24/Jan/2011:18:47:06 +0100] "GET /images/content.jpg HTTP/1.0" 200 466 "http://www.revision-zero.org/logical_data_independence" "Mozilla/4.0 (compatible; MSIE 8.0; Windows NT 6.1; WOW64; Trident/4.0; GTB6.6; SLCC2; .NET CLR 2.0.50727; .NET CLR 3.5.30729; .NET CLR 3.0.30729; Media Center PC 6.0; InfoPath.2)"
115.248.45.11 - - [24/Jan/2011:18:47:06 +0100] "GET /images/valid-xhtml.png HTTP/1.0" 200 1882 "http://www.revision-zero.org/logical_data_independence" "Mozilla/4.0 (compatible; MSIE 8.0; Windows NT 6.1; WOW64; Trident/4.0; GTB6.6; SLCC2; .NET CLR 2.0.50727; .NET CLR 3.5.30729; .NET CLR 3.0.30729; Media Center PC 6.0; InfoPath.2)"
115.248.45.11 - - [24/Jan/2011:18:47:06 +0100] "GET /images/top.jpg HTTP/1.0" 200 3529 "http://www.revision-zero.org/logical_data_independence" "Mozilla/4.0 (compatible; MSIE 8.0; Windows NT 6.1; WOW64; Trident/4.0; GTB6.6; SLCC2; .NET CLR 2.0.50727; .NET CLR 3.5.30729; .NET CLR 3.0.30729; Media Center PC 6.0; InfoPath.2)"
115.248.45.11 - - [24/Jan/2011:18:47:06 +0100] "GET /images/contenth2.jpg HTTP/1.0" 200 346 "http://www.revision-zero.org/logical_data_independence" "Mozilla/4.0 (compatible; MSIE 8.0; Windows NT 6.1; WOW64; Trident/4.0; GTB6.6; SLCC2; .NET CLR 2.0.50727; .NET CLR 3.5.30729; .NET CLR 3.0.30729; Media Center PC 6.0; InfoPath.2)"
115.248.45.11 - - [24/Jan/2011:18:47:07 +0100] "GET /images/bottom.jpg HTTP/1.0" 200 2521 "http://www.revision-zero.org/logical_data_independence" "Mozilla/4.0 (compatible; MSIE 8.0; Windows NT 6.1; WOW64; Trident/4.0; GTB6.6; SLCC2; .NET CLR 2.0.50727; .NET CLR 3.5.30729; .NET CLR 3.0.30729; Media Center PC 6.0; InfoPath.2)"
115.248.45.11 - - [24/Jan/2011:18:47:08 +0100] "GET /favicon.ico HTTP/1.0" 404 36 "-" "Mozilla/4.0 (compatible; MSIE 8.0; Windows NT 6.1; WOW64; Trident/4.0; GTB6.6; SLCC2; .NET CLR 2.0.50727; .NET CLR 3.5.30729; .NET CLR 3.0.30729; Media Center PC 6.0; InfoPath.2)"
65.52.108.13 - - [24/Jan/2011:18:54:04 +0100] "GET /robots.txt HTTP/1.1" 404 18 "-" "Mozilla/5.0 (compatible; bingbot/2.0; +http://www.bing.com/bingbot.htm)"
65.52.108.13 - - [24/Jan/2011:18:54:50 +0100] "GET /new_look HTTP/1.1" 200 3214 "-" "Mozilla/5.0 (compatible; bingbot/2.0; +http://www.bing.com/bingbot.htm)"
66.249.66.82 - - [24/Jan/2011:19:19:52 +0100] "GET /10 HTTP/1.1" 304 - "-" "Mozilla/5.0 (compatible; Googlebot/2.1; +http://www.google.com/bot.html)"
72.14.199.76 - - [24/Jan/2011:19:31:11 +0100] "GET /rss HTTP/1.1" 304 - "-" "Feedfetcher-Google; (+http://www.google.com/feedfetcher.html; 6 subscribers; feed-id=9468211748000248502)"
74.125.112.87 - - [24/Jan/2011:20:18:52 +0100] "GET /kernel_dot_spawn HTTP/1.1" 200 3629 "-" "Mozilla/5.0 (en-us) AppleWebKit/525.13 (KHTML, like Gecko; Google Web Preview) Version/3.1 Safari/525.13"
74.125.112.83 - - [24/Jan/2011:20:18:52 +0100] "GET /images/twitter.png HTTP/1.1" 200 2072 "http://www.revision-zero.org/kernel_dot_spawn" "Mozilla/5.0 (en-us) AppleWebKit/525.13 (KHTML, like Gecko; Google Web Preview) Version/3.1 Safari/525.13"
74.125.114.80 - - [24/Jan/2011:20:18:52 +0100] "GET /images/mail.png HTTP/1.1" 200 1321 "http://www.revision-zero.org/kernel_dot_spawn" "Mozilla/5.0 (en-us) AppleWebKit/525.13 (KHTML, like Gecko; Google Web Preview) Version/3.1 Safari/525.13"
74.125.114.81 - - [24/Jan/2011:20:18:52 +0100] "GET /css/style.css HTTP/1.1" 200 10411 "http://www.revision-zero.org/kernel_dot_spawn" "Mozilla/5.0 (en-us) AppleWebKit/525.13 (KHTML, like Gecko; Google Web Preview) Version/3.1 Safari/525.13"
74.125.112.81 - - [24/Jan/2011:20:18:52 +0100] "GET /images/github.png HTTP/1.1" 200 1655 "http://www.revision-zero.org/kernel_dot_spawn" "Mozilla/5.0 (en-us) AppleWebKit/525.13 (KHTML, like Gecko; Google Web Preview) Version/3.1 Safari/525.13"
74.125.112.80 - - [24/Jan/2011:20:18:52 +0100] "GET /js/revzero.js HTTP/1.1" 200 752 "http://www.revision-zero.org/kernel_dot_spawn" "Mozilla/5.0 (en-us) AppleWebKit/525.13 (KHTML, like Gecko; Google Web Preview) Version/3.1 Safari/525.13"
74.125.114.82 - - [24/Jan/2011:20:18:52 +0100] "GET /images/rss.png HTTP/1.1" 200 2050 "http://www.revision-zero.org/kernel_dot_spawn" "Mozilla/5.0 (en-us) AppleWebKit/525.13 (KHTML, like Gecko; Google Web Preview) Version/3.1 Safari/525.13"
66.249.85.1 - - [24/Jan/2011:20:18:52 +0100] "GET /images/valid-xhtml.png HTTP/1.1" 200 1882 "http://www.revision-zero.org/kernel_dot_spawn" "Mozilla/5.0 (en-us) AppleWebKit/525.13 (KHTML, like Gecko; Google Web Preview) Version/3.1 Safari/525.13"
66.249.85.1 - - [24/Jan/2011:20:18:52 +0100] "GET /images/valid-css.gif HTTP/1.1" 200 1547 "http://www.revision-zero.org/kernel_dot_spawn" "Mozilla/5.0 (en-us) AppleWebKit/525.13 (KHTML, like Gecko; Google Web Preview) Version/3.1 Safari/525.13"
74.125.112.81 - - [24/Jan/2011:20:18:52 +0100] "GET /js/jquery-1.4.1.min.js HTTP/1.1" 200 70843 "http://www.revision-zero.org/kernel_dot_spawn" "Mozilla/5.0 (en-us) AppleWebKit/525.13 (KHTML, like Gecko; Google Web Preview) Version/3.1 Safari/525.13"
74.125.112.87 - - [24/Jan/2011:20:18:53 +0100] "GET /images/contenth2.jpg HTTP/1.1" 200 346 "http://www.revision-zero.org/kernel_dot_spawn" "Mozilla/5.0 (en-us) AppleWebKit/525.13 (KHTML, like Gecko; Google Web Preview) Version/3.1 Safari/525.13"
74.125.114.80 - - [24/Jan/2011:20:18:53 +0100] "GET /images/menubg.jpg HTTP/1.1" 200 557 "http://www.revision-zero.org/kernel_dot_spawn" "Mozilla/5.0 (en-us) AppleWebKit/525.13 (KHTML, like Gecko; Google Web Preview) Version/3.1 Safari/525.13"
74.125.114.80 - - [24/Jan/2011:20:18:53 +0100] "GET /images/top.jpg HTTP/1.1" 200 3529 "http://www.revision-zero.org/kernel_dot_spawn" "Mozilla/5.0 (en-us) AppleWebKit/525.13 (KHTML, like Gecko; Google Web Preview) Version/3.1 Safari/525.13"
74.125.112.80 - - [24/Jan/2011:20:18:54 +0100] "GET /images/content.jpg HTTP/1.1" 200 466 "http://www.revision-zero.org/kernel_dot_spawn" "Mozilla/5.0 (en-us) AppleWebKit/525.13 (KHTML, like Gecko; Google Web Preview) Version/3.1 Safari/525.13"
74.125.112.82 - - [24/Jan/2011:20:18:54 +0100] "GET /images/bottom.jpg HTTP/1.1" 200 2521 "http://www.revision-zero.org/kernel_dot_spawn" "Mozilla/5.0 (en-us) AppleWebKit/525.13 (KHTML, like Gecko; Google Web Preview) Version/3.1 Safari/525.13"
72.14.199.76 - - [24/Jan/2011:20:36:01 +0100] "GET /rss HTTP/1.1" 304 - "-" "Feedfetcher-Google; (+http://www.google.com/feedfetcher.html; 6 subscribers; feed-id=9468211748000248502)"
174.37.154.78 - - [24/Jan/2011:21:03:52 +0100] "GET / HTTP/1.0" 200 22603 "-" "Gist Server"
72.14.199.76 - - [24/Jan/2011:21:31:51 +0100] "GET /rss HTTP/1.1" 304 - "-" "Feedfetcher-Google; (+http://www.google.com/feedfetcher.html; 6 subscribers; feed-id=9468211748000248502)"
95.77.98.130 - - [24/Jan/2011:22:02:10 +0100] "GET /topics0/ HTTP/1.0" 404 18 "http://www.revision-zero.org/topics0/" "Mozilla/4.0 (compatible; MSIE 6.0; Windows NT 5.1; FREE; .NET CLR 1.1.4322)"
95.77.98.130 - - [24/Jan/2011:22:02:10 +0100] "GET / HTTP/1.0" 200 22603 "http://www.revision-zero.org/" "Mozilla/4.0 (compatible; MSIE 6.0; Windows NT 5.1; FREE; .NET CLR 1.1.4322)"
72.14.199.76 - - [24/Jan/2011:22:39:41 +0100] "GET /rss HTTP/1.1" 304 - "-" "Feedfetcher-Google; (+http://www.google.com/feedfetcher.html; 6 subscribers; feed-id=9468211748000248502)"
208.177.72.197 - - [24/Jan/2011:23:02:21 +0100] "GET /topics0 HTTP/1.0" 200 12589 "http://www.revision-zero.org/topics0" "Mozilla/4.0 (compatible; MSIE 6.0; Windows NT 5.1; MyIE2; Deepnet Explorer)"
208.177.72.197 - - [24/Jan/2011:23:02:23 +0100] "POST /topics0 HTTP/1.0" 200 12589 "http://www.revision-zero.org/topics0" "Mozilla/4.0 (compatible; MSIE 6.0; Windows NT 5.1; MyIE2; Deepnet Explorer)"
66.249.66.82 - - [24/Jan/2011:23:04:57 +0100] "GET /kernel_dot_spawn HTTP/1.1" 304 - "-" "Mozilla/5.0 (compatible; Googlebot/2.1; +http://www.google.com/bot.html)"
207.46.195.225 - - [24/Jan/2011:23:16:21 +0100] "GET /robots.txt HTTP/1.1" 404 18 "-" "Mozilla/5.0 (compatible; bingbot/2.0; +http://www.bing.com/bingbot.htm)"
207.46.195.225 - - [24/Jan/2011:23:17:21 +0100] "GET / HTTP/1.1" 200 7846 "-" "Mozilla/5.0 (compatible; bingbot/2.0; +http://www.bing.com/bingbot.htm)"
72.14.199.76 - - [24/Jan/2011:23:39:01 +0100] "GET /rss HTTP/1.1" 200 66166 "-" "Feedfetcher-Google; (+http://www.google.com/feedfetcher.html; 6 subscribers; feed-id=9468211748000248502)"
207.46.199.17 - - [24/Jan/2011:23:48:22 +0100] "GET /about HTTP/1.1" 200 4223 "-" "Mozilla/4.0 (compatible; MSIE 6.0; Windows NT 5.1;  SV1;  .NET CLR 1.1.4325;  .NET CLR 2.0.50727;  .NET CLR 3.0.30729;  .NET CLR 3.5.30707;  MS-RTC LM 8)"
207.46.199.17 - - [24/Jan/2011:23:48:26 +0100] "GET /css/style.css HTTP/1.1" 200 10411 "http://www.revision-zero.org/about" "Mozilla/4.0 (compatible; MSIE 6.0; Windows NT 5.1;  SV1;  .NET CLR 1.1.4325;  .NET CLR 2.0.50727;  .NET CLR 3.0.30729;  .NET CLR 3.5.30707;  MS-RTC LM 8)"
207.46.199.17 - - [24/Jan/2011:23:48:28 +0100] "GET /js/jquery-1.4.1.min.js HTTP/1.1" 200 70843 "http://www.revision-zero.org/about" "Mozilla/4.0 (compatible; MSIE 6.0; Windows NT 5.1;  SV1;  .NET CLR 1.1.4325;  .NET CLR 2.0.50727;  .NET CLR 3.0.30729;  .NET CLR 3.5.30707;  MS-RTC LM 8)"
207.46.199.17 - - [24/Jan/2011:23:48:30 +0100] "GET /js/revzero.js HTTP/1.1" 200 752 "http://www.revision-zero.org/about" "Mozilla/4.0 (compatible; MSIE 6.0; Windows NT 5.1;  SV1;  .NET CLR 1.1.4325;  .NET CLR 2.0.50727;  .NET CLR 3.0.30729;  .NET CLR 3.5.30707;  MS-RTC LM 8)"
207.46.199.179 - - [24/Jan/2011:23:49:17 +0100] "GET /robots.txt HTTP/1.1" 404 18 "-" "Mozilla/5.0 (compatible; bingbot/2.0; +http://www.bing.com/bingbot.htm)"
64.180.62.209 - - [25/Jan/2011:00:36:49 +0100] "GET / HTTP/1.1" 200 7846 "-" "Mozilla/5.0 (X11; U; Linux i686; en-US; rv:1.9.2.13) Gecko/20101206 Ubuntu/10.04 (lucid) Firefox/3.6.13"
64.180.62.209 - - [25/Jan/2011:00:36:50 +0100] "GET /images/github.png HTTP/1.1" 200 1655 "http://revision-zero.org/" "Mozilla/5.0 (X11; U; Linux i686; en-US; rv:1.9.2.13) Gecko/20101206 Ubuntu/10.04 (lucid) Firefox/3.6.13"
64.180.62.209 - - [25/Jan/2011:00:36:50 +0100] "GET /css/style.css HTTP/1.1" 200 10411 "http://revision-zero.org/" "Mozilla/5.0 (X11; U; Linux i686; en-US; rv:1.9.2.13) Gecko/20101206 Ubuntu/10.04 (lucid) Firefox/3.6.13"
64.180.62.209 - - [25/Jan/2011:00:36:50 +0100] "GET /js/revzero.js HTTP/1.1" 200 752 "http://revision-zero.org/" "Mozilla/5.0 (X11; U; Linux i686; en-US; rv:1.9.2.13) Gecko/20101206 Ubuntu/10.04 (lucid) Firefox/3.6.13"
64.180.62.209 - - [25/Jan/2011:00:36:50 +0100] "GET /images/mail.png HTTP/1.1" 200 1321 "http://revision-zero.org/" "Mozilla/5.0 (X11; U; Linux i686; en-US; rv:1.9.2.13) Gecko/20101206 Ubuntu/10.04 (lucid) Firefox/3.6.13"
64.180.62.209 - - [25/Jan/2011:00:36:50 +0100] "GET /images/twitter.png HTTP/1.1" 200 2072 "http://revision-zero.org/" "Mozilla/5.0 (X11; U; Linux i686; en-US; rv:1.9.2.13) Gecko/20101206 Ubuntu/10.04 (lucid) Firefox/3.6.13"
64.180.62.209 - - [25/Jan/2011:00:36:50 +0100] "GET /images/rss.png HTTP/1.1" 200 2050 "http://revision-zero.org/" "Mozilla/5.0 (X11; U; Linux i686; en-US; rv:1.9.2.13) Gecko/20101206 Ubuntu/10.04 (lucid) Firefox/3.6.13"
64.180.62.209 - - [25/Jan/2011:00:36:50 +0100] "GET /js/jquery-1.4.1.min.js HTTP/1.1" 200 70843 "http://revision-zero.org/" "Mozilla/5.0 (X11; U; Linux i686; en-US; rv:1.9.2.13) Gecko/20101206 Ubuntu/10.04 (lucid) Firefox/3.6.13"
64.180.62.209 - - [25/Jan/2011:00:36:51 +0100] "GET /images/valid-css.gif HTTP/1.1" 200 1547 "http://revision-zero.org/" "Mozilla/5.0 (X11; U; Linux i686; en-US; rv:1.9.2.13) Gecko/20101206 Ubuntu/10.04 (lucid) Firefox/3.6.13"
64.180.62.209 - - [25/Jan/2011:00:36:51 +0100] "GET /images/valid-xhtml.png HTTP/1.1" 200 1882 "http://revision-zero.org/" "Mozilla/5.0 (X11; U; Linux i686; en-US; rv:1.9.2.13) Gecko/20101206 Ubuntu/10.04 (lucid) Firefox/3.6.13"
64.180.62.209 - - [25/Jan/2011:00:36:51 +0100] "GET /images/top.jpg HTTP/1.1" 200 3529 "http://revision-zero.org/css/style.css" "Mozilla/5.0 (X11; U; Linux i686; en-US; rv:1.9.2.13) Gecko/20101206 Ubuntu/10.04 (lucid) Firefox/3.6.13"
64.180.62.209 - - [25/Jan/2011:00:36:51 +0100] "GET /images/content.jpg HTTP/1.1" 200 466 "http://revision-zero.org/css/style.css" "Mozilla/5.0 (X11; U; Linux i686; en-US; rv:1.9.2.13) Gecko/20101206 Ubuntu/10.04 (lucid) Firefox/3.6.13"
64.180.62.209 - - [25/Jan/2011:00:36:51 +0100] "GET /images/menubg.jpg HTTP/1.1" 200 557 "http://revision-zero.org/css/style.css" "Mozilla/5.0 (X11; U; Linux i686; en-US; rv:1.9.2.13) Gecko/20101206 Ubuntu/10.04 (lucid) Firefox/3.6.13"
64.180.62.209 - - [25/Jan/2011:00:36:51 +0100] "GET /images/contenth2.jpg HTTP/1.1" 200 346 "http://revision-zero.org/css/style.css" "Mozilla/5.0 (X11; U; Linux i686; en-US; rv:1.9.2.13) Gecko/20101206 Ubuntu/10.04 (lucid) Firefox/3.6.13"
64.180.62.209 - - [25/Jan/2011:00:36:51 +0100] "GET /images/bottom.jpg HTTP/1.1" 200 2521 "http://revision-zero.org/css/style.css" "Mozilla/5.0 (X11; U; Linux i686; en-US; rv:1.9.2.13) Gecko/20101206 Ubuntu/10.04 (lucid) Firefox/3.6.13"
64.180.62.209 - - [25/Jan/2011:00:36:53 +0100] "GET /favicon.ico HTTP/1.1" 404 36 "-" "Mozilla/5.0 (X11; U; Linux i686; en-US; rv:1.9.2.13) Gecko/20101206 Ubuntu/10.04 (lucid) Firefox/3.6.13"
64.180.62.209 - - [25/Jan/2011:00:36:53 +0100] "GET /favicon.ico HTTP/1.1" 404 36 "-" "Mozilla/5.0 (X11; U; Linux i686; en-US; rv:1.9.2.13) Gecko/20101206 Ubuntu/10.04 (lucid) Firefox/3.6.13"
207.46.199.177 - - [25/Jan/2011:00:46:42 +0100] "GET /robots.txt HTTP/1.1" 404 18 "-" "Mozilla/5.0 (compatible; bingbot/2.0; +http://www.bing.com/bingbot.htm)"
72.14.199.76 - - [25/Jan/2011:01:19:46 +0100] "GET /rss HTTP/1.1" 304 - "-" "Feedfetcher-Google; (+http://www.google.com/feedfetcher.html; 6 subscribers; feed-id=9468211748000248502)"
72.14.199.76 - - [25/Jan/2011:01:19:46 +0100] "GET /rss HTTP/1.1" 200 66166 "-" "Feedfetcher-Google; (+http://www.google.com/feedfetcher.html; 6 subscribers; feed-id=9468211748000248502)"
207.46.12.237 - - [25/Jan/2011:01:23:12 +0100] "GET /robots.txt HTTP/1.1" 404 18 "-" "Mozilla/5.0 (compatible; bingbot/2.0; +http://www.bing.com/bingbot.htm)"
207.46.12.237 - - [25/Jan/2011:01:23:51 +0100] "GET / HTTP/1.1" 200 7846 "-" "Mozilla/5.0 (compatible; bingbot/2.0; +http://www.bing.com/bingbot.htm)"
66.249.66.82 - - [25/Jan/2011:01:28:21 +0100] "GET /kernel_dot_spawn HTTP/1.1" 304 - "-" "Mozilla/5.0 (compatible; Googlebot/2.1; +http://www.google.com/bot.html)"
184.154.7.186 - - [25/Jan/2011:01:37:16 +0100] "GET /robots.txt HTTP/1.0" 404 18 "-" "Mozilla/5.0 (compatible; MJ12bot/v1.3.3; http://www.majestic12.co.uk/bot.php?+)"
184.154.7.186 - - [25/Jan/2011:01:37:18 +0100] "GET / HTTP/1.0" 200 7846 "-" "Mozilla/5.0 (compatible; MJ12bot/v1.3.3; http://www.majestic12.co.uk/bot.php?+)"
184.154.7.186 - - [25/Jan/2011:01:37:19 +0100] "GET /robots.txt HTTP/1.0" 404 18 "-" "Mozilla/5.0 (compatible; MJ12bot/v1.3.3; http://www.majestic12.co.uk/bot.php?+)"
184.154.7.186 - - [25/Jan/2011:01:37:19 +0100] "GET / HTTP/1.0" 200 7846 "-" "Mozilla/5.0 (compatible; MJ12bot/v1.3.3; http://www.majestic12.co.uk/bot.php?+)"
119.63.196.109 - - [25/Jan/2011:01:57:20 +0100] "GET /robots.txt HTTP/1.1" 404 36 "-" "Baiduspider+(+http://www.baidu.com/search/spider.htm)"
38.99.96.60 - - [25/Jan/2011:02:12:06 +0100] "GET /robots.txt HTTP/1.1" 404 36 "-" "Mozilla/5.0 (compatible; ScoutJet; +http://www.scoutjet.com/)"
38.99.96.60 - - [25/Jan/2011:02:12:12 +0100] "GET / HTTP/1.1" 200 7846 "-" "Mozilla/5.0 (compatible; ScoutJet; +http://www.scoutjet.com/)"
38.99.96.60 - - [25/Jan/2011:02:12:22 +0100] "GET /-1 HTTP/1.1" 200 7846 "-" "Mozilla/5.0 (compatible; ScoutJet; +http://www.scoutjet.com/)"
38.99.96.60 - - [25/Jan/2011:02:12:29 +0100] "GET /10 HTTP/1.1" 200 5354 "-" "Mozilla/5.0 (compatible; ScoutJet; +http://www.scoutjet.com/)"
38.99.96.60 - - [25/Jan/2011:02:12:38 +0100] "GET /8 HTTP/1.1" 200 3959 "-" "Mozilla/5.0 (compatible; ScoutJet; +http://www.scoutjet.com/)"
38.99.96.60 - - [25/Jan/2011:02:12:46 +0100] "GET /about HTTP/1.1" 200 4223 "-" "Mozilla/5.0 (compatible; ScoutJet; +http://www.scoutjet.com/)"
38.99.96.60 - - [25/Jan/2011:02:12:50 +0100] "GET /book HTTP/1.1" 200 3959 "-" "Mozilla/5.0 (compatible; ScoutJet; +http://www.scoutjet.com/)"
38.99.96.60 - - [25/Jan/2011:02:12:55 +0100] "GET /born HTTP/1.1" 200 3874 "-" "Mozilla/5.0 (compatible; ScoutJet; +http://www.scoutjet.com/)"
38.99.96.60 - - [25/Jan/2011:02:13:05 +0100] "GET /independence HTTP/1.1" 200 7025 "-" "Mozilla/5.0 (compatible; ScoutJet; +http://www.scoutjet.com/)"
38.99.96.60 - - [25/Jan/2011:02:13:17 +0100] "GET /logical_data_independence HTTP/1.1" 200 6095 "-" "Mozilla/5.0 (compatible; ScoutJet; +http://www.scoutjet.com/)"
67.195.112.27 - - [25/Jan/2011:02:16:48 +0100] "GET /robots.txt HTTP/1.0" 404 36 "-" "Mozilla/5.0 (compatible; Yahoo! Slurp; http://help.yahoo.com/help/us/ysearch/slurp)"
67.195.112.27 - - [25/Jan/2011:02:16:48 +0100] "GET /wlang3 HTTP/1.0" 404 36 "-" "Mozilla/5.0 (compatible; Yahoo! Slurp; http://help.yahoo.com/help/us/ysearch/slurp)"
65.52.49.140 - - [25/Jan/2011:02:17:53 +0100] "GET /robots.txt HTTP/1.1" 404 18 "-" "Mozilla/5.0 (compatible; bingbot/2.0; +http://www.bing.com/bingbot.htm)"
72.14.199.76 - - [25/Jan/2011:02:23:46 +0100] "GET /rss HTTP/1.1" 304 - "-" "Feedfetcher-Google; (+http://www.google.com/feedfetcher.html; 6 subscribers; feed-id=9468211748000248502)"
217.132.78.47 - - [25/Jan/2011:02:49:45 +0100] "GET /topics0 HTTP/1.0" 200 12589 "http://www.revision-zero.org/topics0" "Mozilla/4.0 (compatible; MSIE 6.0; Windows NT 5.1; Crazy Browser 1.0.5)"
77.208.189.212 - - [25/Jan/2011:03:14:16 +0100] "GET / HTTP/1.1" 200 22603 "-" "Java/1.6.0_22"
77.208.189.212 - - [25/Jan/2011:03:14:17 +0100] "GET /\" + gaJsHost + \"google-analytics.com/ga.js HTTP/1.1" 404 18 "-" "Java/1.6.0_22"
77.208.189.212 - - [25/Jan/2011:03:14:17 +0100] "GET /-1 HTTP/1.1" 200 22603 "-" "Java/1.6.0_22"
77.208.189.212 - - [25/Jan/2011:03:14:18 +0100] "GET /0 HTTP/1.1" 200 10198 "-" "Java/1.6.0_22"
77.208.189.212 - - [25/Jan/2011:03:14:18 +0100] "GET /11 HTTP/1.1" 200 11252 "-" "Java/1.6.0_22"
77.208.189.212 - - [25/Jan/2011:03:14:19 +0100] "GET /13 HTTP/1.1" 404 18 "-" "Java/1.6.0_22"
77.208.189.212 - - [25/Jan/2011:03:14:19 +0100] "GET /about HTTP/1.1" 200 11262 "-" "Java/1.6.0_22"
77.208.189.212 - - [25/Jan/2011:03:14:21 +0100] "GET /book HTTP/1.1" 200 11850 "-" "Java/1.6.0_22"
77.208.189.212 - - [25/Jan/2011:03:14:21 +0100] "GET /born HTTP/1.1" 200 10198 "-" "Java/1.6.0_22"
77.208.189.212 - - [25/Jan/2011:03:14:21 +0100] "GET /images/github.png HTTP/1.1" 200 1655 "-" "Java/1.6.0_22"
77.208.189.212 - - [25/Jan/2011:03:14:21 +0100] "GET /images/mail.png HTTP/1.1" 200 1321 "-" "Java/1.6.0_22"
77.208.189.212 - - [25/Jan/2011:03:14:22 +0100] "GET /images/rss.png HTTP/1.1" 200 2050 "-" "Java/1.6.0_22"
77.208.189.212 - - [25/Jan/2011:03:14:22 +0100] "GET /images/twitter.png HTTP/1.1" 200 2072 "-" "Java/1.6.0_22"
77.208.189.212 - - [25/Jan/2011:03:14:22 +0100] "GET /images/valid-xhtml.png HTTP/1.1" 200 1882 "-" "Java/1.6.0_22"
77.208.189.212 - - [25/Jan/2011:03:14:22 +0100] "GET /independence HTTP/1.1" 200 19068 "-" "Java/1.6.0_22"
77.208.189.212 - - [25/Jan/2011:03:14:23 +0100] "GET /js/jquery-1.4.1.min.js HTTP/1.1" 200 70843 "-" "Java/1.6.0_22"
77.208.189.212 - - [25/Jan/2011:03:14:24 +0100] "GET /js/revzero.js HTTP/1.1" 200 752 "-" "Java/1.6.0_22"
77.208.189.212 - - [25/Jan/2011:03:14:24 +0100] "GET /kernel_dot_spawn HTTP/1.1" 200 11252 "-" "Java/1.6.0_22"
77.208.189.212 - - [25/Jan/2011:03:14:24 +0100] "GET /logical_data_independence HTTP/1.1" 200 16731 "-" "Java/1.6.0_22"
77.208.189.212 - - [25/Jan/2011:03:14:26 +0100] "GET /new_look HTTP/1.1" 200 8706 "-" "Java/1.6.0_22"
77.208.189.212 - - [25/Jan/2011:03:14:26 +0100] "GET /noe HTTP/1.1" 200 14690 "-" "Java/1.6.0_22"
77.208.189.212 - - [25/Jan/2011:03:14:27 +0100] "GET /release_time HTTP/1.1" 200 11940 "-" "Java/1.6.0_22"
77.208.189.212 - - [25/Jan/2011:03:14:27 +0100] "GET /reuse HTTP/1.1" 200 22603 "-" "Java/1.6.0_22"
77.208.189.212 - - [25/Jan/2011:03:14:28 +0100] "GET /reuse_in_practice HTTP/1.1" 404 18 "-" "Java/1.6.0_22"
77.208.189.212 - - [25/Jan/2011:03:14:28 +0100] "GET /rss HTTP/1.1" 200 66166 "-" "Java/1.6.0_22"
77.208.189.212 - - [25/Jan/2011:03:14:30 +0100] "GET /topics0 HTTP/1.1" 200 12589 "-" "Java/1.6.0_22"
77.208.189.212 - - [25/Jan/2011:03:14:31 +0100] "GET /web_duck_typing HTTP/1.1" 200 18828 "-" "Java/1.6.0_22"
77.208.189.212 - - [25/Jan/2011:03:14:31 +0100] "GET /wlang HTTP/1.1" 200 21671 "-" "Java/1.6.0_22"
77.208.189.212 - - [25/Jan/2011:03:14:32 +0100] "GET /js/)i.html(e?c( HTTP/1.1" 404 18 "-" "Java/1.6.0_22"
77.208.189.212 - - [25/Jan/2011:03:14:32 +0100] "GET /js/]};F.optgroup=F.option;F.tbody=F.tfoot=F.colgroup=F.caption=F.thead;F.th=F.td;if(!c.support.htmlSerialize)F._default=[1, HTTP/1.1" 404 18 "-" "Java/1.6.0_22"
77.208.189.212 - - [25/Jan/2011:03:14:32 +0100] "GET /js/).html( HTTP/1.1" 404 18 "-" "Java/1.6.0_22"
72.14.199.76 - - [25/Jan/2011:03:25:52 +0100] "GET /rss HTTP/1.1" 200 66166 "-" "Feedfetcher-Google; (+http://www.google.com/feedfetcher.html; 6 subscribers; feed-id=9468211748000248502)"
85.91.175.221 - - [25/Jan/2011:03:39:52 +0100] "GET /images/noe/wlang_is_great.gif HTTP/1.1" 304 - "-" "Mozilla/4.0 (compatible;)"
85.91.175.221 - - [25/Jan/2011:03:41:57 +0100] "GET /images/noe/dotnoe.gif HTTP/1.1" 304 - "-" "Mozilla/4.0 (compatible;)"
220.181.108.181 - - [25/Jan/2011:03:43:47 +0100] "GET / HTTP/1.1" 200 7846 "-" "Baiduspider+(+http://www.baidu.com/search/spider.htm)"
85.91.175.221 - - [25/Jan/2011:03:43:47 +0100] "GET /images/noe/workflow.gif HTTP/1.1" 304 - "-" "Mozilla/4.0 (compatible;)"
85.91.175.221 - - [25/Jan/2011:03:44:59 +0100] "GET /images/noe/safe_override.png HTTP/1.1" 304 - "-" "Mozilla/4.0 (compatible;)"
72.14.199.76 - - [25/Jan/2011:04:32:22 +0100] "GET /rss HTTP/1.1" 200 66166 "-" "Feedfetcher-Google; (+http://www.google.com/feedfetcher.html; 6 subscribers; feed-id=9468211748000248502)"
72.14.199.76 - - [25/Jan/2011:05:00:10 +0100] "GET /rss HTTP/1.1" 304 - "-" "Feedfetcher-Google; (+http://www.google.com/feedfetcher.html; 6 subscribers; feed-id=9468211748000248502)"
80.229.7.252 - - [25/Jan/2011:05:33:12 +0100] "HEAD /logical_data_independence HTTP/1.1" 200 - "-" "Mozilla/5.0 (Macintosh; U; Intel Mac OS X 10_6_6; en-US) AppleWebKit/534.10 (KHTML, like Gecko) Chrome/8.0.552.237 Safari/534.10"
207.46.195.226 - - [25/Jan/2011:05:37:32 +0100] "GET /robots.txt HTTP/1.1" 404 18 "-" "Mozilla/5.0 (compatible; bingbot/2.0; +http://www.bing.com/bingbot.htm)"
67.195.112.27 - - [25/Jan/2011:05:38:34 +0100] "GET /waw HTTP/1.0" 404 36 "-" "Mozilla/5.0 (compatible; Yahoo! Slurp; http://help.yahoo.com/help/us/ysearch/slurp)"
207.46.195.226 - - [25/Jan/2011:05:39:52 +0100] "GET /about HTTP/1.1" 200 4223 "-" "Mozilla/5.0 (compatible; bingbot/2.0; +http://www.bing.com/bingbot.htm)"
72.14.199.76 - - [25/Jan/2011:05:56:10 +0100] "GET /rss HTTP/1.1" 304 - "-" "Feedfetcher-Google; (+http://www.google.com/feedfetcher.html; 6 subscribers; feed-id=9468211748000248502)"
95.26.133.175 - - [25/Jan/2011:06:24:09 +0100] "GET / HTTP/1.0" 200 22603 "http://www.revision-zero.org/" "Mozilla/4.0 (compatible; MSIE 6.0; Windows NT 5.2; WOW64; SV1; .NET CLR 2.0.50727)"
207.46.199.185 - - [25/Jan/2011:06:25:44 +0100] "GET /robots.txt HTTP/1.1" 404 18 "-" "Mozilla/5.0 (compatible; bingbot/2.0; +http://www.bing.com/bingbot.htm)"
72.14.199.76 - - [25/Jan/2011:06:49:10 +0100] "GET /rss HTTP/1.1" 200 66166 "-" "Feedfetcher-Google; (+http://www.google.com/feedfetcher.html; 6 subscribers; feed-id=9468211748000248502)"
122.174.164.164 - - [25/Jan/2011:07:16:05 +0100] "GET /logical_data_independence HTTP/1.1" 200 6095 "http://www.google.co.in/url?sa=t&source=web&cd=3&ved=0CCYQFjAC&url=http%3A%2F%2Fwww.revision-zero.org%2Flogical_data_independence&rct=j&q=to%20provide%20data%20independence%20in%20view&ei=n2o-TcrlNYPjrAfIlcGuCA&usg=AFQjCNHsaPFwFv2X-TSF09Xj6L8MP4ly8A" "Mozilla/5.0 (Windows; U; Windows NT 5.1; en-US) AppleWebKit/534.10 (KHTML, like Gecko) Chrome/8.0.552.224 Safari/534.10"
122.174.164.164 - - [25/Jan/2011:07:16:05 +0100] "GET /css/style.css HTTP/1.1" 200 10411 "http://www.revision-zero.org/logical_data_independence" "Mozilla/5.0 (Windows; U; Windows NT 5.1; en-US) AppleWebKit/534.10 (KHTML, like Gecko) Chrome/8.0.552.224 Safari/534.10"
122.174.164.164 - - [25/Jan/2011:07:16:05 +0100] "GET /js/revzero.js HTTP/1.1" 200 752 "http://www.revision-zero.org/logical_data_independence" "Mozilla/5.0 (Windows; U; Windows NT 5.1; en-US) AppleWebKit/534.10 (KHTML, like Gecko) Chrome/8.0.552.224 Safari/534.10"
122.174.164.164 - - [25/Jan/2011:07:16:05 +0100] "GET /js/jquery-1.4.1.min.js HTTP/1.1" 200 70843 "http://www.revision-zero.org/logical_data_independence" "Mozilla/5.0 (Windows; U; Windows NT 5.1; en-US) AppleWebKit/534.10 (KHTML, like Gecko) Chrome/8.0.552.224 Safari/534.10"
122.174.164.164 - - [25/Jan/2011:07:16:07 +0100] "GET /images/mail.png HTTP/1.1" 200 1321 "http://www.revision-zero.org/logical_data_independence" "Mozilla/5.0 (Windows; U; Windows NT 5.1; en-US) AppleWebKit/534.10 (KHTML, like Gecko) Chrome/8.0.552.224 Safari/534.10"
122.174.164.164 - - [25/Jan/2011:07:16:07 +0100] "GET /images/twitter.png HTTP/1.1" 200 2072 "http://www.revision-zero.org/logical_data_independence" "Mozilla/5.0 (Windows; U; Windows NT 5.1; en-US) AppleWebKit/534.10 (KHTML, like Gecko) Chrome/8.0.552.224 Safari/534.10"
122.174.164.164 - - [25/Jan/2011:07:16:07 +0100] "GET /images/github.png HTTP/1.1" 200 1655 "http://www.revision-zero.org/logical_data_independence" "Mozilla/5.0 (Windows; U; Windows NT 5.1; en-US) AppleWebKit/534.10 (KHTML, like Gecko) Chrome/8.0.552.224 Safari/534.10"
122.174.164.164 - - [25/Jan/2011:07:16:07 +0100] "GET /images/rss.png HTTP/1.1" 200 2050 "http://www.revision-zero.org/logical_data_independence" "Mozilla/5.0 (Windows; U; Windows NT 5.1; en-US) AppleWebKit/534.10 (KHTML, like Gecko) Chrome/8.0.552.224 Safari/534.10"
122.174.164.164 - - [25/Jan/2011:07:16:08 +0100] "GET /images/top.jpg HTTP/1.1" 200 3529 "http://www.revision-zero.org/logical_data_independence" "Mozilla/5.0 (Windows; U; Windows NT 5.1; en-US) AppleWebKit/534.10 (KHTML, like Gecko) Chrome/8.0.552.224 Safari/534.10"
122.174.164.164 - - [25/Jan/2011:07:16:08 +0100] "GET /images/content.jpg HTTP/1.1" 200 466 "http://www.revision-zero.org/logical_data_independence" "Mozilla/5.0 (Windows; U; Windows NT 5.1; en-US) AppleWebKit/534.10 (KHTML, like Gecko) Chrome/8.0.552.224 Safari/534.10"
122.174.164.164 - - [25/Jan/2011:07:16:08 +0100] "GET /images/menubg.jpg HTTP/1.1" 200 557 "http://www.revision-zero.org/logical_data_independence" "Mozilla/5.0 (Windows; U; Windows NT 5.1; en-US) AppleWebKit/534.10 (KHTML, like Gecko) Chrome/8.0.552.224 Safari/534.10"
122.174.164.164 - - [25/Jan/2011:07:16:08 +0100] "GET /images/contenth2.jpg HTTP/1.1" 200 346 "http://www.revision-zero.org/logical_data_independence" "Mozilla/5.0 (Windows; U; Windows NT 5.1; en-US) AppleWebKit/534.10 (KHTML, like Gecko) Chrome/8.0.552.224 Safari/534.10"
122.174.164.164 - - [25/Jan/2011:07:16:08 +0100] "GET /images/bottom.jpg HTTP/1.1" 200 2521 "http://www.revision-zero.org/logical_data_independence" "Mozilla/5.0 (Windows; U; Windows NT 5.1; en-US) AppleWebKit/534.10 (KHTML, like Gecko) Chrome/8.0.552.224 Safari/534.10"
122.174.164.164 - - [25/Jan/2011:07:16:08 +0100] "GET /images/valid-css.gif HTTP/1.1" 200 1547 "http://www.revision-zero.org/logical_data_independence" "Mozilla/5.0 (Windows; U; Windows NT 5.1; en-US) AppleWebKit/534.10 (KHTML, like Gecko) Chrome/8.0.552.224 Safari/534.10"
122.174.164.164 - - [25/Jan/2011:07:16:08 +0100] "GET /images/valid-xhtml.png HTTP/1.1" 200 1882 "http://www.revision-zero.org/logical_data_independence" "Mozilla/5.0 (Windows; U; Windows NT 5.1; en-US) AppleWebKit/534.10 (KHTML, like Gecko) Chrome/8.0.552.224 Safari/534.10"
122.174.164.164 - - [25/Jan/2011:07:16:08 +0100] "GET /favicon.ico HTTP/1.1" 404 36 "-" "Mozilla/5.0 (Windows; U; Windows NT 5.1; en-US) AppleWebKit/534.10 (KHTML, like Gecko) Chrome/8.0.552.224 Safari/534.10"
213.108.217.139 - - [25/Jan/2011:07:20:56 +0100] "GET / HTTP/1.0" 200 22603 "http://www.revision-zero.org/" "Mozilla/4.0 (compatible; MSIE 6.0; Windows NT 5.1; .NET CLR 1.0.3705)"
213.108.217.139 - - [25/Jan/2011:07:21:15 +0100] "POST / HTTP/1.0" 200 22603 "http://www.revision-zero.org/" "Mozilla/4.0 (compatible; MSIE 6.0; Windows NT 5.1; .NET CLR 1.0.3705)"
207.46.199.184 - - [25/Jan/2011:07:27:03 +0100] "GET /robots.txt HTTP/1.1" 404 18 "-" "Mozilla/5.0 (compatible; bingbot/2.0; +http://www.bing.com/bingbot.htm)"
95.108.128.242 - - [25/Jan/2011:07:29:06 +0100] "GET /robots.txt HTTP/1.1" 404 18 "-" "Mozilla/5.0 (compatible; YandexBot/3.0; +http://yandex.com/bots)"
95.108.128.242 - - [25/Jan/2011:07:29:08 +0100] "GET / HTTP/1.1" 200 7846 "-" "Mozilla/5.0 (compatible; YandexBot/3.0; +http://yandex.com/bots)"
72.14.199.76 - - [25/Jan/2011:07:54:10 +0100] "GET /rss HTTP/1.1" 304 - "-" "Feedfetcher-Google; (+http://www.google.com/feedfetcher.html; 6 subscribers; feed-id=9468211748000248502)"
207.46.204.227 - - [25/Jan/2011:08:29:06 +0100] "GET /robots.txt HTTP/1.1" 404 18 "-" "Mozilla/5.0 (compatible; bingbot/2.0; +http://www.bing.com/bingbot.htm)"
207.46.204.227 - - [25/Jan/2011:08:29:52 +0100] "GET /2 HTTP/1.1" 200 4223 "-" "Mozilla/5.0 (compatible; bingbot/2.0; +http://www.bing.com/bingbot.htm)"
123.125.71.103 - - [25/Jan/2011:08:30:26 +0100] "GET / HTTP/1.1" 200 22603 "-" "Baiduspider+(+http://www.baidu.com/search/spider.htm)"
220.181.108.173 - - [25/Jan/2011:08:30:56 +0100] "GET / HTTP/1.1" 200 22603 "-" "Baiduspider+(+http://www.baidu.com/search/spider.htm)"
72.14.199.76 - - [25/Jan/2011:08:56:00 +0100] "GET /rss HTTP/1.1" 304 - "-" "Feedfetcher-Google; (+http://www.google.com/feedfetcher.html; 6 subscribers; feed-id=9468211748000248502)"
77.92.224.110 - - [25/Jan/2011:09:38:24 +0100] "GET / HTTP/1.0" 200 22603 "http://www.revision-zero.org/" "Mozilla/4.0 (compatible; MSIE 6.0; Windows NT 5.1; en) Opera 9.0"
77.92.224.110 - - [25/Jan/2011:09:38:24 +0100] "POST / HTTP/1.0" 200 22603 "http://www.revision-zero.org/" "Mozilla/4.0 (compatible; MSIE 6.0; Windows NT 5.1; en) Opera 9.0"
220.181.108.185 - - [25/Jan/2011:09:43:16 +0100] "GET / HTTP/1.1" 200 7846 "-" "Baiduspider+(+http://www.baidu.com/search/spider.htm)"
72.14.199.76 - - [25/Jan/2011:10:01:11 +0100] "GET /rss HTTP/1.1" 200 66166 "-" "Feedfetcher-Google; (+http://www.google.com/feedfetcher.html; 6 subscribers; feed-id=9468211748000248502)"
178.216.177.177 - - [25/Jan/2011:10:26:39 +0100] "GET /topics0/ HTTP/1.0" 404 18 "http://www.revision-zero.org/topics0/" "Mozilla/4.0 (compatible; MSIE 6.0; Windows NT 5.0; .NET CLR 1.0.3705; .NET CLR 1.1.4322)"
178.216.177.177 - - [25/Jan/2011:10:26:43 +0100] "GET / HTTP/1.0" 200 22603 "http://www.revision-zero.org/" "Mozilla/4.0 (compatible; MSIE 6.0; Windows NT 5.0; .NET CLR 1.0.3705; .NET CLR 1.1.4322)"
72.14.199.76 - - [25/Jan/2011:11:06:31 +0100] "GET /rss HTTP/1.1" 304 - "-" "Feedfetcher-Google; (+http://www.google.com/feedfetcher.html; 6 subscribers; feed-id=9468211748000248502)"
207.46.12.165 - - [25/Jan/2011:11:16:30 +0100] "GET / HTTP/1.1" 200 7846 "-" "Mozilla/4.0 (compatible; MSIE 7.0; Windows NT 5.1;  SV1;  .NET CLR 1.1.4325;  .NET CLR 2.0.50727;  .NET CLR 3.0.30729;  .NET CLR 3.5.30707;  InfoPath.2)"
207.46.12.165 - - [25/Jan/2011:11:16:35 +0100] "GET /css/style.css HTTP/1.1" 200 10411 "http://revision-zero.org/" "Mozilla/4.0 (compatible; MSIE 7.0; Windows NT 5.1;  SV1;  .NET CLR 1.1.4325;  .NET CLR 2.0.50727;  .NET CLR 3.0.30729;  .NET CLR 3.5.30707;  InfoPath.2)"
207.46.12.165 - - [25/Jan/2011:11:16:34 +0100] "GET /js/jquery-1.4.1.min.js HTTP/1.1" 200 70843 "http://revision-zero.org/" "Mozilla/4.0 (compatible; MSIE 7.0; Windows NT 5.1;  SV1;  .NET CLR 1.1.4325;  .NET CLR 2.0.50727;  .NET CLR 3.0.30729;  .NET CLR 3.5.30707;  InfoPath.2)"
207.46.12.165 - - [25/Jan/2011:11:16:41 +0100] "GET /js/revzero.js HTTP/1.1" 200 752 "http://revision-zero.org/" "Mozilla/4.0 (compatible; MSIE 7.0; Windows NT 5.1;  SV1;  .NET CLR 1.1.4325;  .NET CLR 2.0.50727;  .NET CLR 3.0.30729;  .NET CLR 3.5.30707;  InfoPath.2)"
72.14.199.76 - - [25/Jan/2011:12:17:28 +0100] "GET /rss HTTP/1.1" 304 - "-" "Feedfetcher-Google; (+http://www.google.com/feedfetcher.html; 6 subscribers; feed-id=9468211748000248502)"
123.125.71.111 - - [25/Jan/2011:12:30:34 +0100] "GET / HTTP/1.1" 200 22603 "-" "Baiduspider+(+http://www.baidu.com/search/spider.htm)"
220.181.108.185 - - [25/Jan/2011:12:31:03 +0100] "GET / HTTP/1.1" 200 22603 "-" "Baiduspider+(+http://www.baidu.com/search/spider.htm)"
208.80.194.27 - - [25/Jan/2011:12:33:02 +0100] "GET / HTTP/1.0" 200 22603 "-" "Mozilla/4.0 (compatible; MSIE 7.0; Windows NT 5.1; Supplied by Tesco.net; .NET CLR 1.1.4322; .NET CLR 2.0.50727)"
212.219.142.161 - - [25/Jan/2011:12:46:09 +0100] "GET /logical_data_independence HTTP/1.1" 200 16731 "http://www.google.co.uk/url?sa=t&source=web&cd=1&sqi=2&ved=0CBkQFjAA&url=http%3A%2F%2Fwww.revision-zero.org%2Flogical_data_independence&rct=j&q=data%20independence&ei=6rc-TcGKH6aShAe614CCDA&usg=AFQjCNHsaPFwFv2X-TSF09Xj6L8MP4ly8A" "Mozilla/4.0 (compatible; MSIE 8.0; Windows NT 5.1; Trident/4.0; .NET CLR 1.1.4322; .NET CLR 2.0.50727; .NET CLR 3.0.04506.30; InfoPath.2; .NET4.0C; .NET4.0E; .NET CLR 3.0.4506.2152; .NET CLR 3.5.30729)"
212.219.142.161 - - [25/Jan/2011:12:46:09 +0100] "GET /css/style.css HTTP/1.1" 200 10411 "http://www.revision-zero.org/logical_data_independence" "Mozilla/4.0 (compatible; MSIE 8.0; Windows NT 5.1; Trident/4.0; .NET CLR 1.1.4322; .NET CLR 2.0.50727; .NET CLR 3.0.04506.30; InfoPath.2; .NET4.0C; .NET4.0E; .NET CLR 3.0.4506.2152; .NET CLR 3.5.30729)"
212.219.142.161 - - [25/Jan/2011:12:46:09 +0100] "GET /js/revzero.js HTTP/1.1" 200 752 "http://www.revision-zero.org/logical_data_independence" "Mozilla/4.0 (compatible; MSIE 8.0; Windows NT 5.1; Trident/4.0; .NET CLR 1.1.4322; .NET CLR 2.0.50727; .NET CLR 3.0.04506.30; InfoPath.2; .NET4.0C; .NET4.0E; .NET CLR 3.0.4506.2152; .NET CLR 3.5.30729)"
212.219.142.161 - - [25/Jan/2011:12:46:09 +0100] "GET /js/jquery-1.4.1.min.js HTTP/1.1" 200 70843 "http://www.revision-zero.org/logical_data_independence" "Mozilla/4.0 (compatible; MSIE 8.0; Windows NT 5.1; Trident/4.0; .NET CLR 1.1.4322; .NET CLR 2.0.50727; .NET CLR 3.0.04506.30; InfoPath.2; .NET4.0C; .NET4.0E; .NET CLR 3.0.4506.2152; .NET CLR 3.5.30729)"
212.219.142.161 - - [25/Jan/2011:12:46:09 +0100] "GET /images/mail.png HTTP/1.1" 200 1321 "http://www.revision-zero.org/logical_data_independence" "Mozilla/4.0 (compatible; MSIE 8.0; Windows NT 5.1; Trident/4.0; .NET CLR 1.1.4322; .NET CLR 2.0.50727; .NET CLR 3.0.04506.30; InfoPath.2; .NET4.0C; .NET4.0E; .NET CLR 3.0.4506.2152; .NET CLR 3.5.30729)"
212.219.142.161 - - [25/Jan/2011:12:46:09 +0100] "GET /images/twitter.png HTTP/1.1" 200 2072 "http://www.revision-zero.org/logical_data_independence" "Mozilla/4.0 (compatible; MSIE 8.0; Windows NT 5.1; Trident/4.0; .NET CLR 1.1.4322; .NET CLR 2.0.50727; .NET CLR 3.0.04506.30; InfoPath.2; .NET4.0C; .NET4.0E; .NET CLR 3.0.4506.2152; .NET CLR 3.5.30729)"
212.219.142.161 - - [25/Jan/2011:12:46:10 +0100] "GET /images/valid-css.gif HTTP/1.1" 200 1547 "http://www.revision-zero.org/logical_data_independence" "Mozilla/4.0 (compatible; MSIE 8.0; Windows NT 5.1; Trident/4.0; .NET CLR 1.1.4322; .NET CLR 2.0.50727; .NET CLR 3.0.04506.30; InfoPath.2; .NET4.0C; .NET4.0E; .NET CLR 3.0.4506.2152; .NET CLR 3.5.30729)"
212.219.142.161 - - [25/Jan/2011:12:46:10 +0100] "GET /images/menubg.jpg HTTP/1.1" 200 557 "http://www.revision-zero.org/logical_data_independence" "Mozilla/4.0 (compatible; MSIE 8.0; Windows NT 5.1; Trident/4.0; .NET CLR 1.1.4322; .NET CLR 2.0.50727; .NET CLR 3.0.04506.30; InfoPath.2; .NET4.0C; .NET4.0E; .NET CLR 3.0.4506.2152; .NET CLR 3.5.30729)"
212.219.142.161 - - [25/Jan/2011:12:46:10 +0100] "GET /images/content.jpg HTTP/1.1" 200 466 "http://www.revision-zero.org/logical_data_independence" "Mozilla/4.0 (compatible; MSIE 8.0; Windows NT 5.1; Trident/4.0; .NET CLR 1.1.4322; .NET CLR 2.0.50727; .NET CLR 3.0.04506.30; InfoPath.2; .NET4.0C; .NET4.0E; .NET CLR 3.0.4506.2152; .NET CLR 3.5.30729)"
