72.14.199.76 - - [23/Jan/2011:08:06:38 +0100] "GET /rss HTTP/1.1" 200 66166 "-" "Feedfetcher-Google; (+http://www.google.com/feedfetcher.html; 6 subscribers; feed-id=9468211748000248502)"
123.125.71.110 - - [23/Jan/2011:08:30:27 +0100] "GET / HTTP/1.1" 200 22603 "-" "Baiduspider+(+http://www.baidu.com/search/spider.htm)"
220.181.108.167 - - [23/Jan/2011:08:30:55 +0100] "GET / HTTP/1.1" 200 22603 "-" "Baiduspider+(+http://www.baidu.com/search/spider.htm)"
208.115.111.244 - - [23/Jan/2011:08:39:18 +0100] "GET /robots.txt HTTP/1.1" 404 36 "-" "Mozilla/5.0 (compatible; DotBot/1.1; http://www.dotnetdotcom.org/, crawler@dotnetdotcom.org)"
72.14.199.76 - - [23/Jan/2011:09:12:08 +0100] "GET /rss HTTP/1.1" 200 66166 "-" "Feedfetcher-Google; (+http://www.google.com/feedfetcher.html; 6 subscribers; feed-id=9468211748000248502)"
79.142.66.56 - - [23/Jan/2011:09:15:10 +0100] "POST /leave-a-comment HTTP/1.1" 404 18 "http://www.revision-zero.org/8" "Mozilla/4.0 (compatible; MSIE 6.0; Windows NT 5.1; SV1)"
208.115.111.244 - - [23/Jan/2011:09:45:48 +0100] "GET /2 HTTP/1.1" 200 4223 "-" "Mozilla/5.0 (compatible; DotBot/1.1; http://www.dotnetdotcom.org/, crawler@dotnetdotcom.org)"
208.115.111.244 - - [23/Jan/2011:09:45:52 +0100] "GET /3 HTTP/1.1" 200 4918 "-" "Mozilla/5.0 (compatible; DotBot/1.1; http://www.dotnetdotcom.org/, crawler@dotnetdotcom.org)"
208.115.111.244 - - [23/Jan/2011:09:45:56 +0100] "GET /32 HTTP/1.1" 404 36 "-" "Mozilla/5.0 (compatible; DotBot/1.1; http://www.dotnetdotcom.org/, crawler@dotnetdotcom.org)"
208.115.111.244 - - [23/Jan/2011:09:46:01 +0100] "GET /4 HTTP/1.1" 200 6680 "-" "Mozilla/5.0 (compatible; DotBot/1.1; http://www.dotnetdotcom.org/, crawler@dotnetdotcom.org)"
208.115.111.244 - - [23/Jan/2011:09:46:06 +0100] "GET /6 HTTP/1.1" 200 6095 "-" "Mozilla/5.0 (compatible; DotBot/1.1; http://www.dotnetdotcom.org/, crawler@dotnetdotcom.org)"
208.115.111.244 - - [23/Jan/2011:09:46:11 +0100] "GET /7 HTTP/1.1" 200 3214 "-" "Mozilla/5.0 (compatible; DotBot/1.1; http://www.dotnetdotcom.org/, crawler@dotnetdotcom.org)"
208.115.111.244 - - [23/Jan/2011:09:46:16 +0100] "GET /logical_data_independence_2 HTTP/1.1" 404 36 "-" "Mozilla/5.0 (compatible; DotBot/1.1; http://www.dotnetdotcom.org/, crawler@dotnetdotcom.org)"
208.115.111.244 - - [23/Jan/2011:09:46:21 +0100] "GET /topics1 HTTP/1.1" 404 36 "-" "Mozilla/5.0 (compatible; DotBot/1.1; http://www.dotnetdotcom.org/, crawler@dotnetdotcom.org)"
208.115.111.244 - - [23/Jan/2011:09:46:26 +0100] "GET /wlang2 HTTP/1.1" 404 36 "-" "Mozilla/5.0 (compatible; DotBot/1.1; http://www.dotnetdotcom.org/, crawler@dotnetdotcom.org)"
208.115.111.244 - - [23/Jan/2011:09:46:31 +0100] "GET /wlang3 HTTP/1.1" 404 36 "-" "Mozilla/5.0 (compatible; DotBot/1.1; http://www.dotnetdotcom.org/, crawler@dotnetdotcom.org)"
220.181.108.171 - - [23/Jan/2011:10:18:27 +0100] "GET / HTTP/1.1" 200 7846 "-" "Baiduspider+(+http://www.baidu.com/search/spider.htm)"
220.181.108.174 - - [23/Jan/2011:10:18:30 +0100] "GET /13 HTTP/1.1" 404 36 "-" "Baiduspider+(+http://www.baidu.com/search/spider.htm)"
220.181.108.166 - - [23/Jan/2011:10:18:32 +0100] "GET /reuse_in_practice HTTP/1.1" 404 36 "-" "Baiduspider+(+http://www.baidu.com/search/spider.htm)"
220.181.108.170 - - [23/Jan/2011:10:18:36 +0100] "GET /reuse HTTP/1.1" 200 7846 "-" "Baiduspider+(+http://www.baidu.com/search/spider.htm)"
72.14.199.76 - - [23/Jan/2011:10:20:29 +0100] "GET /rss HTTP/1.1" 304 - "-" "Feedfetcher-Google; (+http://www.google.com/feedfetcher.html; 6 subscribers; feed-id=9468211748000248502)"
207.46.199.53 - - [23/Jan/2011:10:24:09 +0100] "GET /robots.txt HTTP/1.1" 404 18 "-" "Mozilla/5.0 (compatible; bingbot/2.0; +http://www.bing.com/bingbot.htm)"
207.46.199.53 - - [23/Jan/2011:10:24:52 +0100] "GET / HTTP/1.1" 200 7846 "-" "Mozilla/5.0 (compatible; bingbot/2.0; +http://www.bing.com/bingbot.htm)"
65.52.110.64 - - [23/Jan/2011:11:02:31 +0100] "GET /d HTTP/1.1" 404 36 "-" "Mozilla/5.0 (compatible; bingbot/2.0; +http://www.bing.com/bingbot.htm)"
95.108.150.235 - - [23/Jan/2011:11:06:18 +0100] "GET /robots.txt HTTP/1.1" 404 18 "-" "Mozilla/5.0 (compatible; YandexBot/3.0; MirrorDetector; +http://yandex.com/bots)"
95.108.150.235 - - [23/Jan/2011:11:06:18 +0100] "GET /robots.txt HTTP/1.1" 404 18 "-" "Mozilla/5.0 (compatible; YandexBot/3.0; MirrorDetector; +http://yandex.com/bots)"
95.108.150.235 - - [23/Jan/2011:11:06:19 +0100] "GET / HTTP/1.1" 200 7846 "-" "Mozilla/5.0 (compatible; YandexBot/3.0; MirrorDetector; +http://yandex.com/bots)"
95.108.150.235 - - [23/Jan/2011:11:06:19 +0100] "GET / HTTP/1.1" 200 7846 "-" "Mozilla/5.0 (compatible; YandexBot/3.0; MirrorDetector; +http://yandex.com/bots)"
95.108.150.235 - - [23/Jan/2011:11:06:20 +0100] "GET / HTTP/1.1" 200 7846 "-" "Mozilla/5.0 (compatible; YandexBot/3.0; MirrorDetector; +http://yandex.com/bots)"
95.108.150.235 - - [23/Jan/2011:11:06:20 +0100] "GET / HTTP/1.1" 200 7846 "-" "Mozilla/5.0 (compatible; YandexBot/3.0; MirrorDetector; +http://yandex.com/bots)"
72.14.199.76 - - [23/Jan/2011:11:28:03 +0100] "GET /rss HTTP/1.1" 304 - "-" "Feedfetcher-Google; (+http://www.google.com/feedfetcher.html; 6 subscribers; feed-id=9468211748000248502)"
207.46.204.243 - - [23/Jan/2011:12:08:35 +0100] "GET /robots.txt HTTP/1.1" 404 18 "-" "Mozilla/5.0 (compatible; bingbot/2.0; +http://www.bing.com/bingbot.htm)"
207.46.204.243 - - [23/Jan/2011:12:10:23 +0100] "GET /logical_data_independence HTTP/1.1" 200 6095 "-" "Mozilla/5.0 (compatible; bingbot/2.0; +http://www.bing.com/bingbot.htm)"
77.92.224.106 - - [23/Jan/2011:12:15:12 +0100] "GET / HTTP/1.0" 200 22603 "http://revision-zero.org/" "Opera/9.0 (Windows NT 5.1; U; en)"
66.249.66.82 - - [23/Jan/2011:12:30:58 +0100] "GET /robots.txt HTTP/1.1" 404 36 "-" "Mozilla/5.0 (compatible; Googlebot/2.1; +http://www.google.com/bot.html)"
66.249.66.82 - - [23/Jan/2011:12:30:58 +0100] "GET /10 HTTP/1.1" 200 5354 "-" "Mozilla/5.0 (compatible; Googlebot/2.1; +http://www.google.com/bot.html)"
123.125.66.32 - - [23/Jan/2011:12:31:22 +0100] "GET /robots.txt HTTP/1.1" 404 36 "-" "Baiduspider+(+http://www.baidu.com/search/spider.htm)"
72.14.199.76 - - [23/Jan/2011:12:31:49 +0100] "GET /rss HTTP/1.1" 200 66166 "-" "Feedfetcher-Google; (+http://www.google.com/feedfetcher.html; 6 subscribers; feed-id=9468211748000248502)"
208.115.111.244 - - [23/Jan/2011:12:36:03 +0100] "GET /robots.txt HTTP/1.1" 404 36 "-" "Mozilla/5.0 (compatible; DotBot/1.1; http://www.dotnetdotcom.org/, crawler@dotnetdotcom.org)"
123.125.71.115 - - [23/Jan/2011:13:30:27 +0100] "GET / HTTP/1.1" 200 22603 "-" "Baiduspider+(+http://www.baidu.com/search/spider.htm)"
220.181.108.184 - - [23/Jan/2011:13:30:54 +0100] "GET / HTTP/1.1" 200 22603 "-" "Baiduspider+(+http://www.baidu.com/search/spider.htm)"
72.14.199.76 - - [23/Jan/2011:13:32:29 +0100] "GET /rss HTTP/1.1" 304 - "-" "Feedfetcher-Google; (+http://www.google.com/feedfetcher.html; 6 subscribers; feed-id=9468211748000248502)"
89.238.133.37 - - [23/Jan/2011:13:34:51 +0100] "GET /downloads/revision-zero.html HTTP/1.0" 200 337147 "http://www.revision-zero.org/downloads/revision-zero.html" "Mozilla/4.0 (compatible; MSIE 6.0; Windows NT 5.1; Maxthon; .NET CLR 1.1.4322)"
208.115.111.244 - - [23/Jan/2011:13:46:25 +0100] "GET /-1 HTTP/1.1" 200 7846 "-" "Mozilla/5.0 (compatible; DotBot/1.1; http://www.dotnetdotcom.org/, crawler@dotnetdotcom.org)"
208.115.111.244 - - [23/Jan/2011:13:46:29 +0100] "GET /1 HTTP/1.1" 200 5935 "-" "Mozilla/5.0 (compatible; DotBot/1.1; http://www.dotnetdotcom.org/, crawler@dotnetdotcom.org)"
208.115.111.244 - - [23/Jan/2011:13:46:33 +0100] "GET /10 HTTP/1.1" 200 5354 "-" "Mozilla/5.0 (compatible; DotBot/1.1; http://www.dotnetdotcom.org/, crawler@dotnetdotcom.org)"
208.115.111.244 - - [23/Jan/2011:13:46:37 +0100] "GET /5 HTTP/1.1" 200 4635 "-" "Mozilla/5.0 (compatible; DotBot/1.1; http://www.dotnetdotcom.org/, crawler@dotnetdotcom.org)"
208.115.111.244 - - [23/Jan/2011:13:46:42 +0100] "GET /8 HTTP/1.1" 200 3959 "-" "Mozilla/5.0 (compatible; DotBot/1.1; http://www.dotnetdotcom.org/, crawler@dotnetdotcom.org)"
208.115.111.244 - - [23/Jan/2011:13:46:47 +0100] "GET /born HTTP/1.1" 200 3874 "-" "Mozilla/5.0 (compatible; DotBot/1.1; http://www.dotnetdotcom.org/, crawler@dotnetdotcom.org)"
208.115.111.244 - - [23/Jan/2011:13:46:52 +0100] "GET /independence HTTP/1.1" 200 7025 "-" "Mozilla/5.0 (compatible; DotBot/1.1; http://www.dotnetdotcom.org/, crawler@dotnetdotcom.org)"
208.115.111.244 - - [23/Jan/2011:13:46:57 +0100] "GET /logical_data_independence HTTP/1.1" 200 6095 "-" "Mozilla/5.0 (compatible; DotBot/1.1; http://www.dotnetdotcom.org/, crawler@dotnetdotcom.org)"
208.115.111.244 - - [23/Jan/2011:13:47:02 +0100] "GET /web_duck_typing HTTP/1.1" 200 5935 "-" "Mozilla/5.0 (compatible; DotBot/1.1; http://www.dotnetdotcom.org/, crawler@dotnetdotcom.org)"
208.115.111.244 - - [23/Jan/2011:13:47:07 +0100] "GET /wlang. HTTP/1.1" 404 36 "-" "Mozilla/5.0 (compatible; DotBot/1.1; http://www.dotnetdotcom.org/, crawler@dotnetdotcom.org)"
184.73.156.247 - - [23/Jan/2011:14:23:27 +0100] "HEAD /kernel_dot_spawn HTTP/1.1" 200 - "-" "Firefox"
72.14.199.76 - - [23/Jan/2011:14:28:20 +0100] "GET /rss HTTP/1.1" 304 - "-" "Feedfetcher-Google; (+http://www.google.com/feedfetcher.html; 6 subscribers; feed-id=9468211748000248502)"
207.46.204.197 - - [23/Jan/2011:14:33:38 +0100] "GET /robots.txt HTTP/1.1" 404 18 "-" "Mozilla/5.0 (compatible; bingbot/2.0; +http://www.bing.com/bingbot.htm)"
207.46.204.197 - - [23/Jan/2011:14:34:19 +0100] "GET /web_duck_typing HTTP/1.1" 200 5935 "-" "Mozilla/5.0 (compatible; bingbot/2.0; +http://www.bing.com/bingbot.htm)"
66.249.66.82 - - [23/Jan/2011:14:54:48 +0100] "GET /kernel_dot_spawn HTTP/1.1" 200 3629 "-" "Mozilla/5.0 (compatible; Googlebot/2.1; +http://www.google.com/bot.html)"
67.195.112.27 - - [23/Jan/2011:14:59:47 +0100] "GET /robots.txt HTTP/1.0" 404 36 "-" "Mozilla/5.0 (compatible; Yahoo! Slurp; http://help.yahoo.com/help/us/ysearch/slurp)"
67.195.112.27 - - [23/Jan/2011:14:59:48 +0100] "GET / HTTP/1.0" 200 7846 "-" "Mozilla/5.0 (compatible; Yahoo! Slurp; http://help.yahoo.com/help/us/ysearch/slurp)"
67.195.112.27 - - [23/Jan/2011:14:59:49 +0100] "GET /css/style.css HTTP/1.0" 200 10411 "http://www.revision-zero.org/" "Mozilla/5.0 (compatible; Yahoo! Slurp; http://help.yahoo.com/help/us/ysearch/slurp)"
72.14.199.76 - - [23/Jan/2011:15:28:40 +0100] "GET /rss HTTP/1.1" 304 - "-" "Feedfetcher-Google; (+http://www.google.com/feedfetcher.html; 6 subscribers; feed-id=9468211748000248502)"
123.125.71.115 - - [23/Jan/2011:15:29:45 +0100] "GET / HTTP/1.1" 200 22603 "-" "Baiduspider+(+http://www.baidu.com/search/spider.htm)"
220.181.108.171 - - [23/Jan/2011:15:30:14 +0100] "GET / HTTP/1.1" 200 22603 "-" "Baiduspider+(+http://www.baidu.com/search/spider.htm)"
207.46.204.184 - - [23/Jan/2011:16:13:49 +0100] "GET /robots.txt HTTP/1.1" 404 18 "-" "Mozilla/5.0 (compatible; bingbot/2.0; +http://www.bing.com/bingbot.htm)"
207.46.204.184 - - [23/Jan/2011:16:15:20 +0100] "GET / HTTP/1.1" 200 7846 "-" "Mozilla/5.0 (compatible; bingbot/2.0; +http://www.bing.com/bingbot.htm)"
68.102.110.231 - - [23/Jan/2011:16:19:35 +0100] "GET /favicon.ico HTTP/1.1" 404 36 "-" "Mozilla/5.0 (Macintosh; U; Intel Mac OS X 10.5; en-US; rv:1.9.2.13) Gecko/20101203 Firefox/3.6.13"
72.14.199.76 - - [23/Jan/2011:16:27:30 +0100] "GET /rss HTTP/1.1" 304 - "-" "Feedfetcher-Google; (+http://www.google.com/feedfetcher.html; 6 subscribers; feed-id=9468211748000248502)"
165.93.3.21 - - [23/Jan/2011:16:46:52 +0100] "GET / HTTP/1.1" 200 22603 "-" "Mozilla/4.0 (compatible)"
123.118.214.50 - - [23/Jan/2011:16:49:23 +0100] "GET / HTTP/1.1" 200 7846 "-" "Mozilla/5.0 (X11; U; Linux i686; en-US) AppleWebKit/534.16 (KHTML, like Gecko) Chrome/10.0.642.2 Safari/534.16"
123.118.214.50 - - [23/Jan/2011:16:49:24 +0100] "GET /css/style.css HTTP/1.1" 200 10411 "http://revision-zero.org/" "Mozilla/5.0 (X11; U; Linux i686; en-US) AppleWebKit/534.16 (KHTML, like Gecko) Chrome/10.0.642.2 Safari/534.16"
123.118.214.50 - - [23/Jan/2011:16:49:24 +0100] "GET /js/revzero.js HTTP/1.1" 200 752 "http://revision-zero.org/" "Mozilla/5.0 (X11; U; Linux i686; en-US) AppleWebKit/534.16 (KHTML, like Gecko) Chrome/10.0.642.2 Safari/534.16"
123.118.214.50 - - [23/Jan/2011:16:49:24 +0100] "GET /images/mail.png HTTP/1.1" 200 1321 "http://revision-zero.org/" "Mozilla/5.0 (X11; U; Linux i686; en-US) AppleWebKit/534.16 (KHTML, like Gecko) Chrome/10.0.642.2 Safari/534.16"
123.118.214.50 - - [23/Jan/2011:16:49:25 +0100] "GET /images/github.png HTTP/1.1" 200 1655 "http://revision-zero.org/" "Mozilla/5.0 (X11; U; Linux i686; en-US) AppleWebKit/534.16 (KHTML, like Gecko) Chrome/10.0.642.2 Safari/534.16"
123.118.214.50 - - [23/Jan/2011:16:49:26 +0100] "GET /images/rss.png HTTP/1.1" 200 2050 "http://revision-zero.org/" "Mozilla/5.0 (X11; U; Linux i686; en-US) AppleWebKit/534.16 (KHTML, like Gecko) Chrome/10.0.642.2 Safari/534.16"
123.118.214.50 - - [23/Jan/2011:16:49:26 +0100] "GET /images/twitter.png HTTP/1.1" 200 2072 "http://revision-zero.org/" "Mozilla/5.0 (X11; U; Linux i686; en-US) AppleWebKit/534.16 (KHTML, like Gecko) Chrome/10.0.642.2 Safari/534.16"
123.118.214.50 - - [23/Jan/2011:16:49:24 +0100] "GET /js/jquery-1.4.1.min.js HTTP/1.1" 200 70843 "http://revision-zero.org/" "Mozilla/5.0 (X11; U; Linux i686; en-US) AppleWebKit/534.16 (KHTML, like Gecko) Chrome/10.0.642.2 Safari/534.16"
123.118.214.50 - - [23/Jan/2011:16:49:27 +0100] "GET /images/top.jpg HTTP/1.1" 200 3529 "http://revision-zero.org/" "Mozilla/5.0 (X11; U; Linux i686; en-US) AppleWebKit/534.16 (KHTML, like Gecko) Chrome/10.0.642.2 Safari/534.16"
123.118.214.50 - - [23/Jan/2011:16:49:27 +0100] "GET /images/content.jpg HTTP/1.1" 200 466 "http://revision-zero.org/" "Mozilla/5.0 (X11; U; Linux i686; en-US) AppleWebKit/534.16 (KHTML, like Gecko) Chrome/10.0.642.2 Safari/534.16"
123.118.214.50 - - [23/Jan/2011:16:49:27 +0100] "GET /images/menubg.jpg HTTP/1.1" 200 557 "http://revision-zero.org/" "Mozilla/5.0 (X11; U; Linux i686; en-US) AppleWebKit/534.16 (KHTML, like Gecko) Chrome/10.0.642.2 Safari/534.16"
123.118.214.50 - - [23/Jan/2011:16:49:27 +0100] "GET /images/contenth2.jpg HTTP/1.1" 200 346 "http://revision-zero.org/" "Mozilla/5.0 (X11; U; Linux i686; en-US) AppleWebKit/534.16 (KHTML, like Gecko) Chrome/10.0.642.2 Safari/534.16"
123.118.214.50 - - [23/Jan/2011:16:49:27 +0100] "GET /images/bottom.jpg HTTP/1.1" 200 2521 "http://revision-zero.org/" "Mozilla/5.0 (X11; U; Linux i686; en-US) AppleWebKit/534.16 (KHTML, like Gecko) Chrome/10.0.642.2 Safari/534.16"
123.118.214.50 - - [23/Jan/2011:16:49:28 +0100] "GET /images/valid-css.gif HTTP/1.1" 200 1547 "http://revision-zero.org/" "Mozilla/5.0 (X11; U; Linux i686; en-US) AppleWebKit/534.16 (KHTML, like Gecko) Chrome/10.0.642.2 Safari/534.16"
123.118.214.50 - - [23/Jan/2011:16:49:28 +0100] "GET /images/valid-xhtml.png HTTP/1.1" 200 1882 "http://revision-zero.org/" "Mozilla/5.0 (X11; U; Linux i686; en-US) AppleWebKit/534.16 (KHTML, like Gecko) Chrome/10.0.642.2 Safari/534.16"
123.118.214.50 - - [23/Jan/2011:16:49:29 +0100] "GET /favicon.ico HTTP/1.1" 404 36 "-" "Mozilla/5.0 (X11; U; Linux i686; en-US) AppleWebKit/534.16 (KHTML, like Gecko) Chrome/10.0.642.2 Safari/534.16"
68.102.110.231 - - [23/Jan/2011:16:50:45 +0100] "GET /favicon.ico HTTP/1.1" 404 36 "-" "Mozilla/5.0 (Macintosh; U; Intel Mac OS X 10.5; en-US; rv:1.9.2.13) Gecko/20101203 Firefox/3.6.13"
68.102.110.231 - - [23/Jan/2011:16:58:44 +0100] "GET /favicon.ico HTTP/1.1" 404 36 "-" "Mozilla/5.0 (Macintosh; U; Intel Mac OS X 10.5; en-US; rv:1.9.2.13) Gecko/20101203 Firefox/3.6.13"
68.102.110.231 - - [23/Jan/2011:16:58:44 +0100] "GET /favicon.ico HTTP/1.1" 404 36 "-" "Mozilla/5.0 (Macintosh; U; Intel Mac OS X 10.5; en-US; rv:1.9.2.13) Gecko/20101203 Firefox/3.6.13"
72.14.199.76 - - [23/Jan/2011:17:22:30 +0100] "GET /rss HTTP/1.1" 304 - "-" "Feedfetcher-Google; (+http://www.google.com/feedfetcher.html; 6 subscribers; feed-id=9468211748000248502)"
208.115.111.244 - - [23/Jan/2011:17:56:58 +0100] "GET / HTTP/1.1" 200 7846 "-" "Mozilla/5.0 (compatible; DotBot/1.1; http://www.dotnetdotcom.org/, crawler@dotnetdotcom.org)"
208.115.111.244 - - [23/Jan/2011:17:57:03 +0100] "GET /0 HTTP/1.1" 200 3874 "-" "Mozilla/5.0 (compatible; DotBot/1.1; http://www.dotnetdotcom.org/, crawler@dotnetdotcom.org)"
208.115.111.244 - - [23/Jan/2011:17:57:07 +0100] "GET /about HTTP/1.1" 200 4223 "-" "Mozilla/5.0 (compatible; DotBot/1.1; http://www.dotnetdotcom.org/, crawler@dotnetdotcom.org)"
208.115.111.244 - - [23/Jan/2011:17:57:13 +0100] "GET /book HTTP/1.1" 200 3959 "-" "Mozilla/5.0 (compatible; DotBot/1.1; http://www.dotnetdotcom.org/, crawler@dotnetdotcom.org)"
208.115.111.244 - - [23/Jan/2011:17:57:18 +0100] "GET /new_look HTTP/1.1" 200 3214 "-" "Mozilla/5.0 (compatible; DotBot/1.1; http://www.dotnetdotcom.org/, crawler@dotnetdotcom.org)"
208.115.111.244 - - [23/Jan/2011:17:57:23 +0100] "GET /release_time HTTP/1.1" 200 4635 "-" "Mozilla/5.0 (compatible; DotBot/1.1; http://www.dotnetdotcom.org/, crawler@dotnetdotcom.org)"
208.115.111.244 - - [23/Jan/2011:17:57:28 +0100] "GET /topics0 HTTP/1.1" 200 4918 "-" "Mozilla/5.0 (compatible; DotBot/1.1; http://www.dotnetdotcom.org/, crawler@dotnetdotcom.org)"
208.115.111.244 - - [23/Jan/2011:17:57:33 +0100] "GET /wlang HTTP/1.1" 200 6680 "-" "Mozilla/5.0 (compatible; DotBot/1.1; http://www.dotnetdotcom.org/, crawler@dotnetdotcom.org)"
72.14.199.76 - - [23/Jan/2011:18:24:10 +0100] "GET /rss HTTP/1.1" 304 - "-" "Feedfetcher-Google; (+http://www.google.com/feedfetcher.html; 6 subscribers; feed-id=9468211748000248502)"
123.125.71.117 - - [23/Jan/2011:18:30:44 +0100] "GET / HTTP/1.1" 200 22603 "-" "Baiduspider+(+http://www.baidu.com/search/spider.htm)"
220.181.108.175 - - [23/Jan/2011:18:31:15 +0100] "GET / HTTP/1.1" 200 22603 "-" "Baiduspider+(+http://www.baidu.com/search/spider.htm)"
91.201.66.106 - - [23/Jan/2011:18:56:04 +0100] "GET /topics0/ HTTP/1.0" 404 18 "-" "Mozilla/4.0 (compatible; MSIE 6.0; Windows NT 5.1)"
68.102.110.231 - - [23/Jan/2011:18:57:23 +0100] "GET /favicon.ico HTTP/1.1" 404 36 "-" "Mozilla/5.0 (Macintosh; U; Intel Mac OS X 10.5; en-US; rv:1.9.2.13) Gecko/20101203 Firefox/3.6.13"
68.102.110.231 - - [23/Jan/2011:18:57:24 +0100] "GET /favicon.ico HTTP/1.1" 404 36 "-" "Mozilla/5.0 (Macintosh; U; Intel Mac OS X 10.5; en-US; rv:1.9.2.13) Gecko/20101203 Firefox/3.6.13"
178.66.244.105 - - [23/Jan/2011:19:17:59 +0100] "GET /topics0/ HTTP/1.0" 404 18 "http://www.revision-zero.org/topics0/" "Mozilla/4.0 (compatible; MSIE 6.0; Windows NT 5.0)"
178.66.244.105 - - [23/Jan/2011:19:17:59 +0100] "GET / HTTP/1.0" 200 22603 "http://www.revision-zero.org/" "Mozilla/4.0 (compatible; MSIE 6.0; Windows NT 5.0)"
66.249.66.82 - - [23/Jan/2011:19:27:58 +0100] "GET /reuse HTTP/1.1" 200 7846 "-" "Mozilla/5.0 (compatible; Googlebot/2.1; +http://www.google.com/bot.html)"
72.14.199.76 - - [23/Jan/2011:19:31:50 +0100] "GET /rss HTTP/1.1" 200 66166 "-" "Feedfetcher-Google; (+http://www.google.com/feedfetcher.html; 6 subscribers; feed-id=9468211748000248502)"
207.46.199.189 - - [23/Jan/2011:20:12:52 +0100] "GET /robots.txt HTTP/1.1" 404 18 "-" "Mozilla/5.0 (compatible; bingbot/2.0; +http://www.bing.com/bingbot.htm)"
72.14.199.76 - - [23/Jan/2011:20:27:31 +0100] "GET /rss HTTP/1.1" 200 66166 "-" "Feedfetcher-Google; (+http://www.google.com/feedfetcher.html; 6 subscribers; feed-id=9468211748000248502)"
72.14.199.76 - - [23/Jan/2011:21:23:51 +0100] "GET /rss HTTP/1.1" 200 66166 "-" "Feedfetcher-Google; (+http://www.google.com/feedfetcher.html; 6 subscribers; feed-id=9468211748000248502)"
123.125.71.102 - - [23/Jan/2011:21:29:09 +0100] "GET / HTTP/1.1" 200 22603 "-" "Baiduspider+(+http://www.baidu.com/search/spider.htm)"
220.181.108.177 - - [23/Jan/2011:21:29:39 +0100] "GET / HTTP/1.1" 200 22603 "-" "Baiduspider+(+http://www.baidu.com/search/spider.htm)"
188.60.96.182 - - [23/Jan/2011:21:30:50 +0100] "GET /reuse HTTP/1.1" 200 7846 "http://www.google.com/" "Mozilla/5.0 (Macintosh; Intel Mac OS X 10.6; rv:2.0b9) Gecko/20100101 Firefox/4.0b9"
188.60.96.182 - - [23/Jan/2011:21:30:50 +0100] "GET /css/style.css HTTP/1.1" 200 10411 "http://www.revision-zero.org/reuse" "Mozilla/5.0 (Macintosh; Intel Mac OS X 10.6; rv:2.0b9) Gecko/20100101 Firefox/4.0b9"
188.60.96.182 - - [23/Jan/2011:21:30:50 +0100] "GET /js/revzero.js HTTP/1.1" 200 752 "http://www.revision-zero.org/reuse" "Mozilla/5.0 (Macintosh; Intel Mac OS X 10.6; rv:2.0b9) Gecko/20100101 Firefox/4.0b9"
188.60.96.182 - - [23/Jan/2011:21:30:50 +0100] "GET /images/mail.png HTTP/1.1" 200 1321 "http://www.revision-zero.org/reuse" "Mozilla/5.0 (Macintosh; Intel Mac OS X 10.6; rv:2.0b9) Gecko/20100101 Firefox/4.0b9"
188.60.96.182 - - [23/Jan/2011:21:30:50 +0100] "GET /images/github.png HTTP/1.1" 200 1655 "http://www.revision-zero.org/reuse" "Mozilla/5.0 (Macintosh; Intel Mac OS X 10.6; rv:2.0b9) Gecko/20100101 Firefox/4.0b9"
188.60.96.182 - - [23/Jan/2011:21:30:50 +0100] "GET /images/twitter.png HTTP/1.1" 200 2072 "http://www.revision-zero.org/reuse" "Mozilla/5.0 (Macintosh; Intel Mac OS X 10.6; rv:2.0b9) Gecko/20100101 Firefox/4.0b9"
188.60.96.182 - - [23/Jan/2011:21:30:50 +0100] "GET /images/rss.png HTTP/1.1" 200 2050 "http://www.revision-zero.org/reuse" "Mozilla/5.0 (Macintosh; Intel Mac OS X 10.6; rv:2.0b9) Gecko/20100101 Firefox/4.0b9"
188.60.96.182 - - [23/Jan/2011:21:30:50 +0100] "GET /images/valid-css.gif HTTP/1.1" 200 1547 "http://www.revision-zero.org/reuse" "Mozilla/5.0 (Macintosh; Intel Mac OS X 10.6; rv:2.0b9) Gecko/20100101 Firefox/4.0b9"
188.60.96.182 - - [23/Jan/2011:21:30:50 +0100] "GET /images/valid-xhtml.png HTTP/1.1" 200 1882 "http://www.revision-zero.org/reuse" "Mozilla/5.0 (Macintosh; Intel Mac OS X 10.6; rv:2.0b9) Gecko/20100101 Firefox/4.0b9"
188.60.96.182 - - [23/Jan/2011:21:30:50 +0100] "GET /js/jquery-1.4.1.min.js HTTP/1.1" 200 70843 "http://www.revision-zero.org/reuse" "Mozilla/5.0 (Macintosh; Intel Mac OS X 10.6; rv:2.0b9) Gecko/20100101 Firefox/4.0b9"
188.60.96.182 - - [23/Jan/2011:21:30:51 +0100] "GET /images/top.jpg HTTP/1.1" 200 3529 "http://www.revision-zero.org/css/style.css" "Mozilla/5.0 (Macintosh; Intel Mac OS X 10.6; rv:2.0b9) Gecko/20100101 Firefox/4.0b9"
188.60.96.182 - - [23/Jan/2011:21:30:51 +0100] "GET /images/content.jpg HTTP/1.1" 200 466 "http://www.revision-zero.org/css/style.css" "Mozilla/5.0 (Macintosh; Intel Mac OS X 10.6; rv:2.0b9) Gecko/20100101 Firefox/4.0b9"
188.60.96.182 - - [23/Jan/2011:21:30:51 +0100] "GET /images/menubg.jpg HTTP/1.1" 200 557 "http://www.revision-zero.org/css/style.css" "Mozilla/5.0 (Macintosh; Intel Mac OS X 10.6; rv:2.0b9) Gecko/20100101 Firefox/4.0b9"
188.60.96.182 - - [23/Jan/2011:21:30:51 +0100] "GET /images/contenth2.jpg HTTP/1.1" 200 346 "http://www.revision-zero.org/css/style.css" "Mozilla/5.0 (Macintosh; Intel Mac OS X 10.6; rv:2.0b9) Gecko/20100101 Firefox/4.0b9"
188.60.96.182 - - [23/Jan/2011:21:30:51 +0100] "GET /images/bottom.jpg HTTP/1.1" 200 2521 "http://www.revision-zero.org/css/style.css" "Mozilla/5.0 (Macintosh; Intel Mac OS X 10.6; rv:2.0b9) Gecko/20100101 Firefox/4.0b9"
188.60.96.182 - - [23/Jan/2011:21:30:51 +0100] "GET /favicon.ico HTTP/1.1" 404 36 "-" "Mozilla/5.0 (Macintosh; Intel Mac OS X 10.6; rv:2.0b9) Gecko/20100101 Firefox/4.0b9"
188.60.96.182 - - [23/Jan/2011:21:32:20 +0100] "GET /about HTTP/1.1" 200 4223 "http://www.revision-zero.org/reuse" "Mozilla/5.0 (Macintosh; Intel Mac OS X 10.6; rv:2.0b9) Gecko/20100101 Firefox/4.0b9"
188.60.96.182 - - [23/Jan/2011:21:32:35 +0100] "GET /-1 HTTP/1.1" 200 7846 "http://www.revision-zero.org/about" "Mozilla/5.0 (Macintosh; Intel Mac OS X 10.6; rv:2.0b9) Gecko/20100101 Firefox/4.0b9"
95.211.75.206 - - [23/Jan/2011:21:41:08 +0100] "GET / HTTP/1.0" 200 22603 "http://revision-zero.org/" "Mozilla/4.0 (compatible; MSIE 6.0; Windows NT 5.0; APC; .NET CLR 1.0.3705; .NET CLR 1.1.4322; .NET CLR 2.0.50215; InfoPath.1)"
72.14.199.76 - - [23/Jan/2011:22:17:31 +0100] "GET /rss HTTP/1.1" 304 - "-" "Feedfetcher-Google; (+http://www.google.com/feedfetcher.html; 6 subscribers; feed-id=9468211748000248502)"
72.14.199.76 - - [23/Jan/2011:23:18:21 +0100] "GET /rss HTTP/1.1" 304 - "-" "Feedfetcher-Google; (+http://www.google.com/feedfetcher.html; 6 subscribers; feed-id=9468211748000248502)"
67.195.112.27 - - [23/Jan/2011:23:26:31 +0100] "GET /noe HTTP/1.0" 200 5354 "-" "Mozilla/5.0 (compatible; Yahoo! Slurp; http://help.yahoo.com/help/us/ysearch/slurp)"
67.195.112.27 - - [23/Jan/2011:23:26:33 +0100] "GET /css/style.css HTTP/1.0" 304 - "http://www.revision-zero.org/noe" "Mozilla/5.0 (compatible; Yahoo! Slurp; http://help.yahoo.com/help/us/ysearch/slurp)"
67.195.112.27 - - [23/Jan/2011:23:28:52 +0100] "GET /document_at_earliest_point_of_usage HTTP/1.0" 404 36 "-" "Mozilla/5.0 (compatible; Yahoo! Slurp; http://help.yahoo.com/help/us/ysearch/slurp)"
67.195.111.236 - - [23/Jan/2011:23:48:08 +0100] "GET /robots.txt HTTP/1.0" 404 36 "-" "Mozilla/5.0 (compatible; Yahoo! Slurp; http://help.yahoo.com/help/us/ysearch/slurp)"
67.195.111.236 - - [23/Jan/2011:23:48:08 +0100] "GET / HTTP/1.0" 200 7846 "-" "Mozilla/5.0 (compatible; Yahoo! Slurp; http://help.yahoo.com/help/us/ysearch/slurp)"
67.195.111.236 - - [23/Jan/2011:23:48:09 +0100] "GET /css/style.css HTTP/1.0" 200 10411 "http://revision-zero.org/" "Mozilla/5.0 (compatible; Yahoo! Slurp; http://help.yahoo.com/help/us/ysearch/slurp)"
208.80.194.37 - - [24/Jan/2011:00:20:24 +0100] "GET / HTTP/1.0" 200 22603 "-" "Mozilla/4.0 (compatible; MSIE 7.0; Windows NT 5.1; YPC 3.2.0; MSDigitalLocker; FunWebProducts; .NET CLR 1.0.3705; .NET CLR 1.1.4322; Media Center PC 4.0; yplus 5.1.04b)"
72.14.199.76 - - [24/Jan/2011:00:21:51 +0100] "GET /rss HTTP/1.1" 304 - "-" "Feedfetcher-Google; (+http://www.google.com/feedfetcher.html; 6 subscribers; feed-id=9468211748000248502)"
72.14.199.76 - - [24/Jan/2011:01:20:57 +0100] "GET /rss HTTP/1.1" 304 - "-" "Feedfetcher-Google; (+http://www.google.com/feedfetcher.html; 6 subscribers; feed-id=9468211748000248502)"
123.125.66.110 - - [24/Jan/2011:01:24:23 +0100] "GET /robots.txt HTTP/1.1" 404 36 "-" "Baiduspider+(+http://www.baidu.com/search/spider.htm)"
123.125.71.94 - - [24/Jan/2011:01:29:49 +0100] "GET / HTTP/1.1" 200 22603 "-" "Baiduspider+(+http://www.baidu.com/search/spider.htm)"
220.181.108.185 - - [24/Jan/2011:01:30:18 +0100] "GET / HTTP/1.1" 200 22603 "-" "Baiduspider+(+http://www.baidu.com/search/spider.htm)"
119.63.196.32 - - [24/Jan/2011:01:59:00 +0100] "GET /robots.txt HTTP/1.1" 404 36 "-" "Baiduspider+(+http://www.baidu.com/search/spider.htm)"
94.158.34.45 - - [24/Jan/2011:02:05:02 +0100] "GET / HTTP/1.0" 200 22603 "http://www.revision-zero.org/" "Mozilla/4.0 (compatible; MSIE 6.0; Windows NT 5.1)"
94.158.34.45 - - [24/Jan/2011:02:05:03 +0100] "POST / HTTP/1.0" 200 22603 "http://www.revision-zero.org/" "Mozilla/4.0 (compatible; MSIE 6.0; Windows NT 5.1)"
94.158.34.45 - - [24/Jan/2011:02:05:03 +0100] "GET / HTTP/1.0" 200 22603 "http://www.revision-zero.org/" "Mozilla/4.0 (compatible; MSIE 6.0; Windows NT 5.1)"
95.108.128.242 - - [24/Jan/2011:02:13:23 +0100] "GET /robots.txt HTTP/1.1" 404 18 "-" "Mozilla/5.0 (compatible; YandexBot/3.0; +http://yandex.com/bots)"
72.14.199.76 - - [24/Jan/2011:02:24:07 +0100] "GET /rss HTTP/1.1" 304 - "-" "Feedfetcher-Google; (+http://www.google.com/feedfetcher.html; 6 subscribers; feed-id=9468211748000248502)"
121.96.249.86 - - [24/Jan/2011:02:44:06 +0100] "GET /logical_data_independence HTTP/1.0" 200 6095 "http://www.google.com.ph/url?sa=t&source=web&cd=8&ved=0CFkQFjAH&url=http%3A%2F%2Fwww.revision-zero.org%2Flogical_data_independence&rct=j&q=logical%20data%20independence&ei=itc8Te2qFc7XcemWjYUH&usg=AFQjCNHsaPFwFv2X-TSF09Xj6L8MP4ly8A" "Mozilla/5.0 (Windows; U; Windows NT 5.1; en-US; rv:1.9.2) Gecko/20100115 Firefox/3.6"
121.96.249.86 - - [24/Jan/2011:02:44:07 +0100] "GET /images/github.png HTTP/1.0" 200 1655 "http://www.revision-zero.org/logical_data_independence" "Mozilla/5.0 (Windows; U; Windows NT 5.1; en-US; rv:1.9.2) Gecko/20100115 Firefox/3.6"
121.96.249.86 - - [24/Jan/2011:02:44:07 +0100] "GET /css/style.css HTTP/1.0" 200 10411 "http://www.revision-zero.org/logical_data_independence" "Mozilla/5.0 (Windows; U; Windows NT 5.1; en-US; rv:1.9.2) Gecko/20100115 Firefox/3.6"
121.96.249.86 - - [24/Jan/2011:02:44:07 +0100] "GET /images/mail.png HTTP/1.0" 200 1321 "http://www.revision-zero.org/logical_data_independence" "Mozilla/5.0 (Windows; U; Windows NT 5.1; en-US; rv:1.9.2) Gecko/20100115 Firefox/3.6"
121.96.249.86 - - [24/Jan/2011:02:44:07 +0100] "GET /images/twitter.png HTTP/1.0" 200 2072 "http://www.revision-zero.org/logical_data_independence" "Mozilla/5.0 (Windows; U; Windows NT 5.1; en-US; rv:1.9.2) Gecko/20100115 Firefox/3.6"
121.96.249.86 - - [24/Jan/2011:02:44:07 +0100] "GET /js/revzero.js HTTP/1.0" 200 752 "http://www.revision-zero.org/logical_data_independence" "Mozilla/5.0 (Windows; U; Windows NT 5.1; en-US; rv:1.9.2) Gecko/20100115 Firefox/3.6"
121.96.249.86 - - [24/Jan/2011:02:44:08 +0100] "GET /images/rss.png HTTP/1.0" 200 2050 "http://www.revision-zero.org/logical_data_independence" "Mozilla/5.0 (Windows; U; Windows NT 5.1; en-US; rv:1.9.2) Gecko/20100115 Firefox/3.6"
121.96.249.86 - - [24/Jan/2011:02:44:07 +0100] "GET /js/jquery-1.4.1.min.js HTTP/1.0" 200 70843 "http://www.revision-zero.org/logical_data_independence" "Mozilla/5.0 (Windows; U; Windows NT 5.1; en-US; rv:1.9.2) Gecko/20100115 Firefox/3.6"
121.96.249.86 - - [24/Jan/2011:02:44:10 +0100] "GET /images/valid-css.gif HTTP/1.0" 200 1547 "http://www.revision-zero.org/logical_data_independence" "Mozilla/5.0 (Windows; U; Windows NT 5.1; en-US; rv:1.9.2) Gecko/20100115 Firefox/3.6"
121.96.249.86 - - [24/Jan/2011:02:44:10 +0100] "GET /images/valid-xhtml.png HTTP/1.0" 200 1882 "http://www.revision-zero.org/logical_data_independence" "Mozilla/5.0 (Windows; U; Windows NT 5.1; en-US; rv:1.9.2) Gecko/20100115 Firefox/3.6"
121.96.249.86 - - [24/Jan/2011:02:44:10 +0100] "GET /images/top.jpg HTTP/1.0" 200 3529 "http://www.revision-zero.org/css/style.css" "Mozilla/5.0 (Windows; U; Windows NT 5.1; en-US; rv:1.9.2) Gecko/20100115 Firefox/3.6"
121.96.249.86 - - [24/Jan/2011:02:44:10 +0100] "GET /images/content.jpg HTTP/1.0" 200 466 "http://www.revision-zero.org/css/style.css" "Mozilla/5.0 (Windows; U; Windows NT 5.1; en-US; rv:1.9.2) Gecko/20100115 Firefox/3.6"
121.96.249.86 - - [24/Jan/2011:02:44:10 +0100] "GET /images/menubg.jpg HTTP/1.0" 200 557 "http://www.revision-zero.org/css/style.css" "Mozilla/5.0 (Windows; U; Windows NT 5.1; en-US; rv:1.9.2) Gecko/20100115 Firefox/3.6"
121.96.249.86 - - [24/Jan/2011:02:44:10 +0100] "GET /images/contenth2.jpg HTTP/1.0" 200 346 "http://www.revision-zero.org/css/style.css" "Mozilla/5.0 (Windows; U; Windows NT 5.1; en-US; rv:1.9.2) Gecko/20100115 Firefox/3.6"
121.96.249.86 - - [24/Jan/2011:02:44:11 +0100] "GET /images/bottom.jpg HTTP/1.0" 200 2521 "http://www.revision-zero.org/css/style.css" "Mozilla/5.0 (Windows; U; Windows NT 5.1; en-US; rv:1.9.2) Gecko/20100115 Firefox/3.6"
121.96.249.86 - - [24/Jan/2011:02:44:13 +0100] "GET /favicon.ico HTTP/1.0" 404 36 "-" "Mozilla/5.0 (Windows; U; Windows NT 5.1; en-US; rv:1.9.2) Gecko/20100115 Firefox/3.6"
65.52.110.66 - - [24/Jan/2011:02:59:33 +0100] "GET /robots.txt HTTP/1.1" 404 18 "-" "Mozilla/5.0 (compatible; bingbot/2.0; +http://www.bing.com/bingbot.htm)"
65.52.110.66 - - [24/Jan/2011:03:01:17 +0100] "GET /-1 HTTP/1.1" 200 7846 "-" "Mozilla/5.0 (compatible; bingbot/2.0; +http://www.bing.com/bingbot.htm)"
72.14.199.76 - - [24/Jan/2011:03:16:27 +0100] "GET /rss HTTP/1.1" 304 - "-" "Feedfetcher-Google; (+http://www.google.com/feedfetcher.html; 6 subscribers; feed-id=9468211748000248502)"
123.125.71.106 - - [24/Jan/2011:03:31:03 +0100] "GET / HTTP/1.1" 200 22603 "-" "Baiduspider+(+http://www.baidu.com/search/spider.htm)"
220.181.108.173 - - [24/Jan/2011:03:31:33 +0100] "GET / HTTP/1.1" 200 22603 "-" "Baiduspider+(+http://www.baidu.com/search/spider.htm)"
66.249.66.82 - - [24/Jan/2011:03:41:30 +0100] "GET /robots.txt HTTP/1.1" 404 36 "-" "Mozilla/5.0 (compatible; Googlebot/2.1; +http://www.google.com/bot.html)"
65.52.49.77 - - [24/Jan/2011:03:59:18 +0100] "GET /robots.txt HTTP/1.1" 404 18 "-" "Mozilla/5.0 (compatible; bingbot/2.0; +http://www.bing.com/bingbot.htm)"
72.14.199.76 - - [24/Jan/2011:04:15:17 +0100] "GET /rss HTTP/1.1" 200 66166 "-" "Feedfetcher-Google; (+http://www.google.com/feedfetcher.html; 6 subscribers; feed-id=9468211748000248502)"
98.251.59.111 - - [24/Jan/2011:04:18:24 +0100] "GET /logical_data_independence HTTP/1.1" 200 6095 "http://www.google.com/url?sa=t&source=web&cd=9&ved=0CFgQFjAI&url=http%3A%2F%2Fwww.revision-zero.org%2Flogical_data_independence&rct=j&q=what%20is%20logical%20independence&ei=kO48TfG6N8LqgQexh52BCQ&usg=AFQjCNHsaPFwFv2X-TSF09Xj6L8MP4ly8A" "Mozilla/4.0 (compatible; MSIE 8.0; Windows NT 6.0; Trident/4.0; FunWebProducts; GTB5; SLCC1; .NET CLR 2.0.50727; InfoPath.2; .NET CLR 3.5.30729; .NET CLR 3.0.30729; .NET4.0C; NET_mmhpset; [xSP_2:547751b5a7455493d446ddef367efcf1_208]; 999600353803)"
98.251.59.111 - - [24/Jan/2011:04:18:24 +0100] "GET /css/style.css HTTP/1.1" 200 10411 "http://www.revision-zero.org/logical_data_independence" "Mozilla/4.0 (compatible; MSIE 8.0; Windows NT 6.0; Trident/4.0; FunWebProducts; GTB5; SLCC1; .NET CLR 2.0.50727; InfoPath.2; .NET CLR 3.5.30729; .NET CLR 3.0.30729; .NET4.0C; NET_mmhpset; [xSP_2:547751b5a7455493d446ddef367efcf1_208]; 999600353803)"
98.251.59.111 - - [24/Jan/2011:04:18:24 +0100] "GET /js/revzero.js HTTP/1.1" 200 752 "http://www.revision-zero.org/logical_data_independence" "Mozilla/4.0 (compatible; MSIE 8.0; Windows NT 6.0; Trident/4.0; FunWebProducts; GTB5; SLCC1; .NET CLR 2.0.50727; InfoPath.2; .NET CLR 3.5.30729; .NET CLR 3.0.30729; .NET4.0C; NET_mmhpset; [xSP_2:547751b5a7455493d446ddef367efcf1_208]; 999600353803)"
98.251.59.111 - - [24/Jan/2011:04:18:24 +0100] "GET /js/jquery-1.4.1.min.js HTTP/1.1" 200 70843 "http://www.revision-zero.org/logical_data_independence" "Mozilla/4.0 (compatible; MSIE 8.0; Windows NT 6.0; Trident/4.0; FunWebProducts; GTB5; SLCC1; .NET CLR 2.0.50727; InfoPath.2; .NET CLR 3.5.30729; .NET CLR 3.0.30729; .NET4.0C; NET_mmhpset; [xSP_2:547751b5a7455493d446ddef367efcf1_208]; 999600353803)"
98.251.59.111 - - [24/Jan/2011:04:18:25 +0100] "GET /images/mail.png HTTP/1.1" 200 1321 "http://www.revision-zero.org/logical_data_independence" "Mozilla/4.0 (compatible; MSIE 8.0; Windows NT 6.0; Trident/4.0; FunWebProducts; GTB5; SLCC1; .NET CLR 2.0.50727; InfoPath.2; .NET CLR 3.5.30729; .NET CLR 3.0.30729; .NET4.0C; NET_mmhpset; [xSP_2:547751b5a7455493d446ddef367efcf1_208]; 999600353803)"
98.251.59.111 - - [24/Jan/2011:04:18:25 +0100] "GET /images/twitter.png HTTP/1.1" 200 2072 "http://www.revision-zero.org/logical_data_independence" "Mozilla/4.0 (compatible; MSIE 8.0; Windows NT 6.0; Trident/4.0; FunWebProducts; GTB5; SLCC1; .NET CLR 2.0.50727; InfoPath.2; .NET CLR 3.5.30729; .NET CLR 3.0.30729; .NET4.0C; NET_mmhpset; [xSP_2:547751b5a7455493d446ddef367efcf1_208]; 999600353803)"
98.251.59.111 - - [24/Jan/2011:04:18:25 +0100] "GET /images/github.png HTTP/1.1" 200 1655 "http://www.revision-zero.org/logical_data_independence" "Mozilla/4.0 (compatible; MSIE 8.0; Windows NT 6.0; Trident/4.0; FunWebProducts; GTB5; SLCC1; .NET CLR 2.0.50727; InfoPath.2; .NET CLR 3.5.30729; .NET CLR 3.0.30729; .NET4.0C; NET_mmhpset; [xSP_2:547751b5a7455493d446ddef367efcf1_208]; 999600353803)"
98.251.59.111 - - [24/Jan/2011:04:18:25 +0100] "GET /images/menubg.jpg HTTP/1.1" 200 557 "http://www.revision-zero.org/logical_data_independence" "Mozilla/4.0 (compatible; MSIE 8.0; Windows NT 6.0; Trident/4.0; FunWebProducts; GTB5; SLCC1; .NET CLR 2.0.50727; InfoPath.2; .NET CLR 3.5.30729; .NET CLR 3.0.30729; .NET4.0C; NET_mmhpset; [xSP_2:547751b5a7455493d446ddef367efcf1_208]; 999600353803)"
98.251.59.111 - - [24/Jan/2011:04:18:25 +0100] "GET /images/rss.png HTTP/1.1" 200 2050 "http://www.revision-zero.org/logical_data_independence" "Mozilla/4.0 (compatible; MSIE 8.0; Windows NT 6.0; Trident/4.0; FunWebProducts; GTB5; SLCC1; .NET CLR 2.0.50727; InfoPath.2; .NET CLR 3.5.30729; .NET CLR 3.0.30729; .NET4.0C; NET_mmhpset; [xSP_2:547751b5a7455493d446ddef367efcf1_208]; 999600353803)"
98.251.59.111 - - [24/Jan/2011:04:18:25 +0100] "GET /images/valid-css.gif HTTP/1.1" 200 1547 "http://www.revision-zero.org/logical_data_independence" "Mozilla/4.0 (compatible; MSIE 8.0; Windows NT 6.0; Trident/4.0; FunWebProducts; GTB5; SLCC1; .NET CLR 2.0.50727; InfoPath.2; .NET CLR 3.5.30729; .NET CLR 3.0.30729; .NET4.0C; NET_mmhpset; [xSP_2:547751b5a7455493d446ddef367efcf1_208]; 999600353803)"
98.251.59.111 - - [24/Jan/2011:04:18:25 +0100] "GET /images/content.jpg HTTP/1.1" 200 466 "http://www.revision-zero.org/logical_data_independence" "Mozilla/4.0 (compatible; MSIE 8.0; Windows NT 6.0; Trident/4.0; FunWebProducts; GTB5; SLCC1; .NET CLR 2.0.50727; InfoPath.2; .NET CLR 3.5.30729; .NET CLR 3.0.30729; .NET4.0C; NET_mmhpset; [xSP_2:547751b5a7455493d446ddef367efcf1_208]; 999600353803)"
98.251.59.111 - - [24/Jan/2011:04:18:25 +0100] "GET /images/top.jpg HTTP/1.1" 200 3529 "http://www.revision-zero.org/logical_data_independence" "Mozilla/4.0 (compatible; MSIE 8.0; Windows NT 6.0; Trident/4.0; FunWebProducts; GTB5; SLCC1; .NET CLR 2.0.50727; InfoPath.2; .NET CLR 3.5.30729; .NET CLR 3.0.30729; .NET4.0C; NET_mmhpset; [xSP_2:547751b5a7455493d446ddef367efcf1_208]; 999600353803)"
98.251.59.111 - - [24/Jan/2011:04:18:25 +0100] "GET /images/valid-xhtml.png HTTP/1.1" 200 1882 "http://www.revision-zero.org/logical_data_independence" "Mozilla/4.0 (compatible; MSIE 8.0; Windows NT 6.0; Trident/4.0; FunWebProducts; GTB5; SLCC1; .NET CLR 2.0.50727; InfoPath.2; .NET CLR 3.5.30729; .NET CLR 3.0.30729; .NET4.0C; NET_mmhpset; [xSP_2:547751b5a7455493d446ddef367efcf1_208]; 999600353803)"
98.251.59.111 - - [24/Jan/2011:04:18:25 +0100] "GET /images/contenth2.jpg HTTP/1.1" 200 346 "http://www.revision-zero.org/logical_data_independence" "Mozilla/4.0 (compatible; MSIE 8.0; Windows NT 6.0; Trident/4.0; FunWebProducts; GTB5; SLCC1; .NET CLR 2.0.50727; InfoPath.2; .NET CLR 3.5.30729; .NET CLR 3.0.30729; .NET4.0C; NET_mmhpset; [xSP_2:547751b5a7455493d446ddef367efcf1_208]; 999600353803)"
98.251.59.111 - - [24/Jan/2011:04:18:25 +0100] "GET /images/bottom.jpg HTTP/1.1" 200 2521 "http://www.revision-zero.org/logical_data_independence" "Mozilla/4.0 (compatible; MSIE 8.0; Windows NT 6.0; Trident/4.0; FunWebProducts; GTB5; SLCC1; .NET CLR 2.0.50727; InfoPath.2; .NET CLR 3.5.30729; .NET CLR 3.0.30729; .NET4.0C; NET_mmhpset; [xSP_2:547751b5a7455493d446ddef367efcf1_208]; 999600353803)"
98.251.59.111 - - [24/Jan/2011:04:18:26 +0100] "GET /favicon.ico HTTP/1.1" 404 36 "-" "Mozilla/4.0 (compatible; MSIE 8.0; Windows NT 6.0; Trident/4.0; FunWebProducts; GTB5; SLCC1; .NET CLR 2.0.50727; InfoPath.2; .NET CLR 3.5.30729; .NET CLR 3.0.30729; .NET4.0C; NET_mmhpset; [xSP_2:547751b5a7455493d446ddef367efcf1_208]; 999600353803)"
98.251.59.111 - - [24/Jan/2011:04:18:26 +0100] "GET /favicon.ico HTTP/1.1" 404 36 "-" "Mozilla/5.0 (compatible; Google Desktop/5.9.1005.12335; http://desktop.google.com/)"
123.125.71.106 - - [24/Jan/2011:04:30:45 +0100] "GET / HTTP/1.1" 200 22603 "-" "Baiduspider+(+http://www.baidu.com/search/spider.htm)"
220.181.108.183 - - [24/Jan/2011:04:31:15 +0100] "GET / HTTP/1.1" 200 22603 "-" "Baiduspider+(+http://www.baidu.com/search/spider.htm)"
91.201.66.60 - - [24/Jan/2011:04:45:17 +0100] "GET / HTTP/1.0" 200 22603 "http://www.revision-zero.org/" "Mozilla/4.0 (compatible; MSIE 6.0; Windows NT 5.1; SV1)"
89.149.223.230 - - [24/Jan/2011:04:49:58 +0100] "GET / HTTP/1.0" 200 22603 "http://www.revision-zero.org/" "Mozilla/4.0 (compatible; MSIE 6.0; Windows XP)"
207.46.13.143 - - [24/Jan/2011:04:58:26 +0100] "GET /robots.txt HTTP/1.1" 404 18 "-" "Mozilla/5.0 (compatible; bingbot/2.0; +http://www.bing.com/bingbot.htm)"
207.46.13.143 - - [24/Jan/2011:04:59:17 +0100] "GET / HTTP/1.1" 200 7846 "-" "Mozilla/5.0 (compatible; bingbot/2.0; +http://www.bing.com/bingbot.htm)"
72.14.199.76 - - [24/Jan/2011:05:22:38 +0100] "GET /rss HTTP/1.1" 304 - "-" "Feedfetcher-Google; (+http://www.google.com/feedfetcher.html; 6 subscribers; feed-id=9468211748000248502)"
207.46.204.189 - - [24/Jan/2011:06:07:24 +0100] "GET /robots.txt HTTP/1.1" 404 18 "-" "Mozilla/5.0 (compatible; bingbot/2.0; +http://www.bing.com/bingbot.htm)"
67.195.112.27 - - [24/Jan/2011:06:09:20 +0100] "GET /robots.txt HTTP/1.0" 404 36 "-" "Mozilla/5.0 (compatible; Yahoo! Slurp; http://help.yahoo.com/help/us/ysearch/slurp)"
67.195.112.27 - - [24/Jan/2011:06:09:20 +0100] "GET /wlang HTTP/1.0" 200 6680 "-" "Mozilla/5.0 (compatible; Yahoo! Slurp; http://help.yahoo.com/help/us/ysearch/slurp)"
67.195.112.27 - - [24/Jan/2011:06:09:21 +0100] "GET /css/style.css HTTP/1.0" 200 10411 "http://www.revision-zero.org/wlang" "Mozilla/5.0 (compatible; Yahoo! Slurp; http://help.yahoo.com/help/us/ysearch/slurp)"
207.46.204.189 - - [24/Jan/2011:06:09:23 +0100] "GET /independence HTTP/1.1" 200 7025 "-" "Mozilla/5.0 (compatible; bingbot/2.0; +http://www.bing.com/bingbot.htm)"
72.14.199.76 - - [24/Jan/2011:06:13:08 +0100] "GET /rss HTTP/1.1" 200 66166 "-" "Feedfetcher-Google; (+http://www.google.com/feedfetcher.html; 6 subscribers; feed-id=9468211748000248502)"
202.164.39.26 - - [24/Jan/2011:06:14:41 +0100] "GET /logical_data_independence HTTP/1.0" 200 6095 "http://www.google.co.in/search?hl=en&client=firefox-a&rls=org.mozilla%3Aen-US%3Aofficial&channel=s&q=physical+data+independence+example&btnG=Search&aq=f&aqi=&aql=&oq=" "Mozilla/5.0 (Windows; U; Windows NT 5.1; en-US; rv:1.9.2.13) Gecko/20101203 Firefox/3.6.13"
202.164.39.26 - - [24/Jan/2011:06:14:41 +0100] "GET /images/rss.png HTTP/1.0" 200 2050 "http://www.revision-zero.org/logical_data_independence" "Mozilla/5.0 (Windows; U; Windows NT 5.1; en-US; rv:1.9.2.13) Gecko/20101203 Firefox/3.6.13"
202.164.39.26 - - [24/Jan/2011:06:14:42 +0100] "GET /images/github.png HTTP/1.0" 200 1655 "http://www.revision-zero.org/logical_data_independence" "Mozilla/5.0 (Windows; U; Windows NT 5.1; en-US; rv:1.9.2.13) Gecko/20101203 Firefox/3.6.13"
202.164.39.26 - - [24/Jan/2011:06:14:51 +0100] "GET /css/style.css HTTP/1.0" 200 10411 "http://www.revision-zero.org/logical_data_independence" "Mozilla/5.0 (Windows; U; Windows NT 5.1; en-US; rv:1.9.2.13) Gecko/20101203 Firefox/3.6.13"
202.164.39.26 - - [24/Jan/2011:06:14:54 +0100] "GET /js/revzero.js HTTP/1.0" 200 752 "http://www.revision-zero.org/logical_data_independence" "Mozilla/5.0 (Windows; U; Windows NT 5.1; en-US; rv:1.9.2.13) Gecko/20101203 Firefox/3.6.13"
202.164.39.26 - - [24/Jan/2011:06:14:55 +0100] "GET /images/mail.png HTTP/1.0" 200 1321 "http://www.revision-zero.org/logical_data_independence" "Mozilla/5.0 (Windows; U; Windows NT 5.1; en-US; rv:1.9.2.13) Gecko/20101203 Firefox/3.6.13"
202.164.39.26 - - [24/Jan/2011:06:14:55 +0100] "GET /js/jquery-1.4.1.min.js HTTP/1.0" 200 70843 "http://www.revision-zero.org/logical_data_independence" "Mozilla/5.0 (Windows; U; Windows NT 5.1; en-US; rv:1.9.2.13) Gecko/20101203 Firefox/3.6.13"
202.164.39.26 - - [24/Jan/2011:06:14:58 +0100] "GET /images/twitter.png HTTP/1.0" 200 2072 "http://www.revision-zero.org/logical_data_independence" "Mozilla/5.0 (Windows; U; Windows NT 5.1; en-US; rv:1.9.2.13) Gecko/20101203 Firefox/3.6.13"
202.164.39.26 - - [24/Jan/2011:06:14:58 +0100] "GET /images/valid-css.gif HTTP/1.0" 200 1547 "http://www.revision-zero.org/logical_data_independence" "Mozilla/5.0 (Windows; U; Windows NT 5.1; en-US; rv:1.9.2.13) Gecko/20101203 Firefox/3.6.13"
202.164.39.26 - - [24/Jan/2011:06:14:58 +0100] "GET /images/valid-xhtml.png HTTP/1.0" 200 1882 "http://www.revision-zero.org/logical_data_independence" "Mozilla/5.0 (Windows; U; Windows NT 5.1; en-US; rv:1.9.2.13) Gecko/20101203 Firefox/3.6.13"
202.164.39.26 - - [24/Jan/2011:06:14:58 +0100] "GET /images/top.jpg HTTP/1.0" 200 3529 "http://www.revision-zero.org/css/style.css" "Mozilla/5.0 (Windows; U; Windows NT 5.1; en-US; rv:1.9.2.13) Gecko/20101203 Firefox/3.6.13"
202.164.39.26 - - [24/Jan/2011:06:14:58 +0100] "GET /images/contenth2.jpg HTTP/1.0" 200 346 "http://www.revision-zero.org/css/style.css" "Mozilla/5.0 (Windows; U; Windows NT 5.1; en-US; rv:1.9.2.13) Gecko/20101203 Firefox/3.6.13"
202.164.39.26 - - [24/Jan/2011:06:14:58 +0100] "GET /images/content.jpg HTTP/1.0" 200 466 "http://www.revision-zero.org/css/style.css" "Mozilla/5.0 (Windows; U; Windows NT 5.1; en-US; rv:1.9.2.13) Gecko/20101203 Firefox/3.6.13"
202.164.39.26 - - [24/Jan/2011:06:14:58 +0100] "GET /images/menubg.jpg HTTP/1.0" 200 557 "http://www.revision-zero.org/css/style.css" "Mozilla/5.0 (Windows; U; Windows NT 5.1; en-US; rv:1.9.2.13) Gecko/20101203 Firefox/3.6.13"
202.164.39.26 - - [24/Jan/2011:06:14:58 +0100] "GET /images/bottom.jpg HTTP/1.0" 200 2521 "http://www.revision-zero.org/css/style.css" "Mozilla/5.0 (Windows; U; Windows NT 5.1; en-US; rv:1.9.2.13) Gecko/20101203 Firefox/3.6.13"
202.164.39.26 - - [24/Jan/2011:06:15:00 +0100] "GET /favicon.ico HTTP/1.0" 404 36 "-" "Mozilla/5.0 (Windows; U; Windows NT 5.1; en-US; rv:1.9.2.13) Gecko/20101203 Firefox/3.6.13"
217.64.247.99 - - [24/Jan/2011:07:02:07 +0100] "GET /images/noe/dotnoe.gif HTTP/1.1" 200 22927 "http://www.google.be/reader/view/?hl=fr&tab=wy" "Mozilla/5.0 (Windows; U; Windows NT 6.1; en-US) AppleWebKit/534.10 (KHTML, like Gecko) Chrome/8.0.552.224 Safari/534.10"
217.64.247.99 - - [24/Jan/2011:07:02:07 +0100] "GET /images/noe/safe_override.png HTTP/1.1" 200 25637 "http://www.google.be/reader/view/?hl=fr&tab=wy" "Mozilla/5.0 (Windows; U; Windows NT 6.1; en-US) AppleWebKit/534.10 (KHTML, like Gecko) Chrome/8.0.552.224 Safari/534.10"
217.64.247.99 - - [24/Jan/2011:07:02:07 +0100] "GET /images/noe/wlang_is_great.gif HTTP/1.1" 200 36807 "http://www.google.be/reader/view/?hl=fr&tab=wy" "Mozilla/5.0 (Windows; U; Windows NT 6.1; en-US) AppleWebKit/534.10 (KHTML, like Gecko) Chrome/8.0.552.224 Safari/534.10"
217.64.247.99 - - [24/Jan/2011:07:02:07 +0100] "GET /images/noe/workflow.gif HTTP/1.1" 200 43090 "http://www.google.be/reader/view/?hl=fr&tab=wy" "Mozilla/5.0 (Windows; U; Windows NT 6.1; en-US) AppleWebKit/534.10 (KHTML, like Gecko) Chrome/8.0.552.224 Safari/534.10"
72.14.199.76 - - [24/Jan/2011:07:05:28 +0100] "GET /rss HTTP/1.1" 200 66166 "-" "Feedfetcher-Google; (+http://www.google.com/feedfetcher.html; 6 subscribers; feed-id=9468211748000248502)"
95.108.128.242 - - [24/Jan/2011:07:22:31 +0100] "GET /kernel_dot_spawn HTTP/1.1" 200 3629 "-" "Mozilla/5.0 (compatible; YandexBot/3.0; +http://yandex.com/bots)"
207.46.13.89 - - [24/Jan/2011:07:32:37 +0100] "GET /robots.txt HTTP/1.1" 404 18 "-" "Mozilla/5.0 (compatible; bingbot/2.0; +http://www.bing.com/bingbot.htm)"
207.46.13.89 - - [24/Jan/2011:07:33:22 +0100] "GET /waw HTTP/1.1" 404 36 "-" "Mozilla/5.0 (compatible; bingbot/2.0; +http://www.bing.com/bingbot.htm)"
67.16.94.2 - - [24/Jan/2011:07:52:36 +0100] "GET /robots.txt HTTP/1.0" 404 18 "-" "Gigabot/3.0 (http://www.gigablast.com/spider.html)"
67.16.94.2 - - [24/Jan/2011:07:52:37 +0100] "GET / HTTP/1.0" 200 22603 "-" "Gigabot/3.0 (http://www.gigablast.com/spider.html)"
72.14.199.76 - - [24/Jan/2011:07:57:48 +0100] "GET /rss HTTP/1.1" 200 66166 "-" "Feedfetcher-Google; (+http://www.google.com/feedfetcher.html; 6 subscribers; feed-id=9468211748000248502)"
220.181.108.166 - - [24/Jan/2011:07:59:23 +0100] "GET / HTTP/1.1" 200 7846 "-" "Baiduspider+(+http://www.baidu.com/search/spider.htm)"
130.104.228.27 - - [24/Jan/2011:08:48:09 +0100] "GET /logical_data_independence HTTP/1.1" 200 6095 "http://www.google.com.ph/url?sa=t&source=web&cd=8&ved=0CFkQFjAH&url=http%3A%2F%2Fwww.revision-zero.org%2Flogical_data_independence&rct=j&q=logical%20data%20independence&ei=itc8Te2qFc7XcemWjYUH&usg=AFQjCNHsaPFwFv2X-TSF09Xj6L8MP4ly8A" "Mozilla/5.0 (Macintosh; U; Intel Mac OS X 10_5_8; en-US) AppleWebKit/534.10 (KHTML, like Gecko) Chrome/8.0.552.237 Safari/534.10"
130.104.228.27 - - [24/Jan/2011:08:48:09 +0100] "GET /css/style.css HTTP/1.1" 200 10411 "http://www.revision-zero.org/logical_data_independence" "Mozilla/5.0 (Macintosh; U; Intel Mac OS X 10_5_8; en-US) AppleWebKit/534.10 (KHTML, like Gecko) Chrome/8.0.552.237 Safari/534.10"
130.104.228.27 - - [24/Jan/2011:08:48:09 +0100] "GET /js/revzero.js HTTP/1.1" 200 752 "http://www.revision-zero.org/logical_data_independence" "Mozilla/5.0 (Macintosh; U; Intel Mac OS X 10_5_8; en-US) AppleWebKit/534.10 (KHTML, like Gecko) Chrome/8.0.552.237 Safari/534.10"
130.104.228.27 - - [24/Jan/2011:08:48:09 +0100] "GET /images/twitter.png HTTP/1.1" 200 2072 "http://www.revision-zero.org/logical_data_independence" "Mozilla/5.0 (Macintosh; U; Intel Mac OS X 10_5_8; en-US) AppleWebKit/534.10 (KHTML, like Gecko) Chrome/8.0.552.237 Safari/534.10"
130.104.228.27 - - [24/Jan/2011:08:48:09 +0100] "GET /images/mail.png HTTP/1.1" 200 1321 "http://www.revision-zero.org/logical_data_independence" "Mozilla/5.0 (Macintosh; U; Intel Mac OS X 10_5_8; en-US) AppleWebKit/534.10 (KHTML, like Gecko) Chrome/8.0.552.237 Safari/534.10"
130.104.228.27 - - [24/Jan/2011:08:48:09 +0100] "GET /images/github.png HTTP/1.1" 200 1655 "http://www.revision-zero.org/logical_data_independence" "Mozilla/5.0 (Macintosh; U; Intel Mac OS X 10_5_8; en-US) AppleWebKit/534.10 (KHTML, like Gecko) Chrome/8.0.552.237 Safari/534.10"
130.104.228.27 - - [24/Jan/2011:08:48:09 +0100] "GET /images/rss.png HTTP/1.1" 200 2050 "http://www.revision-zero.org/logical_data_independence" "Mozilla/5.0 (Macintosh; U; Intel Mac OS X 10_5_8; en-US) AppleWebKit/534.10 (KHTML, like Gecko) Chrome/8.0.552.237 Safari/534.10"
130.104.228.27 - - [24/Jan/2011:08:48:09 +0100] "GET /js/jquery-1.4.1.min.js HTTP/1.1" 200 70843 "http://www.revision-zero.org/logical_data_independence" "Mozilla/5.0 (Macintosh; U; Intel Mac OS X 10_5_8; en-US) AppleWebKit/534.10 (KHTML, like Gecko) Chrome/8.0.552.237 Safari/534.10"
130.104.228.27 - - [24/Jan/2011:08:48:09 +0100] "GET /images/top.jpg HTTP/1.1" 200 3529 "http://www.revision-zero.org/logical_data_independence" "Mozilla/5.0 (Macintosh; U; Intel Mac OS X 10_5_8; en-US) AppleWebKit/534.10 (KHTML, like Gecko) Chrome/8.0.552.237 Safari/534.10"
