66.249.66.44 - - [27/Jan/2011:01:13:21 +0100] "GET /css/style.css HTTP/1.1" 200 10516 "-" "DoCoMo/2.0 N905i(c100;TB;W24H16) (compatible; Googlebot-Mobile/2.1; +http://www.google.com/bot.html)"
208.80.194.36 - - [27/Jan/2011:01:40:54 +0100] "GET / HTTP/1.0" 200 24227 "-" "Mozilla/4.0 (compatible; MSIE 6.0; Windows NT 5.1; SV1; ga=MDAwZDYwZWQ0MjZh; .NET CLR 2.0.50727)"
72.14.199.76 - - [27/Jan/2011:02:06:13 +0100] "GET /rss HTTP/1.1" 304 - "-" "Feedfetcher-Google; (+http://www.google.com/feedfetcher.html; 6 subscribers; feed-id=9468211748000248502)"
95.25.138.150 - - [27/Jan/2011:02:11:30 +0100] "GET / HTTP/1.0" 200 24227 "http://www.revision-zero.org/" "Opera/8.00 (Windows NT 5.1; U; en)"
123.125.66.106 - - [27/Jan/2011:02:24:32 +0100] "GET /robots.txt HTTP/1.1" 404 36 "-" "Baiduspider+(+http://www.baidu.com/search/spider.htm)"
195.54.162.128 - - [27/Jan/2011:02:24:58 +0100] "GET /topics0 HTTP/1.1" 200 12701 "-" "xpymep.exe"
91.201.66.69 - - [27/Jan/2011:02:36:26 +0100] "GET / HTTP/1.0" 200 24227 "http://www.revision-zero.org/" "Mozilla/4.0 (compatible; MSIE 6.0; Windows NT 5.1; MyIE2; Deepnet Explorer)"
95.108.158.244 - - [27/Jan/2011:03:00:25 +0100] "GET /robots.txt HTTP/1.1" 404 18 "-" "Mozilla/5.0 (compatible; YandexImages/3.0; +http://yandex.com/bots)"
207.46.204.180 - - [27/Jan/2011:03:08:15 +0100] "GET /robots.txt HTTP/1.1" 404 18 "-" "Mozilla/5.0 (compatible; bingbot/2.0; +http://www.bing.com/bingbot.htm)"
207.46.204.180 - - [27/Jan/2011:03:09:00 +0100] "GET /wlang2 HTTP/1.1" 404 36 "-" "Mozilla/5.0 (compatible; bingbot/2.0; +http://www.bing.com/bingbot.htm)"
72.14.199.76 - - [27/Jan/2011:03:09:59 +0100] "GET /rss HTTP/1.1" 200 82648 "-" "Feedfetcher-Google; (+http://www.google.com/feedfetcher.html; 6 subscribers; feed-id=9468211748000248502)"
88.131.106.8 - - [27/Jan/2011:03:16:36 +0100] "GET /robots.txt HTTP/1.0" 404 36 "-" "Mozilla/5.0 (Windows; U; Windows NT 5.1; en-US) Speedy Spider (http://www.entireweb.com/about/search_tech/speedy_spider/)"
88.131.106.7 - - [27/Jan/2011:03:16:36 +0100] "GET /8 HTTP/1.0" 200 3978 "-" "Mozilla/5.0 (Windows; U; Windows NT 5.1; en-US) Speedy Spider (http://www.entireweb.com/about/search_tech/speedy_spider/)"
80.67.13.43 - - [27/Jan/2011:03:23:17 +0100] "GET /downloads/revision-zero.html HTTP/1.0" 200 375037 "http://www.revision-zero.org/downloads/revision-zero.html" "Mozilla/4.0 (compatible; MSIE 6.0; Windows NT 5.1; MRA 4.3 (build 01218); .NET CLR 1.1.4322)"
72.14.199.76 - - [27/Jan/2011:04:01:49 +0100] "GET /rss HTTP/1.1" 200 82648 "-" "Feedfetcher-Google; (+http://www.google.com/feedfetcher.html; 6 subscribers; feed-id=9468211748000248502)"
220.181.108.174 - - [27/Jan/2011:04:20:49 +0100] "GET / HTTP/1.1" 200 6976 "-" "Baiduspider+(+http://www.baidu.com/search/spider.htm)"
220.181.108.172 - - [27/Jan/2011:04:20:55 +0100] "GET /14 HTTP/1.1" 404 36 "-" "Baiduspider+(+http://www.baidu.com/search/spider.htm)"
220.181.108.175 - - [27/Jan/2011:04:20:57 +0100] "GET /benchmarking HTTP/1.1" 200 6976 "-" "Baiduspider+(+http://www.baidu.com/search/spider.htm)"
72.14.199.76 - - [27/Jan/2011:05:10:49 +0100] "GET /rss HTTP/1.1" 304 - "-" "Feedfetcher-Google; (+http://www.google.com/feedfetcher.html; 6 subscribers; feed-id=9468211748000248502)"
207.46.13.88 - - [27/Jan/2011:05:11:19 +0100] "GET /robots.txt HTTP/1.1" 404 18 "-" "Mozilla/5.0 (compatible; bingbot/2.0; +http://www.bing.com/bingbot.htm)"
207.46.13.88 - - [27/Jan/2011:05:12:22 +0100] "GET /11 HTTP/1.1" 200 3644 "-" "Mozilla/5.0 (compatible; bingbot/2.0; +http://www.bing.com/bingbot.htm)"
178.137.151.82 - - [27/Jan/2011:05:33:40 +0100] "GET /topics0/ HTTP/1.0" 404 18 "http://www.revision-zero.org/topics0/" "Mozilla/4.0 (compatible; MSIE 6.0; Windows NT 5.2; Win64; AMD64)"
178.137.151.82 - - [27/Jan/2011:05:33:40 +0100] "GET / HTTP/1.0" 200 24227 "http://www.revision-zero.org/" "Mozilla/4.0 (compatible; MSIE 6.0; Windows NT 5.2; Win64; AMD64)"
121.52.155.243 - - [27/Jan/2011:05:57:27 +0100] "GET /logical_data_independence HTTP/1.0" 200 6116 "http://www.google.com.pk/search?hl=en&client=firefox-a&hs=NOf&rls=org.mozilla:en-US:official&&sa=X&ei=C_tATcLeFs3rsgbwy6zODg&ved=0CBcQvwUoAQ&q=logical+data+independence&spell=1" "Mozilla/5.0 (Windows; U; Windows NT 6.1; en-US; rv:1.9.2.13) Gecko/20101203 Firefox/3.6.13"
121.52.155.243 - - [27/Jan/2011:05:57:33 +0100] "GET /css/style.css HTTP/1.0" 200 10516 "http://www.revision-zero.org/logical_data_independence" "Mozilla/5.0 (Windows; U; Windows NT 6.1; en-US; rv:1.9.2.13) Gecko/20101203 Firefox/3.6.13"
121.52.155.243 - - [27/Jan/2011:05:57:34 +0100] "GET /images/twitter.png HTTP/1.0" 200 2072 "http://www.revision-zero.org/logical_data_independence" "Mozilla/5.0 (Windows; U; Windows NT 6.1; en-US; rv:1.9.2.13) Gecko/20101203 Firefox/3.6.13"
121.52.155.243 - - [27/Jan/2011:05:57:34 +0100] "GET /js/revzero.js HTTP/1.0" 200 752 "http://www.revision-zero.org/logical_data_independence" "Mozilla/5.0 (Windows; U; Windows NT 6.1; en-US; rv:1.9.2.13) Gecko/20101203 Firefox/3.6.13"
121.52.155.243 - - [27/Jan/2011:05:57:35 +0100] "GET /images/rss.png HTTP/1.0" 200 2050 "http://www.revision-zero.org/logical_data_independence" "Mozilla/5.0 (Windows; U; Windows NT 6.1; en-US; rv:1.9.2.13) Gecko/20101203 Firefox/3.6.13"
121.52.155.243 - - [27/Jan/2011:05:57:35 +0100] "GET /images/valid-css.gif HTTP/1.0" 200 1547 "http://www.revision-zero.org/logical_data_independence" "Mozilla/5.0 (Windows; U; Windows NT 6.1; en-US; rv:1.9.2.13) Gecko/20101203 Firefox/3.6.13"
121.52.155.243 - - [27/Jan/2011:05:57:36 +0100] "GET /images/valid-xhtml.png HTTP/1.0" 200 1882 "http://www.revision-zero.org/logical_data_independence" "Mozilla/5.0 (Windows; U; Windows NT 6.1; en-US; rv:1.9.2.13) Gecko/20101203 Firefox/3.6.13"
121.52.155.243 - - [27/Jan/2011:05:57:37 +0100] "GET /images/github.png HTTP/1.0" 200 1655 "http://www.revision-zero.org/logical_data_independence" "Mozilla/5.0 (Windows; U; Windows NT 6.1; en-US; rv:1.9.2.13) Gecko/20101203 Firefox/3.6.13"
121.52.155.243 - - [27/Jan/2011:05:57:38 +0100] "GET /images/mail.png HTTP/1.0" 200 1321 "http://www.revision-zero.org/logical_data_independence" "Mozilla/5.0 (Windows; U; Windows NT 6.1; en-US; rv:1.9.2.13) Gecko/20101203 Firefox/3.6.13"
121.52.155.243 - - [27/Jan/2011:05:57:37 +0100] "GET /js/jquery-1.4.1.min.js HTTP/1.0" 200 70843 "http://www.revision-zero.org/logical_data_independence" "Mozilla/5.0 (Windows; U; Windows NT 6.1; en-US; rv:1.9.2.13) Gecko/20101203 Firefox/3.6.13"
121.52.155.243 - - [27/Jan/2011:05:57:59 +0100] "GET /images/content.jpg HTTP/1.0" 200 466 "http://www.revision-zero.org/css/style.css" "Mozilla/5.0 (Windows; U; Windows NT 6.1; en-US; rv:1.9.2.13) Gecko/20101203 Firefox/3.6.13"
121.52.155.243 - - [27/Jan/2011:05:58:00 +0100] "GET /images/top.jpg HTTP/1.0" 200 3529 "http://www.revision-zero.org/css/style.css" "Mozilla/5.0 (Windows; U; Windows NT 6.1; en-US; rv:1.9.2.13) Gecko/20101203 Firefox/3.6.13"
121.52.155.243 - - [27/Jan/2011:05:58:00 +0100] "GET /images/menubg.jpg HTTP/1.0" 200 557 "http://www.revision-zero.org/css/style.css" "Mozilla/5.0 (Windows; U; Windows NT 6.1; en-US; rv:1.9.2.13) Gecko/20101203 Firefox/3.6.13"
121.52.155.243 - - [27/Jan/2011:05:58:00 +0100] "GET /images/contenth2.jpg HTTP/1.0" 200 346 "http://www.revision-zero.org/css/style.css" "Mozilla/5.0 (Windows; U; Windows NT 6.1; en-US; rv:1.9.2.13) Gecko/20101203 Firefox/3.6.13"
121.52.155.243 - - [27/Jan/2011:05:58:00 +0100] "GET /images/bottom.jpg HTTP/1.0" 200 2521 "http://www.revision-zero.org/css/style.css" "Mozilla/5.0 (Windows; U; Windows NT 6.1; en-US; rv:1.9.2.13) Gecko/20101203 Firefox/3.6.13"
121.52.155.243 - - [27/Jan/2011:05:58:01 +0100] "GET /favicon.ico HTTP/1.0" 404 36 "-" "Mozilla/5.0 (Windows; U; Windows NT 6.1; en-US; rv:1.9.2.13) Gecko/20101203 Firefox/3.6.13"
121.52.155.243 - - [27/Jan/2011:06:12:56 +0100] "GET /favicon.ico HTTP/1.0" 404 36 "-" "Mozilla/5.0 (Windows; U; Windows NT 6.1; en-US; rv:1.9.2.13) Gecko/20101203 Firefox/3.6.13"
72.14.199.76 - - [27/Jan/2011:06:13:00 +0100] "GET /rss HTTP/1.1" 304 - "-" "Feedfetcher-Google; (+http://www.google.com/feedfetcher.html; 6 subscribers; feed-id=9468211748000248502)"
121.52.155.243 - - [27/Jan/2011:06:37:25 +0100] "GET /favicon.ico HTTP/1.0" 404 36 "-" "Mozilla/5.0 (Windows; U; Windows NT 6.1; en-US; rv:1.9.2.13) Gecko/20101203 Firefox/3.6.13"
95.108.158.244 - - [27/Jan/2011:06:39:13 +0100] "GET /images/valid-css.gif HTTP/1.1" 200 1547 "-" "Mozilla/5.0 (compatible; YandexImages/3.0; +http://yandex.com/bots)"
109.111.184.1 - - [27/Jan/2011:06:43:48 +0100] "GET /topics0/ HTTP/1.0" 404 18 "http://www.revision-zero.org/topics0/" "Mozilla/4.0 (compatible; MSIE 6.0; Windows ME) Opera 7.11  [en]"
109.111.184.1 - - [27/Jan/2011:06:43:48 +0100] "GET / HTTP/1.0" 200 24227 "http://www.revision-zero.org/" "Mozilla/4.0 (compatible; MSIE 6.0; Windows ME) Opera 7.11  [en]"
72.14.199.76 - - [27/Jan/2011:07:14:49 +0100] "GET /rss HTTP/1.1" 304 - "-" "Feedfetcher-Google; (+http://www.google.com/feedfetcher.html; 6 subscribers; feed-id=9468211748000248502)"
91.201.66.151 - - [27/Jan/2011:07:19:56 +0100] "GET / HTTP/1.0" 200 24227 "http://www.revision-zero.org/" "Mozilla/1.22 (compatible; MSIE 2.0d; Windows NT)"
121.52.155.243 - - [27/Jan/2011:07:20:42 +0100] "GET /favicon.ico HTTP/1.0" 404 36 "-" "Mozilla/5.0 (Windows; U; Windows NT 6.1; en-US; rv:1.9.2.13) Gecko/20101203 Firefox/3.6.13"
123.125.71.113 - - [27/Jan/2011:07:29:43 +0100] "GET / HTTP/1.1" 200 24227 "-" "Baiduspider+(+http://www.baidu.com/search/spider.htm)"
220.181.108.180 - - [27/Jan/2011:07:30:10 +0100] "GET / HTTP/1.1" 200 24227 "-" "Baiduspider+(+http://www.baidu.com/search/spider.htm)"
121.52.155.243 - - [27/Jan/2011:07:30:16 +0100] "GET /favicon.ico HTTP/1.0" 404 36 "-" "Mozilla/5.0 (Windows; U; Windows NT 6.1; en-US; rv:1.9.2.13) Gecko/20101203 Firefox/3.6.13"
121.52.155.243 - - [27/Jan/2011:07:36:17 +0100] "GET /favicon.ico HTTP/1.0" 404 36 "-" "Mozilla/5.0 (Windows; U; Windows NT 6.1; en-US; rv:1.9.2.13) Gecko/20101203 Firefox/3.6.13"
121.52.155.243 - - [27/Jan/2011:07:38:04 +0100] "GET /favicon.ico HTTP/1.0" 404 36 "-" "Mozilla/5.0 (Windows; U; Windows NT 6.1; en-US; rv:1.9.2.13) Gecko/20101203 Firefox/3.6.13"
121.52.155.243 - - [27/Jan/2011:07:51:41 +0100] "GET /favicon.ico HTTP/1.0" 404 36 "-" "Mozilla/5.0 (Windows; U; Windows NT 6.1; en-US; rv:1.9.2.13) Gecko/20101203 Firefox/3.6.13"
95.108.158.244 - - [27/Jan/2011:08:13:08 +0100] "GET /images/valid-xhtml.png HTTP/1.1" 200 1882 "-" "Mozilla/5.0 (compatible; YandexImages/3.0; +http://yandex.com/bots)"
121.52.155.243 - - [27/Jan/2011:08:13:45 +0100] "GET /favicon.ico HTTP/1.0" 404 36 "-" "Mozilla/5.0 (Windows; U; Windows NT 6.1; en-US; rv:1.9.2.13) Gecko/20101203 Firefox/3.6.13"
77.92.224.110 - - [27/Jan/2011:08:29:16 +0100] "GET / HTTP/1.0" 200 24227 "http://climate.kh.ua" "Mozilla/4.0 (compatible; MSIE 6.0; Windows NT 5.1; FREE; .NET CLR 1.1.4322)"
72.14.199.76 - - [27/Jan/2011:08:42:46 +0100] "GET /rss HTTP/1.1" 304 - "-" "Feedfetcher-Google; (+http://www.google.com/feedfetcher.html; 6 subscribers; feed-id=9468211748000248502)"
207.46.13.42 - - [27/Jan/2011:09:13:50 +0100] "GET /robots.txt HTTP/1.1" 404 18 "-" "Mozilla/5.0 (compatible; bingbot/2.0; +http://www.bing.com/bingbot.htm)"
207.46.13.42 - - [27/Jan/2011:09:15:26 +0100] "GET /logical_data_independence_2 HTTP/1.1" 404 36 "-" "Mozilla/5.0 (compatible; bingbot/2.0; +http://www.bing.com/bingbot.htm)"
195.138.87.95 - - [27/Jan/2011:09:17:28 +0100] "GET / HTTP/1.0" 200 24227 "http://www.revision-zero.org/" "Mozilla/4.0 (compatible; MSIE 6.0; Windows NT 5.1) Netscape/8.0.4"
121.52.155.243 - - [27/Jan/2011:09:20:15 +0100] "GET /favicon.ico HTTP/1.0" 404 36 "-" "Mozilla/5.0 (Windows; U; Windows NT 6.1; en-US; rv:1.9.2.13) Gecko/20101203 Firefox/3.6.13"
212.117.177.213 - - [27/Jan/2011:09:29:53 +0100] "GET /topics0/ HTTP/1.0" 404 18 "http://www.revision-zero.org/topics0/" "Mozilla/4.0 (compatible; MSIE 7.0; Windows NT 5.1; SV1; .NET CLR 2.0.50727)"
212.117.177.213 - - [27/Jan/2011:09:29:53 +0100] "GET / HTTP/1.0" 200 24227 "http://www.revision-zero.org/" "Mozilla/4.0 (compatible; MSIE 7.0; Windows NT 5.1; SV1; .NET CLR 2.0.50727)"
72.14.199.76 - - [27/Jan/2011:09:50:26 +0100] "GET /rss HTTP/1.1" 200 82648 "-" "Feedfetcher-Google; (+http://www.google.com/feedfetcher.html; 6 subscribers; feed-id=9468211748000248502)"
220.181.108.187 - - [27/Jan/2011:10:20:06 +0100] "GET / HTTP/1.1" 200 6976 "-" "Baiduspider+(+http://www.baidu.com/search/spider.htm)"
220.181.108.179 - - [27/Jan/2011:10:20:30 +0100] "GET /benchmarking HTTP/1.1" 200 6976 "-" "Baiduspider+(+http://www.baidu.com/search/spider.htm)"
220.181.108.173 - - [27/Jan/2011:10:20:33 +0100] "GET /14 HTTP/1.1" 404 36 "-" "Baiduspider+(+http://www.baidu.com/search/spider.htm)"
65.52.49.77 - - [27/Jan/2011:10:26:29 +0100] "GET /robots.txt HTTP/1.1" 404 18 "-" "Mozilla/5.0 (compatible; bingbot/2.0; +http://www.bing.com/bingbot.htm)"
89.178.9.102 - - [27/Jan/2011:10:36:20 +0100] "GET / HTTP/1.0" 200 24227 "http://www.revision-zero.org/" "Mozilla/4.0 (compatible; MSIE 6.0; Windows NT 5.1; SV1; InfoPath.1"
130.104.228.100 - - [27/Jan/2011:10:43:51 +0100] "GET /benchmarking HTTP/1.1" 200 6976 "-" "Mozilla/5.0 (Macintosh; U; Intel Mac OS X 10.4; fr; rv:1.9.2.8) Gecko/20100722 Firefox/3.6.8"
130.104.228.100 - - [27/Jan/2011:10:43:51 +0100] "GET /css/style.css HTTP/1.1" 200 10516 "http://revision-zero.org/benchmarking" "Mozilla/5.0 (Macintosh; U; Intel Mac OS X 10.4; fr; rv:1.9.2.8) Gecko/20100722 Firefox/3.6.8"
130.104.228.100 - - [27/Jan/2011:10:43:51 +0100] "GET /js/jquery-1.4.1.min.js HTTP/1.1" 200 70843 "http://revision-zero.org/benchmarking" "Mozilla/5.0 (Macintosh; U; Intel Mac OS X 10.4; fr; rv:1.9.2.8) Gecko/20100722 Firefox/3.6.8"
130.104.228.100 - - [27/Jan/2011:10:43:51 +0100] "GET /js/revzero.js HTTP/1.1" 200 752 "http://revision-zero.org/benchmarking" "Mozilla/5.0 (Macintosh; U; Intel Mac OS X 10.4; fr; rv:1.9.2.8) Gecko/20100722 Firefox/3.6.8"
130.104.228.100 - - [27/Jan/2011:10:43:51 +0100] "GET /images/mail.png HTTP/1.1" 200 1321 "http://revision-zero.org/benchmarking" "Mozilla/5.0 (Macintosh; U; Intel Mac OS X 10.4; fr; rv:1.9.2.8) Gecko/20100722 Firefox/3.6.8"
130.104.228.100 - - [27/Jan/2011:10:43:51 +0100] "GET /images/github.png HTTP/1.1" 200 1655 "http://revision-zero.org/benchmarking" "Mozilla/5.0 (Macintosh; U; Intel Mac OS X 10.4; fr; rv:1.9.2.8) Gecko/20100722 Firefox/3.6.8"
130.104.228.100 - - [27/Jan/2011:10:43:51 +0100] "GET /images/rss.png HTTP/1.1" 200 2050 "http://revision-zero.org/benchmarking" "Mozilla/5.0 (Macintosh; U; Intel Mac OS X 10.4; fr; rv:1.9.2.8) Gecko/20100722 Firefox/3.6.8"
130.104.228.100 - - [27/Jan/2011:10:43:51 +0100] "GET /images/twitter.png HTTP/1.1" 200 2072 "http://revision-zero.org/benchmarking" "Mozilla/5.0 (Macintosh; U; Intel Mac OS X 10.4; fr; rv:1.9.2.8) Gecko/20100722 Firefox/3.6.8"
130.104.228.100 - - [27/Jan/2011:10:43:51 +0100] "GET /images/valid-css.gif HTTP/1.1" 200 1547 "http://revision-zero.org/benchmarking" "Mozilla/5.0 (Macintosh; U; Intel Mac OS X 10.4; fr; rv:1.9.2.8) Gecko/20100722 Firefox/3.6.8"
130.104.228.100 - - [27/Jan/2011:10:43:51 +0100] "GET /images/valid-xhtml.png HTTP/1.1" 200 1882 "http://revision-zero.org/benchmarking" "Mozilla/5.0 (Macintosh; U; Intel Mac OS X 10.4; fr; rv:1.9.2.8) Gecko/20100722 Firefox/3.6.8"
130.104.228.100 - - [27/Jan/2011:10:43:51 +0100] "GET /images/top.jpg HTTP/1.1" 200 3529 "http://revision-zero.org/css/style.css" "Mozilla/5.0 (Macintosh; U; Intel Mac OS X 10.4; fr; rv:1.9.2.8) Gecko/20100722 Firefox/3.6.8"
130.104.228.100 - - [27/Jan/2011:10:43:51 +0100] "GET /images/menubg.jpg HTTP/1.1" 200 557 "http://revision-zero.org/css/style.css" "Mozilla/5.0 (Macintosh; U; Intel Mac OS X 10.4; fr; rv:1.9.2.8) Gecko/20100722 Firefox/3.6.8"
130.104.228.100 - - [27/Jan/2011:10:43:51 +0100] "GET /images/content.jpg HTTP/1.1" 200 466 "http://revision-zero.org/css/style.css" "Mozilla/5.0 (Macintosh; U; Intel Mac OS X 10.4; fr; rv:1.9.2.8) Gecko/20100722 Firefox/3.6.8"
130.104.228.100 - - [27/Jan/2011:10:43:51 +0100] "GET /images/contenth2.jpg HTTP/1.1" 200 346 "http://revision-zero.org/css/style.css" "Mozilla/5.0 (Macintosh; U; Intel Mac OS X 10.4; fr; rv:1.9.2.8) Gecko/20100722 Firefox/3.6.8"
130.104.228.100 - - [27/Jan/2011:10:43:51 +0100] "GET /images/bottom.jpg HTTP/1.1" 200 2521 "http://revision-zero.org/css/style.css" "Mozilla/5.0 (Macintosh; U; Intel Mac OS X 10.4; fr; rv:1.9.2.8) Gecko/20100722 Firefox/3.6.8"
130.104.228.100 - - [27/Jan/2011:10:43:51 +0100] "GET /favicon.ico HTTP/1.1" 404 36 "-" "Mozilla/5.0 (Macintosh; U; Intel Mac OS X 10.4; fr; rv:1.9.2.8) Gecko/20100722 Firefox/3.6.8"
130.104.228.100 - - [27/Jan/2011:10:43:54 +0100] "GET /favicon.ico HTTP/1.1" 404 36 "-" "Mozilla/5.0 (Macintosh; U; Intel Mac OS X 10.4; fr; rv:1.9.2.8) Gecko/20100722 Firefox/3.6.8"
72.14.199.76 - - [27/Jan/2011:10:46:37 +0100] "GET /rss HTTP/1.1" 304 - "-" "Feedfetcher-Google; (+http://www.google.com/feedfetcher.html; 6 subscribers; feed-id=9468211748000248502)"
95.108.158.244 - - [27/Jan/2011:10:46:48 +0100] "GET /images/github.png HTTP/1.1" 200 1655 "-" "Mozilla/5.0 (compatible; YandexImages/3.0; +http://yandex.com/bots)"
72.14.199.76 - - [27/Jan/2011:11:49:47 +0100] "GET /rss HTTP/1.1" 304 - "-" "Feedfetcher-Google; (+http://www.google.com/feedfetcher.html; 6 subscribers; feed-id=9468211748000248502)"
65.52.110.53 - - [27/Jan/2011:12:15:02 +0100] "GET /robots.txt HTTP/1.1" 404 18 "-" "Mozilla/5.0 (compatible; bingbot/2.0; +http://www.bing.com/bingbot.htm)"
65.52.110.53 - - [27/Jan/2011:12:15:52 +0100] "GET / HTTP/1.1" 200 6976 "-" "Mozilla/5.0 (compatible; bingbot/2.0; +http://www.bing.com/bingbot.htm)"
220.181.94.225 - - [27/Jan/2011:12:21:38 +0100] "GET /robots.txt HTTP/1.1" 404 18 "-" "-"
220.181.94.225 - - [27/Jan/2011:12:21:50 +0100] "GET / HTTP/1.1" 200 6976 "-" "Sogou web spider/4.0(+http://www.sogou.com/docs/help/webmasters.htm#07)"
193.253.141.67 - - [27/Jan/2011:12:28:55 +0100] "GET / HTTP/1.1" 200 6976 "http://www.google.com/m/?hl=fr/&q=revision%20zero" "Mozilla/5.0 (Linux; U; Android 2.2; fr-be; HTC Vision Build/FRF91) AppleWebKit/533.1 (KHTML, like Gecko) Version/4.0 Mobile Safari/533.1"
193.253.141.67 - - [27/Jan/2011:12:28:55 +0100] "GET /images/mail.png HTTP/1.1" 200 1321 "http://www.revision-zero.org/" "Mozilla/5.0 (Linux; U; Android 2.2; fr-be; HTC Vision Build/FRF91) AppleWebKit/533.1 (KHTML, like Gecko) Version/4.0 Mobile Safari/533.1"
193.253.141.67 - - [27/Jan/2011:12:28:55 +0100] "GET /images/twitter.png HTTP/1.1" 200 2072 "http://www.revision-zero.org/" "Mozilla/5.0 (Linux; U; Android 2.2; fr-be; HTC Vision Build/FRF91) AppleWebKit/533.1 (KHTML, like Gecko) Version/4.0 Mobile Safari/533.1"
193.253.141.67 - - [27/Jan/2011:12:28:55 +0100] "GET /css/style.css HTTP/1.1" 200 10516 "http://www.revision-zero.org/" "Mozilla/5.0 (Linux; U; Android 2.2; fr-be; HTC Vision Build/FRF91) AppleWebKit/533.1 (KHTML, like Gecko) Version/4.0 Mobile Safari/533.1"
193.253.141.67 - - [27/Jan/2011:12:28:56 +0100] "GET /images/github.png HTTP/1.1" 200 1655 "http://www.revision-zero.org/" "Mozilla/5.0 (Linux; U; Android 2.2; fr-be; HTC Vision Build/FRF91) AppleWebKit/533.1 (KHTML, like Gecko) Version/4.0 Mobile Safari/533.1"
193.253.141.66 - - [27/Jan/2011:12:28:56 +0100] "GET /js/jquery-1.4.1.min.js HTTP/1.1" 200 70843 "http://www.revision-zero.org/" "Mozilla/5.0 (Linux; U; Android 2.2; fr-be; HTC Vision Build/FRF91) AppleWebKit/533.1 (KHTML, like Gecko) Version/4.0 Mobile Safari/533.1"
193.253.141.65 - - [27/Jan/2011:12:28:56 +0100] "GET /js/revzero.js HTTP/1.1" 200 752 "http://www.revision-zero.org/" "Mozilla/5.0 (Linux; U; Android 2.2; fr-be; HTC Vision Build/FRF91) AppleWebKit/533.1 (KHTML, like Gecko) Version/4.0 Mobile Safari/533.1"
193.253.141.64 - - [27/Jan/2011:12:28:56 +0100] "GET /images/rss.png HTTP/1.1" 200 2050 "http://www.revision-zero.org/" "Mozilla/5.0 (Linux; U; Android 2.2; fr-be; HTC Vision Build/FRF91) AppleWebKit/533.1 (KHTML, like Gecko) Version/4.0 Mobile Safari/533.1"
193.253.141.65 - - [27/Jan/2011:12:28:56 +0100] "GET /images/valid-xhtml.png HTTP/1.1" 200 1882 "http://www.revision-zero.org/" "Mozilla/5.0 (Linux; U; Android 2.2; fr-be; HTC Vision Build/FRF91) AppleWebKit/533.1 (KHTML, like Gecko) Version/4.0 Mobile Safari/533.1"
193.253.141.66 - - [27/Jan/2011:12:28:56 +0100] "GET /images/valid-css.gif HTTP/1.1" 200 1547 "http://www.revision-zero.org/" "Mozilla/5.0 (Linux; U; Android 2.2; fr-be; HTC Vision Build/FRF91) AppleWebKit/533.1 (KHTML, like Gecko) Version/4.0 Mobile Safari/533.1"
193.253.141.64 - - [27/Jan/2011:12:28:58 +0100] "GET /images/top.jpg HTTP/1.1" 200 3529 "http://www.revision-zero.org/" "Mozilla/5.0 (Linux; U; Android 2.2; fr-be; HTC Vision Build/FRF91) AppleWebKit/533.1 (KHTML, like Gecko) Version/4.0 Mobile Safari/533.1"
193.253.141.67 - - [27/Jan/2011:12:28:58 +0100] "GET /images/content.jpg HTTP/1.1" 200 466 "http://www.revision-zero.org/" "Mozilla/5.0 (Linux; U; Android 2.2; fr-be; HTC Vision Build/FRF91) AppleWebKit/533.1 (KHTML, like Gecko) Version/4.0 Mobile Safari/533.1"
193.253.141.67 - - [27/Jan/2011:12:28:58 +0100] "GET /images/menubg.jpg HTTP/1.1" 200 557 "http://www.revision-zero.org/" "Mozilla/5.0 (Linux; U; Android 2.2; fr-be; HTC Vision Build/FRF91) AppleWebKit/533.1 (KHTML, like Gecko) Version/4.0 Mobile Safari/533.1"
193.253.141.67 - - [27/Jan/2011:12:28:59 +0100] "GET /images/contenth2.jpg HTTP/1.1" 200 346 "http://www.revision-zero.org/" "Mozilla/5.0 (Linux; U; Android 2.2; fr-be; HTC Vision Build/FRF91) AppleWebKit/533.1 (KHTML, like Gecko) Version/4.0 Mobile Safari/533.1"
193.253.141.66 - - [27/Jan/2011:12:28:59 +0100] "GET /images/bottom.jpg HTTP/1.1" 200 2521 "http://www.revision-zero.org/" "Mozilla/5.0 (Linux; U; Android 2.2; fr-be; HTC Vision Build/FRF91) AppleWebKit/533.1 (KHTML, like Gecko) Version/4.0 Mobile Safari/533.1"
193.253.141.65 - - [27/Jan/2011:12:29:04 +0100] "GET /reuse HTTP/1.1" 200 7869 "http://www.revision-zero.org/" "Mozilla/5.0 (Linux; U; Android 2.2; fr-be; HTC Vision Build/FRF91) AppleWebKit/533.1 (KHTML, like Gecko) Version/4.0 Mobile Safari/533.1"
95.108.158.244 - - [27/Jan/2011:12:29:14 +0100] "GET /images/twitter.png HTTP/1.1" 200 2072 "-" "Mozilla/5.0 (compatible; YandexImages/3.0; +http://yandex.com/bots)"
123.125.71.108 - - [27/Jan/2011:12:30:42 +0100] "GET / HTTP/1.1" 200 24227 "-" "Baiduspider+(+http://www.baidu.com/search/spider.htm)"
220.181.108.174 - - [27/Jan/2011:12:31:11 +0100] "GET / HTTP/1.1" 200 24227 "-" "Baiduspider+(+http://www.baidu.com/search/spider.htm)"
72.14.199.76 - - [27/Jan/2011:12:54:47 +0100] "GET /rss HTTP/1.1" 304 - "-" "Feedfetcher-Google; (+http://www.google.com/feedfetcher.html; 6 subscribers; feed-id=9468211748000248502)"
95.108.150.235 - - [27/Jan/2011:13:04:14 +0100] "GET /robots.txt HTTP/1.1" 404 18 "-" "Mozilla/5.0 (compatible; YandexBot/3.0; MirrorDetector; +http://yandex.com/bots)"
95.108.150.235 - - [27/Jan/2011:13:04:14 +0100] "GET /robots.txt HTTP/1.1" 404 18 "-" "Mozilla/5.0 (compatible; YandexBot/3.0; MirrorDetector; +http://yandex.com/bots)"
95.108.150.235 - - [27/Jan/2011:13:04:15 +0100] "GET / HTTP/1.1" 200 6976 "-" "Mozilla/5.0 (compatible; YandexBot/3.0; MirrorDetector; +http://yandex.com/bots)"
95.108.150.235 - - [27/Jan/2011:13:04:15 +0100] "GET / HTTP/1.1" 200 6976 "-" "Mozilla/5.0 (compatible; YandexBot/3.0; MirrorDetector; +http://yandex.com/bots)"
95.108.150.235 - - [27/Jan/2011:13:04:16 +0100] "GET / HTTP/1.1" 200 6976 "-" "Mozilla/5.0 (compatible; YandexBot/3.0; MirrorDetector; +http://yandex.com/bots)"
95.108.150.235 - - [27/Jan/2011:13:04:16 +0100] "GET / HTTP/1.1" 200 6976 "-" "Mozilla/5.0 (compatible; YandexBot/3.0; MirrorDetector; +http://yandex.com/bots)"
123.125.66.22 - - [27/Jan/2011:13:05:10 +0100] "GET /robots.txt HTTP/1.1" 404 36 "-" "Baiduspider+(+http://www.baidu.com/search/spider.htm)"
207.46.199.199 - - [27/Jan/2011:13:07:56 +0100] "GET /robots.txt HTTP/1.1" 404 18 "-" "Mozilla/5.0 (compatible; bingbot/2.0; +http://www.bing.com/bingbot.htm)"
77.79.9.186 - - [27/Jan/2011:13:37:43 +0100] "GET /topics0/ HTTP/1.0" 404 18 "http://www.revision-zero.org/topics0/" "Mozilla/4.0 (compatible; MSIE 6.0; Windows NT 5.1; .NET CLR 1.1.4322; Alexa Toolbar; (R1 1.5))"
77.79.9.186 - - [27/Jan/2011:13:37:44 +0100] "GET / HTTP/1.0" 200 24227 "http://www.revision-zero.org/" "Mozilla/4.0 (compatible; MSIE 6.0; Windows NT 5.1; .NET CLR 1.1.4322; Alexa Toolbar; (R1 1.5))"
72.14.199.76 - - [27/Jan/2011:13:53:37 +0100] "GET /rss HTTP/1.1" 200 82648 "-" "Feedfetcher-Google; (+http://www.google.com/feedfetcher.html; 6 subscribers; feed-id=9468211748000248502)"
123.125.71.108 - - [27/Jan/2011:14:28:49 +0100] "GET / HTTP/1.1" 200 24227 "-" "Baiduspider+(+http://www.baidu.com/search/spider.htm)"
220.181.108.166 - - [27/Jan/2011:14:29:17 +0100] "GET / HTTP/1.1" 200 24227 "-" "Baiduspider+(+http://www.baidu.com/search/spider.htm)"
72.14.199.76 - - [27/Jan/2011:15:03:17 +0100] "GET /rss HTTP/1.1" 200 82648 "-" "Feedfetcher-Google; (+http://www.google.com/feedfetcher.html; 6 subscribers; feed-id=9468211748000248502)"
130.104.228.27 - - [27/Jan/2011:15:06:46 +0100] "GET / HTTP/1.1" 200 6976 "http://twitter.com/" "Mozilla/5.0 (Macintosh; U; Intel Mac OS X 10_5_8; en-US) AppleWebKit/534.10 (KHTML, like Gecko) Chrome/8.0.552.237 Safari/534.10"
130.104.228.27 - - [27/Jan/2011:15:06:46 +0100] "GET /css/style.css HTTP/1.1" 200 10516 "http://www.revision-zero.org/" "Mozilla/5.0 (Macintosh; U; Intel Mac OS X 10_5_8; en-US) AppleWebKit/534.10 (KHTML, like Gecko) Chrome/8.0.552.237 Safari/534.10"
130.104.228.27 - - [27/Jan/2011:15:06:46 +0100] "GET /js/jquery-1.4.1.min.js HTTP/1.1" 304 - "http://www.revision-zero.org/" "Mozilla/5.0 (Macintosh; U; Intel Mac OS X 10_5_8; en-US) AppleWebKit/534.10 (KHTML, like Gecko) Chrome/8.0.552.237 Safari/534.10"
130.104.228.27 - - [27/Jan/2011:15:06:46 +0100] "GET /images/github.png HTTP/1.1" 304 - "http://www.revision-zero.org/" "Mozilla/5.0 (Macintosh; U; Intel Mac OS X 10_5_8; en-US) AppleWebKit/534.10 (KHTML, like Gecko) Chrome/8.0.552.237 Safari/534.10"
130.104.228.27 - - [27/Jan/2011:15:06:46 +0100] "GET /images/twitter.png HTTP/1.1" 304 - "http://www.revision-zero.org/" "Mozilla/5.0 (Macintosh; U; Intel Mac OS X 10_5_8; en-US) AppleWebKit/534.10 (KHTML, like Gecko) Chrome/8.0.552.237 Safari/534.10"
130.104.228.27 - - [27/Jan/2011:15:06:46 +0100] "GET /images/mail.png HTTP/1.1" 304 - "http://www.revision-zero.org/" "Mozilla/5.0 (Macintosh; U; Intel Mac OS X 10_5_8; en-US) AppleWebKit/534.10 (KHTML, like Gecko) Chrome/8.0.552.237 Safari/534.10"
130.104.228.27 - - [27/Jan/2011:15:06:46 +0100] "GET /js/revzero.js HTTP/1.1" 304 - "http://www.revision-zero.org/" "Mozilla/5.0 (Macintosh; U; Intel Mac OS X 10_5_8; en-US) AppleWebKit/534.10 (KHTML, like Gecko) Chrome/8.0.552.237 Safari/534.10"
130.104.228.27 - - [27/Jan/2011:15:06:46 +0100] "GET /images/rss.png HTTP/1.1" 304 - "http://www.revision-zero.org/" "Mozilla/5.0 (Macintosh; U; Intel Mac OS X 10_5_8; en-US) AppleWebKit/534.10 (KHTML, like Gecko) Chrome/8.0.552.237 Safari/534.10"
130.104.228.27 - - [27/Jan/2011:15:06:46 +0100] "GET /images/top.jpg HTTP/1.1" 304 - "http://www.revision-zero.org/" "Mozilla/5.0 (Macintosh; U; Intel Mac OS X 10_5_8; en-US) AppleWebKit/534.10 (KHTML, like Gecko) Chrome/8.0.552.237 Safari/534.10"
130.104.228.27 - - [27/Jan/2011:15:06:46 +0100] "GET /images/content.jpg HTTP/1.1" 304 - "http://www.revision-zero.org/" "Mozilla/5.0 (Macintosh; U; Intel Mac OS X 10_5_8; en-US) AppleWebKit/534.10 (KHTML, like Gecko) Chrome/8.0.552.237 Safari/534.10"
130.104.228.27 - - [27/Jan/2011:15:06:46 +0100] "GET /images/bottom.jpg HTTP/1.1" 304 - "http://www.revision-zero.org/" "Mozilla/5.0 (Macintosh; U; Intel Mac OS X 10_5_8; en-US) AppleWebKit/534.10 (KHTML, like Gecko) Chrome/8.0.552.237 Safari/534.10"
130.104.228.27 - - [27/Jan/2011:15:06:46 +0100] "GET /images/menubg.jpg HTTP/1.1" 304 - "http://www.revision-zero.org/" "Mozilla/5.0 (Macintosh; U; Intel Mac OS X 10_5_8; en-US) AppleWebKit/534.10 (KHTML, like Gecko) Chrome/8.0.552.237 Safari/534.10"
130.104.228.27 - - [27/Jan/2011:15:06:46 +0100] "GET /images/contenth2.jpg HTTP/1.1" 304 - "http://www.revision-zero.org/" "Mozilla/5.0 (Macintosh; U; Intel Mac OS X 10_5_8; en-US) AppleWebKit/534.10 (KHTML, like Gecko) Chrome/8.0.552.237 Safari/534.10"
130.104.228.27 - - [27/Jan/2011:15:06:46 +0100] "GET /images/valid-css.gif HTTP/1.1" 304 - "http://www.revision-zero.org/" "Mozilla/5.0 (Macintosh; U; Intel Mac OS X 10_5_8; en-US) AppleWebKit/534.10 (KHTML, like Gecko) Chrome/8.0.552.237 Safari/534.10"
130.104.228.27 - - [27/Jan/2011:15:06:46 +0100] "GET /images/valid-xhtml.png HTTP/1.1" 304 - "http://www.revision-zero.org/" "Mozilla/5.0 (Macintosh; U; Intel Mac OS X 10_5_8; en-US) AppleWebKit/534.10 (KHTML, like Gecko) Chrome/8.0.552.237 Safari/534.10"
130.104.228.27 - - [27/Jan/2011:15:06:46 +0100] "GET /favicon.ico HTTP/1.1" 404 36 "-" "Mozilla/5.0 (Macintosh; U; Intel Mac OS X 10_5_8; en-US) AppleWebKit/534.10 (KHTML, like Gecko) Chrome/8.0.552.237 Safari/534.10"
82.239.196.57 - - [27/Jan/2011:15:08:11 +0100] "GET / HTTP/1.1" 200 6976 "-" "Mozilla/5.0 (iPad; U; CPU OS 4_2_1 like Mac OS X; en-us) AppleWebKit/533.17.9 (KHTML, like Gecko) Mobile/8C148"
82.239.196.57 - - [27/Jan/2011:15:08:11 +0100] "GET /css/style.css HTTP/1.1" 200 10516 "http://www.revision-zero.org/" "Mozilla/5.0 (iPad; U; CPU OS 4_2_1 like Mac OS X; en-us) AppleWebKit/533.17.9 (KHTML, like Gecko) Mobile/8C148"
82.239.196.57 - - [27/Jan/2011:15:08:11 +0100] "GET /js/revzero.js HTTP/1.1" 200 752 "http://www.revision-zero.org/" "Mozilla/5.0 (iPad; U; CPU OS 4_2_1 like Mac OS X; en-us) AppleWebKit/533.17.9 (KHTML, like Gecko) Mobile/8C148"
82.239.196.57 - - [27/Jan/2011:15:08:11 +0100] "GET /images/mail.png HTTP/1.1" 200 1321 "http://www.revision-zero.org/" "Mozilla/5.0 (iPad; U; CPU OS 4_2_1 like Mac OS X; en-us) AppleWebKit/533.17.9 (KHTML, like Gecko) Mobile/8C148"
82.239.196.57 - - [27/Jan/2011:15:08:11 +0100] "GET /images/twitter.png HTTP/1.1" 200 2072 "http://www.revision-zero.org/" "Mozilla/5.0 (iPad; U; CPU OS 4_2_1 like Mac OS X; en-us) AppleWebKit/533.17.9 (KHTML, like Gecko) Mobile/8C148"
82.239.196.57 - - [27/Jan/2011:15:08:11 +0100] "GET /images/github.png HTTP/1.1" 200 1655 "http://www.revision-zero.org/" "Mozilla/5.0 (iPad; U; CPU OS 4_2_1 like Mac OS X; en-us) AppleWebKit/533.17.9 (KHTML, like Gecko) Mobile/8C148"
82.239.196.57 - - [27/Jan/2011:15:08:11 +0100] "GET /images/rss.png HTTP/1.1" 200 2050 "http://www.revision-zero.org/" "Mozilla/5.0 (iPad; U; CPU OS 4_2_1 like Mac OS X; en-us) AppleWebKit/533.17.9 (KHTML, like Gecko) Mobile/8C148"
82.239.196.57 - - [27/Jan/2011:15:08:11 +0100] "GET /images/valid-css.gif HTTP/1.1" 200 1547 "http://www.revision-zero.org/" "Mozilla/5.0 (iPad; U; CPU OS 4_2_1 like Mac OS X; en-us) AppleWebKit/533.17.9 (KHTML, like Gecko) Mobile/8C148"
82.239.196.57 - - [27/Jan/2011:15:08:11 +0100] "GET /images/valid-xhtml.png HTTP/1.1" 200 1882 "http://www.revision-zero.org/" "Mozilla/5.0 (iPad; U; CPU OS 4_2_1 like Mac OS X; en-us) AppleWebKit/533.17.9 (KHTML, like Gecko) Mobile/8C148"
82.239.196.57 - - [27/Jan/2011:15:08:11 +0100] "GET /js/jquery-1.4.1.min.js HTTP/1.1" 200 70843 "http://www.revision-zero.org/" "Mozilla/5.0 (iPad; U; CPU OS 4_2_1 like Mac OS X; en-us) AppleWebKit/533.17.9 (KHTML, like Gecko) Mobile/8C148"
82.239.196.57 - - [27/Jan/2011:15:08:12 +0100] "GET /images/top.jpg HTTP/1.1" 200 3529 "http://www.revision-zero.org/" "Mozilla/5.0 (iPad; U; CPU OS 4_2_1 like Mac OS X; en-us) AppleWebKit/533.17.9 (KHTML, like Gecko) Mobile/8C148"
82.239.196.57 - - [27/Jan/2011:15:08:12 +0100] "GET /images/content.jpg HTTP/1.1" 200 466 "http://www.revision-zero.org/" "Mozilla/5.0 (iPad; U; CPU OS 4_2_1 like Mac OS X; en-us) AppleWebKit/533.17.9 (KHTML, like Gecko) Mobile/8C148"
82.239.196.57 - - [27/Jan/2011:15:08:12 +0100] "GET /images/menubg.jpg HTTP/1.1" 200 557 "http://www.revision-zero.org/" "Mozilla/5.0 (iPad; U; CPU OS 4_2_1 like Mac OS X; en-us) AppleWebKit/533.17.9 (KHTML, like Gecko) Mobile/8C148"
82.239.196.57 - - [27/Jan/2011:15:08:12 +0100] "GET /images/contenth2.jpg HTTP/1.1" 200 346 "http://www.revision-zero.org/" "Mozilla/5.0 (iPad; U; CPU OS 4_2_1 like Mac OS X; en-us) AppleWebKit/533.17.9 (KHTML, like Gecko) Mobile/8C148"
82.239.196.57 - - [27/Jan/2011:15:08:12 +0100] "GET /images/bottom.jpg HTTP/1.1" 200 2521 "http://www.revision-zero.org/" "Mozilla/5.0 (iPad; U; CPU OS 4_2_1 like Mac OS X; en-us) AppleWebKit/533.17.9 (KHTML, like Gecko) Mobile/8C148"
130.104.228.27 - - [27/Jan/2011:15:10:26 +0100] "GET / HTTP/1.1" 200 6976 "-" "Mozilla/5.0 (Macintosh; U; Intel Mac OS X 10_5_8; en-US) AppleWebKit/534.10 (KHTML, like Gecko) Chrome/8.0.552.237 Safari/534.10"
130.104.228.27 - - [27/Jan/2011:15:10:26 +0100] "GET /css/style.css HTTP/1.1" 304 - "http://revision-zero.org/" "Mozilla/5.0 (Macintosh; U; Intel Mac OS X 10_5_8; en-US) AppleWebKit/534.10 (KHTML, like Gecko) Chrome/8.0.552.237 Safari/534.10"
130.104.228.27 - - [27/Jan/2011:15:10:27 +0100] "GET /js/jquery-1.4.1.min.js HTTP/1.1" 304 - "http://revision-zero.org/" "Mozilla/5.0 (Macintosh; U; Intel Mac OS X 10_5_8; en-US) AppleWebKit/534.10 (KHTML, like Gecko) Chrome/8.0.552.237 Safari/534.10"
130.104.228.27 - - [27/Jan/2011:15:10:27 +0100] "GET /images/rss.png HTTP/1.1" 304 - "http://revision-zero.org/" "Mozilla/5.0 (Macintosh; U; Intel Mac OS X 10_5_8; en-US) AppleWebKit/534.10 (KHTML, like Gecko) Chrome/8.0.552.237 Safari/534.10"
130.104.228.27 - - [27/Jan/2011:15:10:27 +0100] "GET /images/github.png HTTP/1.1" 304 - "http://revision-zero.org/" "Mozilla/5.0 (Macintosh; U; Intel Mac OS X 10_5_8; en-US) AppleWebKit/534.10 (KHTML, like Gecko) Chrome/8.0.552.237 Safari/534.10"
130.104.228.27 - - [27/Jan/2011:15:10:27 +0100] "GET /js/revzero.js HTTP/1.1" 304 - "http://revision-zero.org/" "Mozilla/5.0 (Macintosh; U; Intel Mac OS X 10_5_8; en-US) AppleWebKit/534.10 (KHTML, like Gecko) Chrome/8.0.552.237 Safari/534.10"
130.104.228.27 - - [27/Jan/2011:15:10:27 +0100] "GET /images/mail.png HTTP/1.1" 304 - "http://revision-zero.org/" "Mozilla/5.0 (Macintosh; U; Intel Mac OS X 10_5_8; en-US) AppleWebKit/534.10 (KHTML, like Gecko) Chrome/8.0.552.237 Safari/534.10"
130.104.228.27 - - [27/Jan/2011:15:10:27 +0100] "GET /images/twitter.png HTTP/1.1" 304 - "http://revision-zero.org/" "Mozilla/5.0 (Macintosh; U; Intel Mac OS X 10_5_8; en-US) AppleWebKit/534.10 (KHTML, like Gecko) Chrome/8.0.552.237 Safari/534.10"
130.104.228.27 - - [27/Jan/2011:15:10:27 +0100] "GET /images/content.jpg HTTP/1.1" 304 - "http://revision-zero.org/" "Mozilla/5.0 (Macintosh; U; Intel Mac OS X 10_5_8; en-US) AppleWebKit/534.10 (KHTML, like Gecko) Chrome/8.0.552.237 Safari/534.10"
130.104.228.27 - - [27/Jan/2011:15:10:27 +0100] "GET /images/bottom.jpg HTTP/1.1" 304 - "http://revision-zero.org/" "Mozilla/5.0 (Macintosh; U; Intel Mac OS X 10_5_8; en-US) AppleWebKit/534.10 (KHTML, like Gecko) Chrome/8.0.552.237 Safari/534.10"
130.104.228.27 - - [27/Jan/2011:15:10:27 +0100] "GET /images/menubg.jpg HTTP/1.1" 304 - "http://revision-zero.org/" "Mozilla/5.0 (Macintosh; U; Intel Mac OS X 10_5_8; en-US) AppleWebKit/534.10 (KHTML, like Gecko) Chrome/8.0.552.237 Safari/534.10"
130.104.228.27 - - [27/Jan/2011:15:10:27 +0100] "GET /images/contenth2.jpg HTTP/1.1" 304 - "http://revision-zero.org/" "Mozilla/5.0 (Macintosh; U; Intel Mac OS X 10_5_8; en-US) AppleWebKit/534.10 (KHTML, like Gecko) Chrome/8.0.552.237 Safari/534.10"
130.104.228.27 - - [27/Jan/2011:15:10:27 +0100] "GET /images/top.jpg HTTP/1.1" 304 - "http://revision-zero.org/" "Mozilla/5.0 (Macintosh; U; Intel Mac OS X 10_5_8; en-US) AppleWebKit/534.10 (KHTML, like Gecko) Chrome/8.0.552.237 Safari/534.10"
130.104.228.27 - - [27/Jan/2011:15:10:27 +0100] "GET /images/valid-css.gif HTTP/1.1" 304 - "http://revision-zero.org/" "Mozilla/5.0 (Macintosh; U; Intel Mac OS X 10_5_8; en-US) AppleWebKit/534.10 (KHTML, like Gecko) Chrome/8.0.552.237 Safari/534.10"
130.104.228.27 - - [27/Jan/2011:15:10:27 +0100] "GET /images/valid-xhtml.png HTTP/1.1" 304 - "http://revision-zero.org/" "Mozilla/5.0 (Macintosh; U; Intel Mac OS X 10_5_8; en-US) AppleWebKit/534.10 (KHTML, like Gecko) Chrome/8.0.552.237 Safari/534.10"
130.104.228.27 - - [27/Jan/2011:15:10:27 +0100] "GET /favicon.ico HTTP/1.1" 404 36 "-" "Mozilla/5.0 (Macintosh; U; Intel Mac OS X 10_5_8; en-US) AppleWebKit/534.10 (KHTML, like Gecko) Chrome/8.0.552.237 Safari/534.10"
85.17.171.225 - - [27/Jan/2011:15:17:19 +0100] "GET /robots.txt HTTP/1.1" 404 36 "-" "Mozilla/5.0 (compatible; Plukkie/1.3; http://www.botje.com/plukkie.htm)"
85.17.171.225 - - [27/Jan/2011:15:17:19 +0100] "GET / HTTP/1.1" 200 6976 "-" "Mozilla/5.0 (compatible; Plukkie/1.3; http://www.botje.com/plukkie.htm)"
130.104.228.27 - - [27/Jan/2011:15:28:03 +0100] "GET /favicon.ico HTTP/1.1" 404 36 "-" "Mozilla/5.0 (Macintosh; U; Intel Mac OS X 10_5_8; en-US) AppleWebKit/534.10 (KHTML, like Gecko) Chrome/8.0.552.237 Safari/534.10"
207.46.13.53 - - [27/Jan/2011:15:29:18 +0100] "GET /robots.txt HTTP/1.1" 404 18 "-" "Mozilla/5.0 (compatible; bingbot/2.0; +http://www.bing.com/bingbot.htm)"
207.46.13.53 - - [27/Jan/2011:15:32:05 +0100] "GET /4 HTTP/1.1" 200 6696 "-" "Mozilla/5.0 (compatible; bingbot/2.0; +http://www.bing.com/bingbot.htm)"
89.105.29.66 - - [27/Jan/2011:15:32:47 +0100] "GET / HTTP/1.1" 200 6976 "http://www.reddit.com/new/" "Mozilla/5.0 (Windows; U; Windows NT 6.0; en-US) AppleWebKit/534.10 (KHTML, like Gecko) Chrome/8.0.552.237 Safari/534.10"
89.105.29.66 - - [27/Jan/2011:15:32:48 +0100] "GET /css/style.css HTTP/1.1" 200 10516 "http://revision-zero.org/" "Mozilla/5.0 (Windows; U; Windows NT 6.0; en-US) AppleWebKit/534.10 (KHTML, like Gecko) Chrome/8.0.552.237 Safari/534.10"
89.105.29.66 - - [27/Jan/2011:15:32:48 +0100] "GET /js/revzero.js HTTP/1.1" 200 752 "http://revision-zero.org/" "Mozilla/5.0 (Windows; U; Windows NT 6.0; en-US) AppleWebKit/534.10 (KHTML, like Gecko) Chrome/8.0.552.237 Safari/534.10"
89.105.29.66 - - [27/Jan/2011:15:32:48 +0100] "GET /js/jquery-1.4.1.min.js HTTP/1.1" 200 70843 "http://revision-zero.org/" "Mozilla/5.0 (Windows; U; Windows NT 6.0; en-US) AppleWebKit/534.10 (KHTML, like Gecko) Chrome/8.0.552.237 Safari/534.10"
89.105.29.66 - - [27/Jan/2011:15:32:48 +0100] "GET /images/mail.png HTTP/1.1" 200 1321 "http://revision-zero.org/" "Mozilla/5.0 (Windows; U; Windows NT 6.0; en-US) AppleWebKit/534.10 (KHTML, like Gecko) Chrome/8.0.552.237 Safari/534.10"
89.105.29.66 - - [27/Jan/2011:15:32:48 +0100] "GET /images/twitter.png HTTP/1.1" 200 2072 "http://revision-zero.org/" "Mozilla/5.0 (Windows; U; Windows NT 6.0; en-US) AppleWebKit/534.10 (KHTML, like Gecko) Chrome/8.0.552.237 Safari/534.10"
89.105.29.66 - - [27/Jan/2011:15:32:48 +0100] "GET /images/github.png HTTP/1.1" 200 1655 "http://revision-zero.org/" "Mozilla/5.0 (Windows; U; Windows NT 6.0; en-US) AppleWebKit/534.10 (KHTML, like Gecko) Chrome/8.0.552.237 Safari/534.10"
89.105.29.66 - - [27/Jan/2011:15:32:48 +0100] "GET /images/rss.png HTTP/1.1" 200 2050 "http://revision-zero.org/" "Mozilla/5.0 (Windows; U; Windows NT 6.0; en-US) AppleWebKit/534.10 (KHTML, like Gecko) Chrome/8.0.552.237 Safari/534.10"
89.105.29.66 - - [27/Jan/2011:15:32:48 +0100] "GET /images/top.jpg HTTP/1.1" 200 3529 "http://revision-zero.org/" "Mozilla/5.0 (Windows; U; Windows NT 6.0; en-US) AppleWebKit/534.10 (KHTML, like Gecko) Chrome/8.0.552.237 Safari/534.10"
89.105.29.66 - - [27/Jan/2011:15:32:48 +0100] "GET /images/content.jpg HTTP/1.1" 200 466 "http://revision-zero.org/" "Mozilla/5.0 (Windows; U; Windows NT 6.0; en-US) AppleWebKit/534.10 (KHTML, like Gecko) Chrome/8.0.552.237 Safari/534.10"
89.105.29.66 - - [27/Jan/2011:15:32:48 +0100] "GET /images/menubg.jpg HTTP/1.1" 200 557 "http://revision-zero.org/" "Mozilla/5.0 (Windows; U; Windows NT 6.0; en-US) AppleWebKit/534.10 (KHTML, like Gecko) Chrome/8.0.552.237 Safari/534.10"
89.105.29.66 - - [27/Jan/2011:15:32:48 +0100] "GET /images/contenth2.jpg HTTP/1.1" 200 346 "http://revision-zero.org/" "Mozilla/5.0 (Windows; U; Windows NT 6.0; en-US) AppleWebKit/534.10 (KHTML, like Gecko) Chrome/8.0.552.237 Safari/534.10"
89.105.29.66 - - [27/Jan/2011:15:32:48 +0100] "GET /images/bottom.jpg HTTP/1.1" 200 2521 "http://revision-zero.org/" "Mozilla/5.0 (Windows; U; Windows NT 6.0; en-US) AppleWebKit/534.10 (KHTML, like Gecko) Chrome/8.0.552.237 Safari/534.10"
89.105.29.66 - - [27/Jan/2011:15:32:48 +0100] "GET /images/valid-css.gif HTTP/1.1" 200 1547 "http://revision-zero.org/" "Mozilla/5.0 (Windows; U; Windows NT 6.0; en-US) AppleWebKit/534.10 (KHTML, like Gecko) Chrome/8.0.552.237 Safari/534.10"
89.105.29.66 - - [27/Jan/2011:15:32:48 +0100] "GET /images/valid-xhtml.png HTTP/1.1" 200 1882 "http://revision-zero.org/" "Mozilla/5.0 (Windows; U; Windows NT 6.0; en-US) AppleWebKit/534.10 (KHTML, like Gecko) Chrome/8.0.552.237 Safari/534.10"
89.105.29.66 - - [27/Jan/2011:15:32:48 +0100] "GET /favicon.ico HTTP/1.1" 404 36 "-" "Mozilla/5.0 (Windows; U; Windows NT 6.0; en-US) AppleWebKit/534.10 (KHTML, like Gecko) Chrome/8.0.552.237 Safari/534.10"
195.149.115.152 - - [27/Jan/2011:15:36:14 +0100] "GET /logical_data_independence HTTP/1.0" 200 16843 "http://www.revision-zero.org/logical_data_independence" "Mozilla/4.0 (compatible; MSIE 6.0; Windows NT 5.1; SV1; .NET CLR 1.0.3705; .NET CLR 1.1.4322; .NET CLR 2.0.40607)"
67.174.173.223 - - [27/Jan/2011:15:41:38 +0100] "GET / HTTP/1.1" 200 6976 "http://www.reddit.com/new/?sort=new&count=50&after=t3_fa1hs" "Mozilla/5.0 (Windows; U; Windows NT 6.1; en-US; rv:1.9.2.13) Gecko/20101211 Firefox/3.6.13 (Palemoon/3.6.13)"
67.174.173.223 - - [27/Jan/2011:15:41:38 +0100] "GET /images/github.png HTTP/1.1" 200 1655 "http://revision-zero.org/" "Mozilla/5.0 (Windows; U; Windows NT 6.1; en-US; rv:1.9.2.13) Gecko/20101211 Firefox/3.6.13 (Palemoon/3.6.13)"
67.174.173.223 - - [27/Jan/2011:15:41:38 +0100] "GET /images/rss.png HTTP/1.1" 200 2050 "http://revision-zero.org/" "Mozilla/5.0 (Windows; U; Windows NT 6.1; en-US; rv:1.9.2.13) Gecko/20101211 Firefox/3.6.13 (Palemoon/3.6.13)"
67.174.173.223 - - [27/Jan/2011:15:41:38 +0100] "GET /css/style.css HTTP/1.1" 200 10516 "http://revision-zero.org/" "Mozilla/5.0 (Windows; U; Windows NT 6.1; en-US; rv:1.9.2.13) Gecko/20101211 Firefox/3.6.13 (Palemoon/3.6.13)"
67.174.173.223 - - [27/Jan/2011:15:41:38 +0100] "GET /images/twitter.png HTTP/1.1" 200 2072 "http://revision-zero.org/" "Mozilla/5.0 (Windows; U; Windows NT 6.1; en-US; rv:1.9.2.13) Gecko/20101211 Firefox/3.6.13 (Palemoon/3.6.13)"
67.174.173.223 - - [27/Jan/2011:15:41:38 +0100] "GET /images/mail.png HTTP/1.1" 200 1321 "http://revision-zero.org/" "Mozilla/5.0 (Windows; U; Windows NT 6.1; en-US; rv:1.9.2.13) Gecko/20101211 Firefox/3.6.13 (Palemoon/3.6.13)"
67.174.173.223 - - [27/Jan/2011:15:41:38 +0100] "GET /js/revzero.js HTTP/1.1" 200 752 "http://revision-zero.org/" "Mozilla/5.0 (Windows; U; Windows NT 6.1; en-US; rv:1.9.2.13) Gecko/20101211 Firefox/3.6.13 (Palemoon/3.6.13)"
67.174.173.223 - - [27/Jan/2011:15:41:38 +0100] "GET /js/jquery-1.4.1.min.js HTTP/1.1" 200 70843 "http://revision-zero.org/" "Mozilla/5.0 (Windows; U; Windows NT 6.1; en-US; rv:1.9.2.13) Gecko/20101211 Firefox/3.6.13 (Palemoon/3.6.13)"
67.174.173.223 - - [27/Jan/2011:15:41:39 +0100] "GET /images/valid-xhtml.png HTTP/1.1" 200 1882 "http://revision-zero.org/" "Mozilla/5.0 (Windows; U; Windows NT 6.1; en-US; rv:1.9.2.13) Gecko/20101211 Firefox/3.6.13 (Palemoon/3.6.13)"
67.174.173.223 - - [27/Jan/2011:15:41:39 +0100] "GET /images/top.jpg HTTP/1.1" 200 3529 "http://revision-zero.org/css/style.css" "Mozilla/5.0 (Windows; U; Windows NT 6.1; en-US; rv:1.9.2.13) Gecko/20101211 Firefox/3.6.13 (Palemoon/3.6.13)"
67.174.173.223 - - [27/Jan/2011:15:41:39 +0100] "GET /images/valid-css.gif HTTP/1.1" 200 1547 "http://revision-zero.org/" "Mozilla/5.0 (Windows; U; Windows NT 6.1; en-US; rv:1.9.2.13) Gecko/20101211 Firefox/3.6.13 (Palemoon/3.6.13)"
67.174.173.223 - - [27/Jan/2011:15:41:39 +0100] "GET /images/menubg.jpg HTTP/1.1" 200 557 "http://revision-zero.org/css/style.css" "Mozilla/5.0 (Windows; U; Windows NT 6.1; en-US; rv:1.9.2.13) Gecko/20101211 Firefox/3.6.13 (Palemoon/3.6.13)"
67.174.173.223 - - [27/Jan/2011:15:41:39 +0100] "GET /images/content.jpg HTTP/1.1" 200 466 "http://revision-zero.org/css/style.css" "Mozilla/5.0 (Windows; U; Windows NT 6.1; en-US; rv:1.9.2.13) Gecko/20101211 Firefox/3.6.13 (Palemoon/3.6.13)"
67.174.173.223 - - [27/Jan/2011:15:41:39 +0100] "GET /images/contenth2.jpg HTTP/1.1" 200 346 "http://revision-zero.org/css/style.css" "Mozilla/5.0 (Windows; U; Windows NT 6.1; en-US; rv:1.9.2.13) Gecko/20101211 Firefox/3.6.13 (Palemoon/3.6.13)"
67.174.173.223 - - [27/Jan/2011:15:41:40 +0100] "GET /images/bottom.jpg HTTP/1.1" 200 2521 "http://revision-zero.org/css/style.css" "Mozilla/5.0 (Windows; U; Windows NT 6.1; en-US; rv:1.9.2.13) Gecko/20101211 Firefox/3.6.13 (Palemoon/3.6.13)"
67.174.173.223 - - [27/Jan/2011:15:41:40 +0100] "GET /favicon.ico HTTP/1.1" 404 36 "-" "Mozilla/5.0 (Windows; U; Windows NT 6.1; en-US; rv:1.9.2.13) Gecko/20101211 Firefox/3.6.13 (Palemoon/3.6.13)"
67.174.173.223 - - [27/Jan/2011:15:41:40 +0100] "GET /favicon.ico HTTP/1.1" 404 36 "-" "Mozilla/5.0 (Windows; U; Windows NT 6.1; en-US; rv:1.9.2.13) Gecko/20101211 Firefox/3.6.13 (Palemoon/3.6.13)"
67.174.173.223 - - [27/Jan/2011:15:41:43 +0100] "GET /favicon.ico HTTP/1.1" 404 36 "-" "Mozilla/5.0 (Windows; U; Windows NT 6.1; en-US; rv:1.9.2.13) Gecko/20101211 Firefox/3.6.13 (Palemoon/3.6.13)"
72.14.199.76 - - [27/Jan/2011:15:59:28 +0100] "GET /rss HTTP/1.1" 304 - "-" "Feedfetcher-Google; (+http://www.google.com/feedfetcher.html; 6 subscribers; feed-id=9468211748000248502)"
67.195.112.27 - - [27/Jan/2011:16:15:56 +0100] "GET /robots.txt HTTP/1.0" 404 36 "-" "Mozilla/5.0 (compatible; Yahoo! Slurp; http://help.yahoo.com/help/us/ysearch/slurp)"
67.195.112.27 - - [27/Jan/2011:16:15:57 +0100] "GET /logical_data_independence HTTP/1.0" 200 6116 "-" "Mozilla/5.0 (compatible; Yahoo! Slurp; http://help.yahoo.com/help/us/ysearch/slurp)"
67.195.112.27 - - [27/Jan/2011:16:15:57 +0100] "GET /css/style.css HTTP/1.0" 200 10516 "http://www.revision-zero.org/logical_data_independence" "Mozilla/5.0 (compatible; Yahoo! Slurp; http://help.yahoo.com/help/us/ysearch/slurp)"
95.108.158.244 - - [27/Jan/2011:16:19:21 +0100] "GET /images/rss.png HTTP/1.1" 200 2050 "-" "Mozilla/5.0 (compatible; YandexImages/3.0; +http://yandex.com/bots)"
220.181.108.114 - - [27/Jan/2011:16:23:51 +0100] "GET /images/valid-css.gif HTTP/1.1" 200 1547 "-" "Baiduspider-image+(+http://www.baidu.com/search/spider.htm)"
74.207.222.74 - - [27/Jan/2011:16:36:37 +0100] "GET /kernel_dot_spawn HTTP/1.1" 200 3644 "http://www.google.com/url?sa=t&source=web&cd=3&ved=0CCMQFjAC&url=http%3A%2F%2Fwww.revision-zero.org%2Fkernel_dot_spawn&rct=j&q=using%23%20spawn%20option%20Kernel.spawn.&ei=-ZBBTczuEI7PgAef5uDvAQ&usg=AFQjCNHLfb07BR1iLMeKuWBC-4ZENIdPNg&sig2=pkL8UJ--tSD2lbhereupzg" "Mozilla/5.0 (Macintosh; U; Intel Mac OS X 10_6_6; en-US) AppleWebKit/534.13 (KHTML, like Gecko) Chrome/9.0.597.83 Safari/534.13"
74.207.222.74 - - [27/Jan/2011:16:36:37 +0100] "GET /js/revzero.js HTTP/1.1" 200 752 "http://www.revision-zero.org/kernel_dot_spawn" "Mozilla/5.0 (Macintosh; U; Intel Mac OS X 10_6_6; en-US) AppleWebKit/534.13 (KHTML, like Gecko) Chrome/9.0.597.83 Safari/534.13"
74.207.222.74 - - [27/Jan/2011:16:36:37 +0100] "GET /css/style.css HTTP/1.1" 200 10516 "http://www.revision-zero.org/kernel_dot_spawn" "Mozilla/5.0 (Macintosh; U; Intel Mac OS X 10_6_6; en-US) AppleWebKit/534.13 (KHTML, like Gecko) Chrome/9.0.597.83 Safari/534.13"
74.207.222.74 - - [27/Jan/2011:16:36:37 +0100] "GET /images/mail.png HTTP/1.1" 200 1321 "http://www.revision-zero.org/kernel_dot_spawn" "Mozilla/5.0 (Macintosh; U; Intel Mac OS X 10_6_6; en-US) AppleWebKit/534.13 (KHTML, like Gecko) Chrome/9.0.597.83 Safari/534.13"
74.207.222.74 - - [27/Jan/2011:16:36:37 +0100] "GET /images/twitter.png HTTP/1.1" 200 2072 "http://www.revision-zero.org/kernel_dot_spawn" "Mozilla/5.0 (Macintosh; U; Intel Mac OS X 10_6_6; en-US) AppleWebKit/534.13 (KHTML, like Gecko) Chrome/9.0.597.83 Safari/534.13"
74.207.222.74 - - [27/Jan/2011:16:36:37 +0100] "GET /images/github.png HTTP/1.1" 200 1655 "http://www.revision-zero.org/kernel_dot_spawn" "Mozilla/5.0 (Macintosh; U; Intel Mac OS X 10_6_6; en-US) AppleWebKit/534.13 (KHTML, like Gecko) Chrome/9.0.597.83 Safari/534.13"
74.207.222.74 - - [27/Jan/2011:16:36:37 +0100] "GET /images/rss.png HTTP/1.1" 200 2050 "http://www.revision-zero.org/kernel_dot_spawn" "Mozilla/5.0 (Macintosh; U; Intel Mac OS X 10_6_6; en-US) AppleWebKit/534.13 (KHTML, like Gecko) Chrome/9.0.597.83 Safari/534.13"
74.207.222.74 - - [27/Jan/2011:16:36:37 +0100] "GET /js/jquery-1.4.1.min.js HTTP/1.1" 200 70843 "http://www.revision-zero.org/kernel_dot_spawn" "Mozilla/5.0 (Macintosh; U; Intel Mac OS X 10_6_6; en-US) AppleWebKit/534.13 (KHTML, like Gecko) Chrome/9.0.597.83 Safari/534.13"
74.207.222.74 - - [27/Jan/2011:16:36:38 +0100] "GET /images/top.jpg HTTP/1.1" 200 3529 "http://www.revision-zero.org/kernel_dot_spawn" "Mozilla/5.0 (Macintosh; U; Intel Mac OS X 10_6_6; en-US) AppleWebKit/534.13 (KHTML, like Gecko) Chrome/9.0.597.83 Safari/534.13"
74.207.222.74 - - [27/Jan/2011:16:36:38 +0100] "GET /images/content.jpg HTTP/1.1" 200 466 "http://www.revision-zero.org/kernel_dot_spawn" "Mozilla/5.0 (Macintosh; U; Intel Mac OS X 10_6_6; en-US) AppleWebKit/534.13 (KHTML, like Gecko) Chrome/9.0.597.83 Safari/534.13"
74.207.222.74 - - [27/Jan/2011:16:36:38 +0100] "GET /images/contenth2.jpg HTTP/1.1" 200 346 "http://www.revision-zero.org/kernel_dot_spawn" "Mozilla/5.0 (Macintosh; U; Intel Mac OS X 10_6_6; en-US) AppleWebKit/534.13 (KHTML, like Gecko) Chrome/9.0.597.83 Safari/534.13"
74.207.222.74 - - [27/Jan/2011:16:36:38 +0100] "GET /images/bottom.jpg HTTP/1.1" 200 2521 "http://www.revision-zero.org/kernel_dot_spawn" "Mozilla/5.0 (Macintosh; U; Intel Mac OS X 10_6_6; en-US) AppleWebKit/534.13 (KHTML, like Gecko) Chrome/9.0.597.83 Safari/534.13"
